..........F.........                                                     [100%]
=================================== FAILURES ===================================
__________ test_front_camera_stays_outside_marker_at_terminal_capture __________

    def test_front_camera_stays_outside_marker_at_terminal_capture():
        import math
        import xml.etree.ElementTree as ET
        from uav_control.perception.rgbd_target_localizer import local_ned_target_to_camera_flu
    
        model = CONFIG_FILE.parent.parent / 'models/x500_mono_cam/model.sdf'
        pose = tuple(float(value) for value in ET.parse(model).find(
            ".//link[@name='front_camera_link']/pose").text.split())
        translation = (*pose[:2], pose[2] + .24)
        # Representative physical contact: UAV reference is 0.30 m behind and
        # 0.39 m above USV reference; rendered marker center is 0.42 m above it.
        ray = local_ned_target_to_camera_flu(
            (0., 0., -.42), (-.30, 0., -.39), (1., 0., 0., 0.), translation, pose[4])
        distance = math.sqrt(sum(value * value for value in ray))
>       assert distance > .25 + .05  # marker radius plus the RGB/depth near clip
E       assert 0.16763054614240214 > (0.25 + 0.05)

test/test_modular_configuration.py:223: AssertionError
=========================== short test summary info ============================
FAILED test/test_modular_configuration.py::test_front_camera_stays_outside_marker_at_terminal_capture
1 failed, 19 passed in 0.74s
