PHASE INIT Y elapsed None
PHASE GROUND_HOLD Y elapsed None
X SENT 2
PHASE TAKEOFF Y elapsed None
X SENT 1
X SENT 0
PHASE FOLLOW Y elapsed None
Y SENT after stable FOLLOW
PHASE FAR_GUIDANCE Y elapsed 0.004
PLAN 1 1016 HORIZON_INSUFFICIENT   age 0.0545 0.0713 0.0743 t_go 0.0
PLAN 2 1021 HORIZON_INSUFFICIENT   age 0.0513 0.064 0.0662 t_go 0.0
PLAN 3 1026 HORIZON_INSUFFICIENT   age 0.0508 0.0627 0.0643 t_go 0.0
PLAN 4 1031 HORIZON_INSUFFICIENT   age 0.0345 0.0492 0.0499 t_go 0.0
PLAN 5 1035 HORIZON_INSUFFICIENT   age 0.0401 0.0511 0.0516 t_go 0.0
PLAN 6 1039 HORIZON_INSUFFICIENT   age 0.0441 0.0555 0.0561 t_go 0.0
PLAN 7 1044 HORIZON_INSUFFICIENT   age 0.0549 0.0705 0.0707 t_go 0.0
PLAN 8 1049 HORIZON_INSUFFICIENT   age 0.0404 0.0611 0.0663 t_go 0.0
PLAN 9 1054 HORIZON_INSUFFICIENT   age 0.0426 0.0727 0.073 t_go 0.0
PLAN 10 1059 HORIZON_INSUFFICIENT   age 0.0312 0.0508 0.051 t_go 0.0
PLAN 11 1063 HORIZON_INSUFFICIENT   age 0.0393 0.0754 0.0771 t_go 0.0
PLAN 12 1067 HORIZON_INSUFFICIENT   age 0.041 0.0707 0.0709 t_go 0.0
PLAN 13 1072 HORIZON_INSUFFICIENT   age 0.0438 0.0789 0.0842 t_go 0.0
PLAN 14 1076 HORIZON_INSUFFICIENT   age 0.0506 0.0872 0.0942 t_go 0.0
PLAN 15 1081 HORIZON_INSUFFICIENT   age 0.0325 0.054 0.0563 t_go 0.0
PLAN 16 1085 DYNAMIC_LIMIT_HORIZONTAL   age 0.0385 0.0677 0.0766 t_go 0.0
PLAN 17 1090 DYNAMIC_LIMIT_HORIZONTAL   age 0.0486 0.068 0.0742 t_go 0.0
PLAN 18 1095 NONE   age 0.0427 0.0532 0.0563 t_go 1.5
PLAN 19 1099 NONE   age 0.0428 0.0617 0.0664 t_go 1.5
PLAN 20 1103 NONE   age 0.051 0.0622 0.0664 t_go 1.5
PLAN 21 1108 NONE   age 0.055 0.0697 0.0743 t_go 1.5
PLAN 22 1113 NONE   age 0.0564 0.069 0.0763 t_go 1.5
PLAN 23 1118 NONE   age 0.049 0.0583 0.0643 t_go 1.5
PHASE MINCO_READY Y elapsed 5.144
PHASE MINCO_TRACKING Y elapsed 5.148
PLAN 24 1123 NONE   age 0.0406 0.0502 0.0863 t_go 1.207
PHASE MINCO_READY Y elapsed 5.421
PHASE MINCO_TRACKING Y elapsed 5.448
PHASE TERMINAL_MINCO Y elapsed 5.568
PLAN 25 1128 NONE   age 0.0397 0.0431 0.0942 t_go 0.956
PLAN 26 1130 NONE   age 0.0413 0.044 0.0942 t_go 0.854
PLAN 27 1132 NONE   age 0.0493 0.0519 0.0942 t_go 0.746
PLAN 28 1135 NONE   age 0.036 0.0416 0.0863 t_go 0.917
PLAN 29 1137 DYNAMIC_LIMIT_HORIZONTAL   age 0.0363 0.0484 0.0563 t_go 0.0
PLAN 30 1140 DYNAMIC_LIMIT_HORIZONTAL   age 0.0368 0.0486 0.0544 t_go 0.0
RESULT {'stamp': {'sec': 1791248470, 'nanosec': 669395685}, 'mission_id': 1, 'success': True, 'outcome': 'SUCCESS', 'reason': 'CAPTURE_RADIUS_REACHED', 'detail': 'determined by simulation truth in evaluator only', 'elapsed_time': 6.449858665466309, 'capture_radius': 0.5, 'minimum_distance': 0.44081502479408957, 'horizontal_distance': 0.2857013968397455, 'vertical_error': 0.3356971818887255, 'relative_speed': 2.573472590247258, 'closing_speed': 1.6762751427482299, 'max_horizontal_speed': 6.569885828698179, 'max_vertical_speed': 2.762614983649949, 'max_horizontal_acceleration': 3.6279375145886132, 'max_vertical_acceleration': 3.732110878715116}
