PHASE INIT Y elapsed None
PHASE GROUND_HOLD Y elapsed None
X SENT 2
PHASE TAKEOFF Y elapsed None
X SENT 1
X SENT 0
PHASE FOLLOW Y elapsed None
Y SENT after stable FOLLOW
PHASE FAR_GUIDANCE Y elapsed 0.002
PLAN 1 775 HORIZON_INSUFFICIENT   age 0.0449 0.0604 0.0606 t_go 0.0
PLAN 2 779 HORIZON_INSUFFICIENT   age 0.048 0.0598 0.0614 t_go 0.0
PLAN 3 783 HORIZON_INSUFFICIENT   age 0.0487 0.0599 0.0612 t_go 0.0
PLAN 4 788 HORIZON_INSUFFICIENT   age 0.0483 0.061 0.0634 t_go 0.0
PLAN 5 793 HORIZON_INSUFFICIENT   age 0.0499 0.0584 0.0586 t_go 0.0
PLAN 6 798 HORIZON_INSUFFICIENT   age 0.061 0.0686 0.0688 t_go 0.0
PLAN 7 803 HORIZON_INSUFFICIENT   age 0.0577 0.0712 0.0719 t_go 0.0
PLAN 8 808 HORIZON_INSUFFICIENT   age 0.0565 0.0682 0.0684 t_go 0.0
PLAN 9 813 HORIZON_INSUFFICIENT   age 0.0407 0.0592 0.0614 t_go 0.0
PLAN 10 817 HORIZON_INSUFFICIENT   age 0.0483 0.0798 0.0814 t_go 0.0
PLAN 11 821 DYNAMIC_LIMIT_HORIZONTAL   age 0.0547 0.1048 0.1115 t_go 0.0
PLAN 12 825 DYNAMIC_LIMIT_HORIZONTAL   age 0.0575 0.0982 0.0989 t_go 0.0
PLAN 13 830 HORIZON_INSUFFICIENT   age 0.0644 0.0905 0.0908 t_go 0.0
PLAN 14 835 DYNAMIC_LIMIT_HORIZONTAL   age 0.0624 0.0982 0.1015 t_go 0.0
PLAN 15 840 HORIZON_INSUFFICIENT   age 0.0553 0.1038 0.1066 t_go 0.0
PLAN 16 845 DYNAMIC_LIMIT_HORIZONTAL   age 0.0408 0.0665 0.0714 t_go 0.0
PLAN 17 849 DYNAMIC_LIMIT_HORIZONTAL   age 0.0438 0.0784 0.0814 t_go 0.0
PLAN 18 853 NONE   age 0.049 0.0607 0.0615 t_go 1.5
PLAN 19 858 NONE   age 0.0536 0.0672 0.0735 t_go 1.5
PLAN 20 862 NONE   age 0.0563 0.0682 0.0735 t_go 1.5
PLAN 21 867 NONE   age 0.0536 0.0642 0.0715 t_go 1.5
PLAN 22 871 NONE   age 0.0533 0.0654 0.0715 t_go 1.5
PLAN 23 876 NONE   age 0.0514 0.0716 0.0735 t_go 1.5
PHASE MINCO_READY Y elapsed 5.101
PHASE MINCO_TRACKING Y elapsed 5.102
PLAN 24 881 NONE   age 0.0439 0.0591 0.1015 t_go 1.196
PHASE MINCO_READY Y elapsed 5.398
PHASE MINCO_TRACKING Y elapsed 5.402
PHASE TERMINAL_MINCO Y elapsed 5.526
PLAN 25 885 delay=0.009180,locked_contact_unreachable=False CONTACT_TIME_POLICY delay=0.009180,locked_contact_unreachable=False age 0.0491 0.0559 0.1015 t_go 0.0
PLAN 26 888 NONE   age 0.0391 0.0442 0.0934 t_go 0.853
PLAN 27 890 NONE   age 0.0417 0.0458 0.0935 t_go 0.75
PLAN 28 893 NONE   age 0.0407 0.0497 0.0914 t_go 0.895
PLAN 29 896 NONE   age 0.0394 0.0451 0.0934 t_go 0.83
PLAN 30 898 DYNAMIC_LIMIT_HORIZONTAL   age 0.0499 0.0643 0.0735 t_go 0.0
RESULT {'stamp': {'sec': 1791248623, 'nanosec': 757425785}, 'mission_id': 1, 'success': True, 'outcome': 'SUCCESS', 'reason': 'CAPTURE_RADIUS_REACHED', 'detail': 'determined by simulation truth in evaluator only', 'elapsed_time': 6.450459957122803, 'capture_radius': 0.5, 'minimum_distance': 0.4916855112082142, 'horizontal_distance': 0.32219979571007196, 'vertical_error': 0.37140534941822095, 'relative_speed': 2.3154106439825086, 'closing_speed': 1.2189270122897533, 'max_horizontal_speed': 6.3591331553450265, 'max_vertical_speed': 2.7517462084067494, 'max_horizontal_acceleration': 3.6228518446057136, 'max_vertical_acceleration': 4.338720341414059}
