FF                                                                       [100%]
=================================== FAILURES ===================================
__ test_capture_pauses_world_and_finalizes_once_even_if_transport_fails[True] __

tmp_path = PosixPath('/tmp/pytest-of-qin/pytest-17/test_capture_pauses_world_and_0')
transport_succeeds = True

    @pytest.mark.parametrize('transport_succeeds', [True, False])
    def test_capture_pauses_world_and_finalizes_once_even_if_transport_fails(
            tmp_path, transport_succeeds):
        """A successful capture must not leave physics/logging running forever."""
        from uav_control.evaluation.gazebo_terminal import GazeboTerminalPauser
    
        node = node_fixture(tmp_path)
        node.evaluator.capture_radius = .5
        phase(node, 'TAKEOFF', 10.)
        phase(node, 'FAR_GUIDANCE', 11., intercept=True)
        paths = node.writer.paths
        node.pause_gazebo_on_success = True
        requests = []
        node.gazebo_pauser = GazeboTerminalPauser(
            lambda: requests.append(True) or transport_succeeds,
            retry_delay=0.,
        )
        node.get_logger = lambda: SimpleNamespace(
            info=lambda _: None, warn=lambda _: None)
        node.latest_uav = KinematicState((0., 0., -.33), (5.5, 0., 0.))
        node.latest_truth = KinematicState((0., 0., 0.), (4., 0., 0.))
        node.uav_history.add(11.01, node.latest_uav)
        node.truth_history.add(11.01, node.latest_truth)
        node.clock_value = 11.01
        results = []
        node.result_pub = SimpleNamespace(publish=results.append)
        node.timer_callback()
    
>       assert node.writer is None
E       assert <uav_control.evaluation.intercept_evaluator.ExperimentArtifactWriter object at 0x743a1dce7e50> is None
E        +  where <uav_control.evaluation.intercept_evaluator.ExperimentArtifactWriter object at 0x743a1dce7e50> = <uav_control.evaluation.intercept_evaluator_node.InterceptEvaluatorNode object at 0x743a1dce6a70>.writer

test/test_run_logging.py:391: AssertionError
_ test_capture_pauses_world_and_finalizes_once_even_if_transport_fails[False] __

tmp_path = PosixPath('/tmp/pytest-of-qin/pytest-17/test_capture_pauses_world_and_1')
transport_succeeds = False

    @pytest.mark.parametrize('transport_succeeds', [True, False])
    def test_capture_pauses_world_and_finalizes_once_even_if_transport_fails(
            tmp_path, transport_succeeds):
        """A successful capture must not leave physics/logging running forever."""
        from uav_control.evaluation.gazebo_terminal import GazeboTerminalPauser
    
        node = node_fixture(tmp_path)
        node.evaluator.capture_radius = .5
        phase(node, 'TAKEOFF', 10.)
        phase(node, 'FAR_GUIDANCE', 11., intercept=True)
        paths = node.writer.paths
        node.pause_gazebo_on_success = True
        requests = []
        node.gazebo_pauser = GazeboTerminalPauser(
            lambda: requests.append(True) or transport_succeeds,
            retry_delay=0.,
        )
        node.get_logger = lambda: SimpleNamespace(
            info=lambda _: None, warn=lambda _: None)
        node.latest_uav = KinematicState((0., 0., -.33), (5.5, 0., 0.))
        node.latest_truth = KinematicState((0., 0., 0.), (4., 0., 0.))
        node.uav_history.add(11.01, node.latest_uav)
        node.truth_history.add(11.01, node.latest_truth)
        node.clock_value = 11.01
        results = []
        node.result_pub = SimpleNamespace(publish=results.append)
        node.timer_callback()
    
>       assert node.writer is None
E       assert <uav_control.evaluation.intercept_evaluator.ExperimentArtifactWriter object at 0x743a1746a4d0> is None
E        +  where <uav_control.evaluation.intercept_evaluator.ExperimentArtifactWriter object at 0x743a1746a4d0> = <uav_control.evaluation.intercept_evaluator_node.InterceptEvaluatorNode object at 0x743a1746a590>.writer

test/test_run_logging.py:391: AssertionError
=========================== short test summary info ============================
FAILED test/test_run_logging.py::test_capture_pauses_world_and_finalizes_once_even_if_transport_fails[True]
FAILED test/test_run_logging.py::test_capture_pauses_world_and_finalizes_once_even_if_transport_fails[False]
2 failed, 15 deselected in 0.30s
