PHASE INIT Y elapsed None
PHASE GROUND_HOLD Y elapsed None
X SENT 2
PHASE TAKEOFF Y elapsed None
X SENT 1
X SENT 0
PHASE FOLLOW Y elapsed None
Y SENT after stable FOLLOW
PHASE FAR_GUIDANCE Y elapsed 0.001
PLAN 1 770 HORIZON_INSUFFICIENT   age 0.0395 0.0523 0.0525 t_go 0.0
PLAN 2 775 HORIZON_INSUFFICIENT   age 0.0305 0.0394 0.0397 t_go 0.0
PLAN 3 779 HORIZON_INSUFFICIENT   age 0.039 0.0517 0.0522 t_go 0.0
PLAN 4 784 HORIZON_INSUFFICIENT   age 0.0356 0.0455 0.0457 t_go 0.0
PLAN 5 788 HORIZON_INSUFFICIENT   age 0.0446 0.0533 0.0535 t_go 0.0
PLAN 6 793 HORIZON_INSUFFICIENT   age 0.0418 0.0477 0.0478 t_go 0.0
PLAN 7 798 HORIZON_INSUFFICIENT   age 0.0354 0.0438 0.044 t_go 0.0
PLAN 8 803 HORIZON_INSUFFICIENT   age 0.0399 0.0498 0.05 t_go 0.0
PLAN 9 808 HORIZON_INSUFFICIENT   age 0.0345 0.0573 0.0603 t_go 0.0
PLAN 10 812 HORIZON_INSUFFICIENT   age 0.0362 0.0631 0.0634 t_go 0.0
PLAN 11 817 DYNAMIC_LIMIT_HORIZONTAL   age 0.0381 0.0615 0.0623 t_go 0.0
PLAN 12 822 DYNAMIC_LIMIT_VERTICAL   age 0.0379 0.0586 0.0603 t_go 0.0
PLAN 13 826 DYNAMIC_LIMIT_HORIZONTAL   age 0.041 0.0666 0.0703 t_go 0.0
PLAN 14 831 DYNAMIC_LIMIT_HORIZONTAL   age 0.0315 0.0582 0.0623 t_go 0.0
PLAN 15 835 DYNAMIC_LIMIT_HORIZONTAL   age 0.0373 0.0689 0.0696 t_go 0.0
PLAN 16 840 DYNAMIC_LIMIT_HORIZONTAL   age 0.0366 0.0661 0.0703 t_go 0.0
PLAN 17 845 NONE   age 0.0288 0.0426 0.0428 t_go 1.5
PLAN 18 849 NONE   age 0.0328 0.0476 0.0522 t_go 1.5
PLAN 19 853 NONE   age 0.0344 0.0447 0.0523 t_go 1.5
PLAN 20 858 NONE   age 0.0326 0.0422 0.0503 t_go 1.5
PHASE MINCO_READY Y elapsed 4.437
PHASE MINCO_TRACKING Y elapsed 4.462
PLAN 21 862 NONE   age 0.0363 0.0514 0.0803 t_go 1.254
PHASE MINCO_READY Y elapsed 4.668
PHASE MINCO_TRACKING Y elapsed 4.713
PLAN 22 866 NONE   age 0.0372 0.0406 0.0803 t_go 1.053
PHASE TERMINAL_MINCO Y elapsed 4.912
PLAN 23 868 NONE   age 0.038 0.0412 0.0803 t_go 0.952
PLAN 24 870 NONE   age 0.0409 0.0439 0.0804 t_go 0.849
PLAN 25 873 NONE   age 0.0293 0.0334 0.0724 t_go 0.727
PLAN 26 875 NONE   age 0.0408 0.0491 0.0822 t_go 0.914
PLAN 27 878 NONE   age 0.0361 0.0416 0.0803 t_go 0.845
PLAN 28 880 DYNAMIC_LIMIT_HORIZONTAL   age 0.0363 0.05 0.0502 t_go 0.0
PHASE SAFE_RECOVERY Y elapsed 5.66
RESULT {'stamp': {'sec': 1791195036, 'nanosec': 164996624}, 'mission_id': 1, 'success': True, 'outcome': 'SUCCESS', 'reason': 'CAPTURE_RADIUS_REACHED', 'detail': 'determined by simulation truth in evaluator only', 'elapsed_time': 5.838191986083984, 'capture_radius': 0.5, 'minimum_distance': 0.4910377320260797, 'horizontal_distance': 0.3000198814469651, 'vertical_error': 0.3887237129502972, 'relative_speed': 2.274956913111468, 'closing_speed': 0.7049035635219807, 'max_horizontal_speed': 6.45745041157661, 'max_vertical_speed': 2.7258472192082257, 'max_horizontal_acceleration': 3.6498908689207754, 'max_vertical_acceleration': 4.741726488694885}
