PHASE INIT Y elapsed None
PHASE GROUND_HOLD Y elapsed None
X SENT 2
PHASE TAKEOFF Y elapsed None
X SENT 1
X SENT 0
PHASE FOLLOW Y elapsed None
Y SENT after stable FOLLOW
PHASE FAR_GUIDANCE Y elapsed 0.002
PLAN 1 766 HORIZON_INSUFFICIENT   age 0.0348 0.0465 0.0497 t_go 0.0
PLAN 2 771 HORIZON_INSUFFICIENT   age 0.0361 0.0518 0.052 t_go 0.0
PLAN 3 775 HORIZON_INSUFFICIENT   age 0.0423 0.0521 0.0523 t_go 0.0
PLAN 4 780 HORIZON_INSUFFICIENT   age 0.0294 0.0412 0.0414 t_go 0.0
PLAN 5 784 HORIZON_INSUFFICIENT   age 0.0414 0.0482 0.0498 t_go 0.0
PLAN 6 789 HORIZON_INSUFFICIENT   age 0.0423 0.0497 0.05 t_go 0.0
PLAN 7 794 HORIZON_INSUFFICIENT   age 0.0281 0.0375 0.0396 t_go 0.0
PLAN 8 799 HORIZON_INSUFFICIENT   age 0.038 0.0522 0.0524 t_go 0.0
PLAN 9 804 HORIZON_INSUFFICIENT   age 0.029 0.0489 0.0496 t_go 0.0
PLAN 10 809 HORIZON_INSUFFICIENT   age 0.0368 0.0549 0.0578 t_go 0.0
PLAN 11 814 HORIZON_INSUFFICIENT   age 0.0382 0.057 0.0573 t_go 0.0
PLAN 12 818 HORIZON_INSUFFICIENT   age 0.0404 0.0548 0.0551 t_go 0.0
PLAN 13 823 HORIZON_INSUFFICIENT   age 0.0398 0.0577 0.0582 t_go 0.0
PLAN 14 828 HORIZON_INSUFFICIENT   age 0.0307 0.0479 0.0496 t_go 0.0
PLAN 15 833 HORIZON_INSUFFICIENT   age 0.0466 0.0643 0.0678 t_go 0.0
PLAN 16 838 HORIZON_INSUFFICIENT   age 0.042 0.0737 0.074 t_go 0.0
PLAN 17 843 DYNAMIC_LIMIT_HORIZONTAL   age 0.0428 0.0811 0.0843 t_go 0.0
PLAN 18 848 DYNAMIC_LIMIT_HORIZONTAL   age 0.0241 0.0431 0.0497 t_go 0.0
PLAN 19 852 NONE   age 0.0267 0.0422 0.0424 t_go 1.5
PLAN 20 857 NONE   age 0.0395 0.0531 0.0578 t_go 1.5
PLAN 21 862 NONE   age 0.0294 0.0452 0.0498 t_go 1.5
PLAN 22 866 NONE   age 0.0307 0.0419 0.0421 t_go 1.5
PLAN 23 870 NONE   age 0.0318 0.0424 0.0497 t_go 1.5
PHASE MINCO_READY Y elapsed 5.235
PHASE MINCO_TRACKING Y elapsed 5.268
PLAN 24 874 NONE   age 0.0384 0.0468 0.0698 t_go 1.256
PHASE MINCO_READY Y elapsed 5.477
PHASE MINCO_TRACKING Y elapsed 5.518
PHASE TERMINAL_MINCO Y elapsed 5.663
PLAN 25 879 NONE   age 0.0372 0.0427 0.0678 t_go 1.005
PLAN 26 882 NONE   age 0.0393 0.0439 0.0698 t_go 0.855
PLAN 27 885 NONE   age 0.0393 0.0449 0.0779 t_go 0.734
PLAN 28 888 NONE   age 0.0307 0.0377 0.0697 t_go 0.9
PLAN 29 890 DYNAMIC_LIMIT_HORIZONTAL   age 0.0316 0.043 0.0499 t_go 0.0
PHASE SAFE_RECOVERY Y elapsed 6.414
RESULT {'stamp': {'sec': 1791194801, 'nanosec': 637774944}, 'mission_id': 1, 'success': True, 'outcome': 'SUCCESS', 'reason': 'CAPTURE_RADIUS_REACHED', 'detail': 'determined by simulation truth in evaluator only', 'elapsed_time': 6.652485370635986, 'capture_radius': 0.5, 'minimum_distance': 0.4833588269934059, 'horizontal_distance': 0.23032112732063886, 'vertical_error': 0.424956390635782, 'relative_speed': 2.2625895482210234, 'closing_speed': 0.24065053605043915, 'max_horizontal_speed': 6.457875114013538, 'max_vertical_speed': 2.7442440403027617, 'max_horizontal_acceleration': 3.5893336755471412, 'max_vertical_acceleration': 5.51315282072742}
