PHASE INIT Y elapsed None
PHASE GROUND_HOLD Y elapsed None
X SENT 2
PHASE TAKEOFF Y elapsed None
X SENT 1
X SENT 0
PHASE FOLLOW Y elapsed None
Y SENT after stable FOLLOW
PHASE FAR_GUIDANCE Y elapsed 0.005
PLAN 1 778 HORIZON_INSUFFICIENT   age 0.0338 0.048 0.0481 t_go 0.0
PLAN 2 782 HORIZON_INSUFFICIENT   age 0.0345 0.053 0.0533 t_go 0.0
PLAN 3 786 HORIZON_INSUFFICIENT   age 0.0426 0.0508 0.0517 t_go 0.0
PLAN 4 791 HORIZON_INSUFFICIENT   age 0.0377 0.0453 0.046 t_go 0.0
PLAN 5 796 HORIZON_INSUFFICIENT   age 0.0324 0.0447 0.0517 t_go 0.0
PLAN 6 801 HORIZON_INSUFFICIENT   age 0.0408 0.0532 0.0536 t_go 0.0
PLAN 7 806 HORIZON_INSUFFICIENT   age 0.0333 0.0523 0.0529 t_go 0.0
PLAN 8 810 HORIZON_INSUFFICIENT   age 0.0398 0.0556 0.0558 t_go 0.0
PLAN 9 815 HORIZON_INSUFFICIENT   age 0.0371 0.0516 0.0518 t_go 0.0
PLAN 10 819 HORIZON_INSUFFICIENT   age 0.0399 0.0611 0.0639 t_go 0.0
PLAN 11 824 DYNAMIC_LIMIT_VERTICAL   age 0.0305 0.0505 0.0517 t_go 0.0
PLAN 12 828 DYNAMIC_LIMIT_VERTICAL   age 0.0313 0.0458 0.0518 t_go 0.0
PLAN 13 833 DYNAMIC_LIMIT_VERTICAL   age 0.0369 0.0509 0.0538 t_go 0.0
PLAN 14 838 DYNAMIC_LIMIT_VERTICAL   age 0.0305 0.0445 0.0518 t_go 0.0
PLAN 15 842 DYNAMIC_LIMIT_VERTICAL   age 0.0322 0.0519 0.0521 t_go 0.0
PLAN 16 847 DYNAMIC_LIMIT_VERTICAL   age 0.0378 0.0585 0.0587 t_go 0.0
PLAN 17 852 NONE   age 0.0263 0.0418 0.0423 t_go 1.5
PLAN 18 856 NONE   age 0.0324 0.0455 0.0461 t_go 1.5
PLAN 19 861 NONE   age 0.026 0.042 0.0423 t_go 1.5
PHASE MINCO_READY Y elapsed 4.22
PHASE MINCO_TRACKING Y elapsed 4.266
PLAN 20 865 NONE   age 0.0378 0.0486 0.0738 t_go 1.25
PHASE MINCO_READY Y elapsed 4.46
PHASE MINCO_TRACKING Y elapsed 4.467
PLAN 21 870 NONE   age 0.0274 0.0317 0.0618 t_go 1.01
PHASE TERMINAL_MINCO Y elapsed 4.714
PLAN 22 872 NONE   age 0.042 0.0472 0.0718 t_go 0.895
PLAN 23 875 NONE   age 0.0387 0.0431 0.0738 t_go 0.75
PLAN 24 878 NONE   age 0.0289 0.0371 0.0618 t_go 0.919
PLAN 25 880 NONE   age 0.0379 0.0449 0.0718 t_go 0.893
PLAN 26 883 DYNAMIC_LIMIT_HORIZONTAL   age 0.0367 0.0501 0.0505 t_go 0.0
PHASE SAFE_RECOVERY Y elapsed 5.413
RESULT {'stamp': {'sec': 1791194551, 'nanosec': 889074802}, 'mission_id': 1, 'success': True, 'outcome': 'SUCCESS', 'reason': 'CAPTURE_RADIUS_REACHED', 'detail': 'determined by simulation truth in evaluator only', 'elapsed_time': 5.623887062072754, 'capture_radius': 0.5, 'minimum_distance': 0.48695435955772387, 'horizontal_distance': 0.27090464424030997, 'vertical_error': 0.4046420912625182, 'relative_speed': 2.3298932214185695, 'closing_speed': 0.4722897512756473, 'max_horizontal_speed': 6.582083866657633, 'max_vertical_speed': 2.727137927771191, 'max_horizontal_acceleration': 3.889490718429426, 'max_vertical_acceleration': 5.283194951255449}
