F                                                                        [100%]
=================================== FAILURES ===================================
________ test_short_committed_contact_uses_minco_closing_velocity_bound ________

    def test_short_committed_contact_uses_minco_closing_velocity_bound():
        """A constant 5.5 m/s trajectory can meet a 4 m/s target in 0.7 s."""
        planner = make_planner(
            minimum_duration=.3, maximum_duration=.7,
            capture_radius=.5, contact_clearance=.3, preferred_clearance=.33,
            piece_count=1, response_delay=.15,
        )
        outcome = planner.plan(
            initial_position=(0., 0., -.33),
            initial_velocity=(5.5, 0., 0.),
            initial_acceleration=(0., 0., 0.),
            target_state_at_time=lambda t: (
                (1.05 + 4. * t, 0., 0.), (4., 0., 0.), (0., 0., 0.),
            ),
            preferred_duration=.7,
        )
    
>       assert outcome.failure == FastPlanningFailure.NONE
E       AssertionError: assert <FastPlanning...INSUFFICIENT'> == <FastPlanning....NONE: 'NONE'>
E         - NONE
E         + HORIZON_INSUFFICIENT

test/test_fast_minco_planner.py:62: AssertionError
=========================== short test summary info ============================
FAILED test/test_fast_minco_planner.py::test_short_committed_contact_uses_minco_closing_velocity_bound
1 failed in 0.19s
