PHASE INIT Y elapsed None
PHASE GROUND_HOLD Y elapsed None
X SENT 2
PHASE TAKEOFF Y elapsed None
X SENT 1
X SENT 0
PHASE FOLLOW Y elapsed None
Y SENT after stable FOLLOW
PHASE FAR_GUIDANCE Y elapsed 0.001
PLAN 1 617 HORIZON_INSUFFICIENT   age 0.0559 0.0691 0.0694 t_go 0.0
PLAN 2 622 HORIZON_INSUFFICIENT   age 0.0335 0.0417 0.0419 t_go 0.0
PLAN 3 626 HORIZON_INSUFFICIENT   age 0.0477 0.0567 0.0569 t_go 0.0
PLAN 4 630 HORIZON_INSUFFICIENT   age 0.0509 0.0597 0.0599 t_go 0.0
PLAN 5 635 HORIZON_INSUFFICIENT   age 0.0426 0.051 0.0519 t_go 0.0
PLAN 6 640 HORIZON_INSUFFICIENT   age 0.0439 0.0578 0.0579 t_go 0.0
PLAN 7 645 HORIZON_INSUFFICIENT   age 0.0384 0.0442 0.0443 t_go 0.0
PLAN 8 649 HORIZON_INSUFFICIENT   age 0.0435 0.0514 0.0518 t_go 0.0
PLAN 9 654 HORIZON_INSUFFICIENT   age 0.0291 0.0382 0.0384 t_go 0.0
PLAN 10 658 HORIZON_INSUFFICIENT   age 0.0467 0.0568 0.057 t_go 0.0
PLAN 11 663 HORIZON_INSUFFICIENT   age 0.0392 0.0509 0.0518 t_go 0.0
PLAN 12 667 DYNAMIC_LIMIT_VERTICAL   age 0.0403 0.0503 0.052 t_go 0.0
PLAN 13 671 DYNAMIC_LIMIT_VERTICAL   age 0.0429 0.0548 0.0622 t_go 0.0
PLAN 14 675 DYNAMIC_LIMIT_VERTICAL   age 0.0459 0.0578 0.0621 t_go 0.0
PLAN 15 680 DYNAMIC_LIMIT_VERTICAL   age 0.0414 0.0514 0.0538 t_go 0.0
PLAN 16 685 DYNAMIC_LIMIT_VERTICAL   age 0.0348 0.0457 0.0519 t_go 0.0
PLAN 17 689 DYNAMIC_LIMIT_VERTICAL   age 0.0357 0.046 0.0519 t_go 0.0
PLAN 18 694 DYNAMIC_LIMIT_VERTICAL   age 0.0463 0.0561 0.0639 t_go 0.0
PLAN 19 699 DYNAMIC_LIMIT_VERTICAL   age 0.0472 0.0583 0.0621 t_go 0.0
PLAN 20 704 DYNAMIC_LIMIT_VERTICAL   age 0.033 0.0492 0.0494 t_go 0.0
PLAN 21 708 DYNAMIC_LIMIT_VERTICAL   age 0.0372 0.0475 0.0538 t_go 0.0
PLAN 22 712 DYNAMIC_LIMIT_VERTICAL   age 0.0424 0.0526 0.0539 t_go 0.0
PLAN 23 717 DYNAMIC_LIMIT_VERTICAL   age 0.0479 0.0599 0.062 t_go 0.0
PLAN 24 722 DYNAMIC_LIMIT_VERTICAL   age 0.0444 0.055 0.0553 t_go 0.0
PLAN 25 727 DYNAMIC_LIMIT_VERTICAL   age 0.0391 0.056 0.0621 t_go 0.0
PLAN 26 731 DYNAMIC_LIMIT_VERTICAL   age 0.0418 0.0591 0.062 t_go 0.0
PLAN 27 735 DYNAMIC_LIMIT_VERTICAL   age 0.0424 0.0545 0.0622 t_go 0.0
PLAN 28 739 DYNAMIC_LIMIT_VERTICAL   age 0.0435 0.0546 0.0622 t_go 0.0
PLAN 29 743 DYNAMIC_LIMIT_VERTICAL   age 0.0459 0.0597 0.0621 t_go 0.0
PLAN 30 748 DYNAMIC_LIMIT_VERTICAL   age 0.0333 0.044 0.0441 t_go 0.0
PLAN 31 752 DYNAMIC_LIMIT_VERTICAL   age 0.0467 0.0577 0.064 t_go 0.0
PLAN 32 757 DYNAMIC_LIMIT_VERTICAL   age 0.0431 0.0572 0.0621 t_go 0.0
PLAN 33 762 DYNAMIC_LIMIT_VERTICAL   age 0.0315 0.0541 0.0542 t_go 0.0
PLAN 34 766 DYNAMIC_LIMIT_VERTICAL   age 0.0376 0.0521 0.0539 t_go 0.0
PLAN 35 770 DYNAMIC_LIMIT_VERTICAL   age 0.0402 0.0605 0.0642 t_go 0.0
PLAN 36 775 DYNAMIC_LIMIT_VERTICAL   age 0.044 0.0658 0.0665 t_go 0.0
PLAN 37 780 DYNAMIC_LIMIT_VERTICAL   age 0.0302 0.0437 0.0441 t_go 0.0
PLAN 38 784 DYNAMIC_LIMIT_VERTICAL   age 0.0337 0.0489 0.0539 t_go 0.0
PLAN 39 788 DYNAMIC_LIMIT_VERTICAL   age 0.0397 0.0501 0.0538 t_go 0.0
PLAN 40 793 DYNAMIC_LIMIT_VERTICAL   age 0.0394 0.0548 0.062 t_go 0.0
PLAN 41 798 HORIZON_INSUFFICIENT   age 0.0466 0.0619 0.064 t_go 0.0
PLAN 42 803 HORIZON_INSUFFICIENT   age 0.0467 0.0776 0.0779 t_go 0.0
PLAN 43 808 HORIZON_INSUFFICIENT   age 0.043 0.0605 0.064 t_go 0.0
PLAN 44 813 DYNAMIC_LIMIT_VERTICAL   age 0.0585 0.079 0.0819 t_go 0.0
PLAN 45 818 DYNAMIC_LIMIT_VERTICAL   age 0.0441 0.0541 0.0542 t_go 0.0
PLAN 46 823 DYNAMIC_LIMIT_VERTICAL   age 0.0462 0.0573 0.0624 t_go 0.0
PLAN 47 828 DYNAMIC_LIMIT_VERTICAL   age 0.0413 0.0515 0.0539 t_go 0.0
PLAN 48 832 DYNAMIC_LIMIT_VERTICAL   age 0.0429 0.0554 0.0639 t_go 0.0
PLAN 49 837 NONE   age 0.043 0.0615 0.0619 t_go 1.5
PLAN 50 842 NONE   age 0.0308 0.0454 0.0539 t_go 1.5
PLAN 51 846 NONE   age 0.0347 0.0474 0.0539 t_go 1.5
PLAN 52 851 NONE   age 0.044 0.0546 0.0621 t_go 1.5
PLAN 53 856 NONE   age 0.0356 0.0446 0.0448 t_go 1.5
PLAN 54 861 NONE   age 0.0294 0.0386 0.0419 t_go 1.5
PLAN 55 865 NONE   age 0.0406 0.0496 0.052 t_go 1.5
PHASE TERMINAL_MINCO Y elapsed 12.416
PLAN 56 868 NONE   age 0.0322 0.0452 0.0639 t_go 1.343
PLAN 57 870 NONE   age 0.0384 0.046 0.074 t_go 1.237
PLAN 58 872 NONE   age 0.0494 0.0566 0.0839 t_go 1.125
PLAN 59 875 NONE   age 0.0393 0.0436 0.0719 t_go 0.984
PLAN 60 878 NONE   age 0.0397 0.042 0.074 t_go 0.835
PLAN 61 881 NONE   age 0.0334 0.0392 0.072 t_go 1.138
PLAN 62 883 NONE   age 0.0428 0.0492 0.0818 t_go 1.168
PLAN 63 886 DYNAMIC_LIMIT_VERTICAL   age 0.0358 0.048 0.0539 t_go 0.0
PHASE SAFE_RECOVERY Y elapsed 13.596
PHASE REACQUIRE Y elapsed 15.094
PHASE TARGET_LOCK Y elapsed 15.344
PHASE FAR_GUIDANCE Y elapsed 15.444
PLAN 64 926 HORIZON_INSUFFICIENT   age 0.044 0.0512 0.052 t_go 0.0
PLAN 65 931 HORIZON_INSUFFICIENT   age 0.0308 0.0374 0.0378 t_go 0.0
PLAN 66 935 HORIZON_INSUFFICIENT   age 0.0338 0.0431 0.0438 t_go 0.0
PLAN 67 940 HORIZON_INSUFFICIENT   age 0.0378 0.0474 0.0476 t_go 0.0
PLAN 68 944 HORIZON_INSUFFICIENT   age 0.0442 0.0541 0.0546 t_go 0.0
PLAN 69 948 HORIZON_INSUFFICIENT   age 0.0585 0.0699 0.0719 t_go 0.0
PLAN 70 952 HORIZON_INSUFFICIENT   age 0.0594 0.0772 0.0831 t_go 0.0
PLAN 71 957 HORIZON_INSUFFICIENT   age 0.034 0.0468 0.0539 t_go 0.0
PLAN 72 962 HORIZON_INSUFFICIENT   age 0.0404 0.0533 0.0535 t_go 0.0
PLAN 73 966 HORIZON_INSUFFICIENT   age 0.0515 0.0707 0.0719 t_go 0.0
PLAN 74 971 HORIZON_INSUFFICIENT   age 0.034 0.0503 0.0539 t_go 0.0
PLAN 75 975 HORIZON_INSUFFICIENT   age 0.0435 0.0532 0.0533 t_go 0.0
PLAN 76 980 HORIZON_INSUFFICIENT   age 0.042 0.0514 0.0519 t_go 0.0
PLAN 77 985 HORIZON_INSUFFICIENT   age 0.0446 0.0534 0.0538 t_go 0.0
PLAN 78 989 HORIZON_INSUFFICIENT   age 0.052 0.0707 0.071 t_go 0.0
PLAN 79 994 HORIZON_INSUFFICIENT   age 0.0441 0.054 0.0545 t_go 0.0
PLAN 80 998 HORIZON_INSUFFICIENT   age 0.0448 0.055 0.0558 t_go 0.0
PLAN 81 1003 DYNAMIC_LIMIT_VERTICAL   age 0.0372 0.0592 0.064 t_go 0.0
PLAN 82 1008 DYNAMIC_LIMIT_VERTICAL   age 0.0434 0.0554 0.0621 t_go 0.0
PHASE SAFE_RECOVERY Y elapsed 19.844
PHASE REACQUIRE Y elapsed 19.996
PHASE SAFE_WAIT Y elapsed 21.995
RESULT {'stamp': {'sec': 1791190046, 'nanosec': 686227083}, 'mission_id': 1, 'success': False, 'outcome': 'FAILURE', 'reason': 'TIMEOUT', 'detail': 'determined by simulation truth in evaluator only', 'elapsed_time': 30.017677068710327, 'capture_radius': 0.5, 'minimum_distance': 0.510876746137677, 'horizontal_distance': 39.842995820455535, 'vertical_error': 4.915688918174021, 'relative_speed': 3.9991145680915015, 'closing_speed': -3.9787171989123737, 'max_horizontal_speed': 6.595802453222336, 'max_vertical_speed': 2.628546971646791, 'max_horizontal_acceleration': 5.141913126518809, 'max_vertical_acceleration': 5.117044585652671}
