PHASE INIT Y elapsed None
PHASE GROUND_HOLD Y elapsed None
X SENT 2
PHASE TAKEOFF Y elapsed None
X SENT 1
X SENT 0
PHASE FOLLOW Y elapsed None
Y SENT after stable FOLLOW
PHASE FAR_GUIDANCE Y elapsed 0.002
PLAN 1 961 HORIZON_INSUFFICIENT   age 0.0459 0.0642 0.0717 t_go 0.0
PLAN 2 966 HORIZON_INSUFFICIENT   age 0.052 0.0692 0.0703 t_go 0.0
PLAN 3 971 HORIZON_INSUFFICIENT   age 0.0595 0.0735 0.0742 t_go 0.0
PLAN 4 976 HORIZON_INSUFFICIENT   age 0.0429 0.0583 0.0595 t_go 0.0
PLAN 5 980 HORIZON_INSUFFICIENT   age 0.0465 0.0538 0.0541 t_go 0.0
PLAN 6 984 HORIZON_INSUFFICIENT   age 0.0526 0.0677 0.068 t_go 0.0
PLAN 7 989 CAPTURE_GEOMETRY   age 0.0596 0.0598 0.0617 t_go 0.0
PLAN 8 994 CAPTURE_GEOMETRY   age 0.0398 0.0399 0.0401 t_go 0.0
PLAN 9 998 CAPTURE_GEOMETRY   age 0.0457 0.0459 0.0497 t_go 0.0
PLAN 10 1002 CAPTURE_GEOMETRY   age 0.0531 0.0534 0.0538 t_go 0.0
PLAN 11 1007 CAPTURE_GEOMETRY   age 0.0454 0.0456 0.0517 t_go 0.0
PLAN 12 1011 DYNAMIC_LIMIT_VERTICAL   age 0.0465 0.0632 0.0694 t_go 0.0
PLAN 13 1016 DYNAMIC_LIMIT_HORIZONTAL   age 0.0382 0.0538 0.0574 t_go 0.0
PHASE SAFE_RECOVERY Y elapsed 2.93
PHASE REACQUIRE Y elapsed 3.427
PHASE TARGET_LOCK Y elapsed 5.226
PHASE FAR_GUIDANCE Y elapsed 5.284
PLAN 14 1066 HORIZON_INSUFFICIENT   age 0.0398 0.0445 0.045 t_go 0.0
PLAN 15 1070 HORIZON_INSUFFICIENT   age 0.0445 0.0529 0.0537 t_go 0.0
PLAN 16 1075 HORIZON_INSUFFICIENT   age 0.0486 0.0604 0.0636 t_go 0.0
PLAN 17 1080 HORIZON_INSUFFICIENT   age 0.049 0.0626 0.0633 t_go 0.0
PLAN 18 1084 HORIZON_INSUFFICIENT   age 0.051 0.0596 0.0616 t_go 0.0
PLAN 19 1089 HORIZON_INSUFFICIENT   age 0.0548 0.0597 0.0599 t_go 0.0
PLAN 20 1093 HORIZON_INSUFFICIENT   age 0.0372 0.0442 0.0444 t_go 0.0
PLAN 21 1098 HORIZON_INSUFFICIENT   age 0.0359 0.0542 0.0562 t_go 0.0
PLAN 22 1102 HORIZON_INSUFFICIENT   age 0.0479 0.0582 0.0587 t_go 0.0
PLAN 23 1107 HORIZON_INSUFFICIENT   age 0.0402 0.0545 0.0547 t_go 0.0
PLAN 24 1112 HORIZON_INSUFFICIENT   age 0.0422 0.0665 0.067 t_go 0.0
PLAN 25 1116 HORIZON_INSUFFICIENT   age 0.0443 0.0635 0.064 t_go 0.0
PLAN 26 1121 HORIZON_INSUFFICIENT   age 0.0551 0.0671 0.0681 t_go 0.0
PLAN 27 1126 HORIZON_INSUFFICIENT   age 0.0413 0.0545 0.0561 t_go 0.0
PLAN 28 1130 HORIZON_INSUFFICIENT   age 0.0453 0.0545 0.0547 t_go 0.0
PLAN 29 1134 HORIZON_INSUFFICIENT   age 0.0465 0.0622 0.0625 t_go 0.0
PLAN 30 1138 HORIZON_INSUFFICIENT   age 0.0536 0.0716 0.0763 t_go 0.0
PLAN 31 1142 HORIZON_INSUFFICIENT   age 0.0562 0.0666 0.067 t_go 0.0
PLAN 32 1147 HORIZON_INSUFFICIENT   age 0.0347 0.0443 0.0445 t_go 0.0
PLAN 33 1151 HORIZON_INSUFFICIENT   age 0.0506 0.0631 0.0633 t_go 0.0
PLAN 34 1156 HORIZON_INSUFFICIENT   age 0.0553 0.0704 0.0712 t_go 0.0
PLAN 35 1161 HORIZON_INSUFFICIENT   age 0.0507 0.0612 0.0615 t_go 0.0
PLAN 36 1166 HORIZON_INSUFFICIENT   age 0.0356 0.0453 0.0456 t_go 0.0
PLAN 37 1170 HORIZON_INSUFFICIENT   age 0.0455 0.0586 0.059 t_go 0.0
PLAN 38 1174 HORIZON_INSUFFICIENT   age 0.0512 0.0723 0.0725 t_go 0.0
PLAN 39 1179 HORIZON_INSUFFICIENT   age 0.0407 0.0543 0.0545 t_go 0.0
PLAN 40 1184 HORIZON_INSUFFICIENT   age 0.0501 0.0655 0.0658 t_go 0.0
PLAN 41 1189 HORIZON_INSUFFICIENT   age 0.0436 0.0531 0.0533 t_go 0.0
PLAN 42 1193 HORIZON_INSUFFICIENT   age 0.066 0.0982 0.0985 t_go 0.0
PLAN 43 1198 NONE   age 0.0459 0.0802 0.085 t_go 1.5
PLAN 44 1202 NONE   age 0.0521 0.073 0.0739 t_go 1.5
PLAN 45 1207 NONE   age 0.0386 0.0522 0.0529 t_go 1.5
PLAN 46 1211 NONE   age 0.0405 0.0527 0.0571 t_go 1.5
PLAN 47 1215 NONE   age 0.0535 0.0679 0.0771 t_go 1.5
PLAN 48 1220 NONE   age 0.0465 0.0582 0.0653 t_go 1.5
PLAN 49 1224 NONE   age 0.0484 0.0651 0.0654 t_go 1.5
PLAN 50 1229 NONE   age 0.0471 0.0646 0.0672 t_go 1.5
PLAN 51 1234 NONE   age 0.0575 0.0729 0.0752 t_go 1.5
PLAN 52 1239 NONE   age 0.0704 0.0829 0.0831 t_go 1.5
PLAN 53 1244 NONE   age 0.0503 0.0628 0.0651 t_go 1.5
PHASE SAFE_RECOVERY Y elapsed 14.476
PHASE REACQUIRE Y elapsed 15.077
PHASE TARGET_LOCK Y elapsed 15.329
PHASE FAR_GUIDANCE Y elapsed 15.384
PLAN 54 1265 HORIZON_INSUFFICIENT   age 0.0424 0.0498 0.0501 t_go 0.0
PLAN 55 1269 HORIZON_INSUFFICIENT   age 0.0486 0.0555 0.0561 t_go 0.0
PLAN 56 1274 HORIZON_INSUFFICIENT   age 0.0439 0.0527 0.053 t_go 0.0
PLAN 57 1279 HORIZON_INSUFFICIENT   age 0.0418 0.0489 0.0492 t_go 0.0
PLAN 58 1284 HORIZON_INSUFFICIENT   age 0.0413 0.0498 0.0501 t_go 0.0
PLAN 59 1289 HORIZON_INSUFFICIENT   age 0.0496 0.0565 0.0566 t_go 0.0
PLAN 60 1293 HORIZON_INSUFFICIENT   age 0.0423 0.0548 0.0579 t_go 0.0
PLAN 61 1298 HORIZON_INSUFFICIENT   age 0.0407 0.0547 0.0549 t_go 0.0
PLAN 62 1302 HORIZON_INSUFFICIENT   age 0.0457 0.0588 0.0598 t_go 0.0
PLAN 63 1307 HORIZON_INSUFFICIENT   age 0.0387 0.0578 0.0584 t_go 0.0
PLAN 64 1311 HORIZON_INSUFFICIENT   age 0.0508 0.0687 0.078 t_go 0.0
PLAN 65 1315 HORIZON_INSUFFICIENT   age 0.0516 0.0619 0.0628 t_go 0.0
PLAN 66 1320 HORIZON_INSUFFICIENT   age 0.0449 0.0571 0.0598 t_go 0.0
PLAN 67 1324 HORIZON_INSUFFICIENT   age 0.0471 0.0587 0.0598 t_go 0.0
PLAN 68 1329 HORIZON_INSUFFICIENT   age 0.0438 0.0553 0.0579 t_go 0.0
PLAN 69 1333 HORIZON_INSUFFICIENT   age 0.0511 0.0685 0.0688 t_go 0.0
PLAN 70 1338 HORIZON_INSUFFICIENT   age 0.0393 0.0532 0.0599 t_go 0.0
PLAN 71 1342 DYNAMIC_LIMIT_HORIZONTAL   age 0.052 0.0913 0.0914 t_go 0.0
PLAN 72 1346 NONE   age 0.0563 0.0769 0.08 t_go 1.5
PLAN 73 1351 NONE   age 0.0376 0.0502 0.0504 t_go 1.5
PLAN 74 1355 NONE   age 0.0604 0.0725 0.0782 t_go 1.5
PLAN 75 1360 NONE   age 0.0419 0.0517 0.0518 t_go 1.5
PLAN 76 1365 NONE   age 0.0447 0.0604 0.0679 t_go 1.5
PLAN 77 1370 NONE   age 0.0509 0.0661 0.07 t_go 1.5
PLAN 78 1375 DYNAMIC_LIMIT_VERTICAL   age 0.0487 0.0701 0.078 t_go 0.0
PLAN 79 1379 NONE   age 0.0424 0.0526 0.0528 t_go 1.5
PLAN 80 1384 DYNAMIC_LIMIT_HORIZONTAL   age 0.04 0.0584 0.0646 t_go 0.0
PLAN 81 1388 DYNAMIC_LIMIT_HORIZONTAL   age 0.0419 0.0646 0.0648 t_go 0.0
PLAN 82 1392 DYNAMIC_LIMIT_HORIZONTAL   age 0.0598 0.081 0.0846 t_go 0.0
PLAN 83 1397 DYNAMIC_LIMIT_HORIZONTAL   age 0.0554 0.0822 0.0826 t_go 0.0
PLAN 84 1402 HORIZON_INSUFFICIENT   age 0.0408 0.0585 0.0647 t_go 0.0
PLAN 85 1406 HORIZON_INSUFFICIENT   age 0.0488 0.0698 0.07 t_go 0.0
PLAN 86 1411 HORIZON_INSUFFICIENT   age 0.0387 0.0618 0.0624 t_go 0.0
PLAN 87 1415 HORIZON_INSUFFICIENT   age 0.0511 0.0734 0.0826 t_go 0.0
PLAN 88 1420 HORIZON_INSUFFICIENT   age 0.0411 0.0641 0.0644 t_go 0.0
PLAN 89 1424 HORIZON_INSUFFICIENT   age 0.0437 0.0618 0.0645 t_go 0.0
PLAN 90 1428 HORIZON_INSUFFICIENT   age 0.0539 0.0778 0.0782 t_go 0.0
PLAN 91 1433 DYNAMIC_LIMIT_HORIZONTAL   age 0.0476 0.0739 0.0741 t_go 0.0
PLAN 92 1438 DYNAMIC_LIMIT_HORIZONTAL   age 0.042 0.0675 0.0745 t_go 0.0
PLAN 93 1442 DYNAMIC_LIMIT_HORIZONTAL   age 0.0518 0.0756 0.085 t_go 0.0
PLAN 94 1446 DYNAMIC_LIMIT_HORIZONTAL   age 0.0644 0.084 0.0846 t_go 0.0
PLAN 95 1451 NONE   age 0.0429 0.0576 0.0579 t_go 1.5
PLAN 96 1455 NONE   age 0.066 0.0878 0.0925 t_go 1.5
PLAN 97 1460 NONE   age 0.051 0.0694 0.0702 t_go 1.5
PLAN 98 1465 NONE   age 0.0342 0.0508 0.051 t_go 1.5
PLAN 99 1469 NONE   age 0.0486 0.0623 0.0627 t_go 1.5
PLAN 100 1474 NONE   age 0.0459 0.0575 0.0645 t_go 1.5
PLAN 101 1478 NONE   age 0.0569 0.0678 0.0698 t_go 1.5
PLAN 102 1483 NONE   age 0.0447 0.0559 0.0578 t_go 1.5
PLAN 103 1488 NONE   age 0.0624 0.0723 0.0798 t_go 1.5
PHASE MINCO_READY Y elapsed 26.637
PHASE MINCO_TRACKING Y elapsed 26.687
PLAN 104 1493 NONE   age 0.0467 0.0571 0.0878 t_go 1.218
PHASE TERMINAL_MINCO Y elapsed 27.078
PLAN 105 1498 NONE   age 0.0527 0.0582 0.0898 t_go 0.964
PLAN 106 1501 NONE   age 0.0336 0.0383 0.0678 t_go 0.831
PLAN 107 1504 NONE   age 0.0375 0.0455 0.0798 t_go 0.787
PLAN 108 1507 NONE   age 0.0317 0.04 0.0677 t_go 0.879
PLAN 109 1509 DYNAMIC_LIMIT_HORIZONTAL   age 0.0463 0.062 0.0678 t_go 0.0
PLAN 110 1512 DYNAMIC_LIMIT_HORIZONTAL   age 0.0437 0.0559 0.0597 t_go 0.0
PHASE PLAN_RECOVERY Y elapsed 28.134
PHASE SAFE_WAIT Y elapsed 28.634
PHASE TARGET_LOCK Y elapsed 28.676
PHASE SAFE_RECOVERY Y elapsed 28.727
PHASE TARGET_LOCK Y elapsed 29.876
PHASE FAR_GUIDANCE Y elapsed 29.934
PLAN 111 1555 HORIZON_INSUFFICIENT   age 0.0479 0.0579 0.0581 t_go 0.0
RESULT {'stamp': {'sec': 1791249066, 'nanosec': 540456295}, 'mission_id': 1, 'success': False, 'outcome': 'FAILURE', 'reason': 'TIMEOUT', 'detail': 'determined by simulation truth in evaluator only', 'elapsed_time': 30.003058195114136, 'capture_radius': 0.5, 'minimum_distance': 1.597998618179236, 'horizontal_distance': 4.225051081689798, 'vertical_error': 1.6568560923352484, 'relative_speed': 3.88250253984818, 'closing_speed': -3.686690670812732, 'max_horizontal_speed': 6.894542906574471, 'max_vertical_speed': 2.824750830946832, 'max_horizontal_acceleration': 7.840292180530817, 'max_vertical_acceleration': 6.272624844806489}
PLAN 112 1560 HORIZON_INSUFFICIENT   age 0.039 0.0473 0.0475 t_go 0.0
PLAN 113 1564 HORIZON_INSUFFICIENT   age 0.0404 0.0503 0.0508 t_go 0.0
PLAN 114 1568 HORIZON_INSUFFICIENT   age 0.0514 0.0601 0.0606 t_go 0.0
PLAN 115 1573 HORIZON_INSUFFICIENT   age 0.0458 0.0531 0.0533 t_go 0.0
PLAN 116 1578 HORIZON_INSUFFICIENT   age 0.0439 0.0547 0.0549 t_go 0.0
PLAN 117 1582 HORIZON_INSUFFICIENT   age 0.0661 0.0892 0.0906 t_go 0.0
PLAN 118 1587 HORIZON_INSUFFICIENT   age 0.0561 0.0742 0.0787 t_go 0.0
PLAN 119 1592 HORIZON_INSUFFICIENT   age 0.0393 0.0499 0.0502 t_go 0.0
PLAN 120 1596 HORIZON_INSUFFICIENT   age 0.0446 0.0565 0.0611 t_go 0.0
PLAN 121 1600 HORIZON_INSUFFICIENT   age 0.0464 0.0583 0.0605 t_go 0.0
PLAN 122 1605 HORIZON_INSUFFICIENT   age 0.0557 0.0679 0.0687 t_go 0.0
