{
  "role": "READ_ONLY_PAUSE_VALIDATION",
  "target_position_unchanged": true,
  "target_velocity_zero": true,
  "native_world_clock_frozen": true,
  "scene_info_limitation": "scene/info returns cached model definition poses in this environment, not live entity poses; no UAV/target live-pose conclusion is drawn from these snapshots.",
  "native_live_pose_snapshots": [
    {
      "receipt": 61371.960683262,
      "sim_stamp": 155.196,
      "models": {
        "x500_mono_cam_0": [
          17.76844609966792,
          28.71294754366914,
          1.1929662007708286,
          0.34963881358015153,
          -0.03893209687232721,
          -0.08093098654540704,
          0.932570194295408
        ],
        "usv_target": [
          15.42697125016125,
          30.94509835706246,
          0.37985402509314986,
          1.0,
          0.0,
          0.0,
          0.0
        ]
      }
    },
    {
      "receipt": 61378.955438877,
      "sim_stamp": 155.196,
      "models": {
        "x500_mono_cam_0": [
          17.76844609966792,
          28.71294754366914,
          1.1929662007708286,
          0.34963881358015153,
          -0.03893209687232721,
          -0.08093098654540704,
          0.932570194295408
        ],
        "usv_target": [
          15.42697125016125,
          30.94509835706246,
          0.37985402509314986,
          1.0,
          0.0,
          0.0,
          0.0
        ]
      }
    }
  ],
  "native_live_pose_interval": 6.994755615000031,
  "native_uav_target_poses_unchanged": true,
  "pause_trigger": "EXPLICIT_WORLD_PAUSE_AFTER_TIMEOUT"
}
