PHASE GROUND_HOLD Y elapsed None
X SENT 2
PHASE TAKEOFF Y elapsed None
X SENT 1
X SENT 0
PHASE FOLLOW Y elapsed None
Y SENT after stable FOLLOW
PHASE FAR_GUIDANCE Y elapsed 0.002
PLAN 1 791 HORIZON_INSUFFICIENT   age 0.0406 0.0504 0.051 t_go 0.0
PLAN 2 795 HORIZON_INSUFFICIENT   age 0.0505 0.0664 0.0667 t_go 0.0
PLAN 3 799 HORIZON_INSUFFICIENT   age 0.0536 0.0693 0.0697 t_go 0.0
PLAN 4 804 HORIZON_INSUFFICIENT   age 0.0351 0.0474 0.0497 t_go 0.0
PLAN 5 808 HORIZON_INSUFFICIENT   age 0.0355 0.0453 0.0455 t_go 0.0
PLAN 6 812 HORIZON_INSUFFICIENT   age 0.0474 0.0549 0.0557 t_go 0.0
PLAN 7 817 HORIZON_INSUFFICIENT   age 0.0356 0.0428 0.0478 t_go 0.0
PLAN 8 821 HORIZON_INSUFFICIENT   age 0.0407 0.0581 0.0586 t_go 0.0
PLAN 9 826 HORIZON_INSUFFICIENT   age 0.0454 0.0677 0.0679 t_go 0.0
PLAN 10 831 DYNAMIC_LIMIT_VERTICAL   age 0.0509 0.0779 0.0781 t_go 0.0
PLAN 11 836 DYNAMIC_LIMIT_VERTICAL   age 0.0473 0.0674 0.0698 t_go 0.0
PLAN 12 840 DYNAMIC_LIMIT_VERTICAL   age 0.0479 0.0629 0.07 t_go 0.0
PLAN 13 844 DYNAMIC_LIMIT_VERTICAL   age 0.0404 0.0621 0.0624 t_go 0.0
PLAN 14 849 DYNAMIC_LIMIT_VERTICAL   age 0.0361 0.0557 0.0605 t_go 0.0
PLAN 15 853 HORIZON_INSUFFICIENT   age 0.0379 0.0541 0.0546 t_go 0.0
PHASE SAFE_RECOVERY Y elapsed 3.446
PHASE REACQUIRE Y elapsed 4.606
PHASE TARGET_LOCK Y elapsed 5.895
PHASE FAR_GUIDANCE Y elapsed 5.957
PLAN 16 915 HORIZON_INSUFFICIENT   age 0.0487 0.0529 0.0571 t_go 0.0
PLAN 17 920 HORIZON_INSUFFICIENT   age 0.06 0.0676 0.069 t_go 0.0
PLAN 18 924 HORIZON_INSUFFICIENT   age 0.061 0.0729 0.0791 t_go 0.0
PLAN 19 929 HORIZON_INSUFFICIENT   age 0.0494 0.057 0.0579 t_go 0.0
PLAN 20 933 HORIZON_INSUFFICIENT   age 0.05 0.0595 0.0602 t_go 0.0
PLAN 21 938 HORIZON_INSUFFICIENT   age 0.0615 0.0688 0.0697 t_go 0.0
PLAN 22 942 HORIZON_INSUFFICIENT   age 0.0623 0.0697 0.0708 t_go 0.0
PLAN 23 947 HORIZON_INSUFFICIENT   age 0.0494 0.0574 0.0582 t_go 0.0
PHASE REACQUIRE Y elapsed 7.696
PHASE TARGET_LOCK Y elapsed 7.946
PHASE FAR_GUIDANCE Y elapsed 8.007
PLAN 24 955 HORIZON_INSUFFICIENT   age 0.0584 0.0737 0.0746 t_go 0.0
PLAN 25 959 HORIZON_INSUFFICIENT   age 0.0609 0.0811 0.0818 t_go 0.0
PLAN 26 964 HORIZON_INSUFFICIENT   age 0.0499 0.0627 0.0628 t_go 0.0
PLAN 27 968 HORIZON_INSUFFICIENT   age 0.0502 0.0677 0.0684 t_go 0.0
PLAN 28 973 HORIZON_INSUFFICIENT   age 0.0597 0.0757 0.076 t_go 0.0
PLAN 29 978 HORIZON_INSUFFICIENT   age 0.0475 0.0644 0.0677 t_go 0.0
PLAN 30 983 HORIZON_INSUFFICIENT   age 0.0581 0.0706 0.0707 t_go 0.0
PLAN 31 987 HORIZON_INSUFFICIENT   age 0.0604 0.076 0.0762 t_go 0.0
PLAN 32 992 HORIZON_INSUFFICIENT   age 0.0464 0.0733 0.078 t_go 0.0
PLAN 33 997 HORIZON_INSUFFICIENT   age 0.0596 0.0857 0.0897 t_go 0.0
PLAN 34 1002 HORIZON_INSUFFICIENT   age 0.0472 0.0631 0.0677 t_go 0.0
PLAN 35 1006 HORIZON_INSUFFICIENT   age 0.0472 0.0703 0.0706 t_go 0.0
PLAN 36 1010 HORIZON_INSUFFICIENT   age 0.051 0.0694 0.0696 t_go 0.0
PLAN 37 1015 HORIZON_INSUFFICIENT   age 0.0415 0.0645 0.0647 t_go 0.0
PLAN 38 1019 HORIZON_INSUFFICIENT   age 0.0609 0.0818 0.0824 t_go 0.0
PLAN 39 1023 HORIZON_INSUFFICIENT   age 0.0628 0.0868 0.087 t_go 0.0
PLAN 40 1028 HORIZON_INSUFFICIENT   age 0.0518 0.071 0.0716 t_go 0.0
PLAN 41 1033 HORIZON_INSUFFICIENT   age 0.0632 0.0827 0.0834 t_go 0.0
PLAN 42 1038 HORIZON_INSUFFICIENT   age 0.0494 0.0676 0.0696 t_go 0.0
PLAN 43 1042 HORIZON_INSUFFICIENT   age 0.0497 0.0628 0.063 t_go 0.0
PLAN 44 1046 HORIZON_INSUFFICIENT   age 0.0626 0.0839 0.0843 t_go 0.0
PLAN 45 1051 HORIZON_INSUFFICIENT   age 0.0429 0.0576 0.0579 t_go 0.0
PLAN 46 1055 HORIZON_INSUFFICIENT   age 0.0456 0.0703 0.0714 t_go 0.0
PLAN 47 1060 HORIZON_INSUFFICIENT   age 0.0432 0.0719 0.0721 t_go 0.0
PLAN 48 1065 HORIZON_INSUFFICIENT   age 0.0412 0.0633 0.0635 t_go 0.0
PLAN 49 1069 HORIZON_INSUFFICIENT   age 0.0429 0.0673 0.0675 t_go 0.0
PLAN 50 1073 DYNAMIC_LIMIT_HORIZONTAL   age 0.0483 0.0817 0.0825 t_go 0.0
PLAN 51 1078 DYNAMIC_LIMIT_HORIZONTAL   age 0.0442 0.091 0.0914 t_go 0.0
PLAN 52 1082 HORIZON_INSUFFICIENT   age 0.0482 0.0791 0.0806 t_go 0.0
PLAN 53 1086 HORIZON_INSUFFICIENT   age 0.0484 0.0809 0.0819 t_go 0.0
PLAN 54 1091 HORIZON_INSUFFICIENT   age 0.0528 0.0764 0.0766 t_go 0.0
PLAN 55 1096 DYNAMIC_LIMIT_HORIZONTAL   age 0.0459 0.0941 0.1006 t_go 0.0
PLAN 56 1101 DYNAMIC_LIMIT_HORIZONTAL   age 0.0523 0.078 0.0783 t_go 0.0
PLAN 57 1106 DYNAMIC_LIMIT_VERTICAL   age 0.0548 0.0768 0.0807 t_go 0.0
PHASE SAFE_RECOVERY Y elapsed 15.747
PHASE TARGET_LOCK Y elapsed 16.445
PHASE FAR_GUIDANCE Y elapsed 16.508
PLAN 58 1123 HORIZON_INSUFFICIENT   age 0.0622 0.0775 0.0828 t_go 0.0
PHASE REACQUIRE Y elapsed 16.845
PHASE SAFE_WAIT Y elapsed 18.847
PHASE REACQUIRE Y elapsed 20.298
PHASE TARGET_LOCK Y elapsed 21.797
PHASE FAR_GUIDANCE Y elapsed 21.858
PLAN 59 1229 HORIZON_INSUFFICIENT   age 0.0492 0.0561 0.0564 t_go 0.0
PLAN 60 1234 HORIZON_INSUFFICIENT   age 0.0431 0.0524 0.0532 t_go 0.0
PLAN 61 1238 HORIZON_INSUFFICIENT   age 0.0444 0.0502 0.0513 t_go 0.0
PLAN 62 1243 HORIZON_INSUFFICIENT   age 0.0413 0.0471 0.0495 t_go 0.0
PLAN 63 1247 HORIZON_INSUFFICIENT   age 0.043 0.0474 0.0494 t_go 0.0
PLAN 64 1251 HORIZON_INSUFFICIENT   age 0.05 0.0539 0.0547 t_go 0.0
PLAN 65 1256 HORIZON_INSUFFICIENT   age 0.0446 0.0491 0.0493 t_go 0.0
PLAN 66 1261 HORIZON_INSUFFICIENT   age 0.0541 0.0635 0.0642 t_go 0.0
PLAN 67 1266 HORIZON_INSUFFICIENT   age 0.0506 0.0633 0.0638 t_go 0.0
PLAN 68 1271 HORIZON_INSUFFICIENT   age 0.0412 0.0604 0.0611 t_go 0.0
PLAN 69 1275 HORIZON_INSUFFICIENT   age 0.043 0.0581 0.0583 t_go 0.0
PLAN 70 1280 HORIZON_INSUFFICIENT   age 0.033 0.048 0.0482 t_go 0.0
PLAN 71 1284 HORIZON_INSUFFICIENT   age 0.0388 0.059 0.0633 t_go 0.0
PLAN 72 1288 HORIZON_INSUFFICIENT   age 0.045 0.0623 0.0628 t_go 0.0
PLAN 73 1293 HORIZON_INSUFFICIENT   age 0.0467 0.062 0.0626 t_go 0.0
PLAN 74 1297 HORIZON_INSUFFICIENT   age 0.0467 0.0613 0.0621 t_go 0.0
PLAN 75 1301 HORIZON_INSUFFICIENT   age 0.0582 0.0723 0.079 t_go 0.0
PLAN 76 1306 HORIZON_INSUFFICIENT   age 0.0428 0.0563 0.0566 t_go 0.0
PLAN 77 1310 HORIZON_INSUFFICIENT   age 0.0523 0.0713 0.0727 t_go 0.0
PLAN 78 1315 HORIZON_INSUFFICIENT   age 0.0496 0.069 0.0706 t_go 0.0
PLAN 79 1320 HORIZON_INSUFFICIENT   age 0.0473 0.0611 0.0616 t_go 0.0
PLAN 80 1324 HORIZON_INSUFFICIENT   age 0.0505 0.0743 0.0747 t_go 0.0
PLAN 81 1328 HORIZON_INSUFFICIENT   age 0.056 0.0752 0.0755 t_go 0.0
PLAN 82 1332 HORIZON_INSUFFICIENT   age 0.0566 0.0844 0.0913 t_go 0.0
PLAN 83 1337 HORIZON_INSUFFICIENT   age 0.0438 0.0631 0.0635 t_go 0.0
PLAN 84 1341 HORIZON_INSUFFICIENT   age 0.043 0.0608 0.061 t_go 0.0
PLAN 85 1346 HORIZON_INSUFFICIENT   age 0.0482 0.0618 0.0625 t_go 0.0
PLAN 86 1351 HORIZON_INSUFFICIENT   age 0.0591 0.0886 0.0888 t_go 0.0
PLAN 87 1356 HORIZON_INSUFFICIENT   age 0.0459 0.0615 0.0621 t_go 0.0
PLAN 88 1361 HORIZON_INSUFFICIENT   age 0.0422 0.0656 0.0685 t_go 0.0
PLAN 89 1365 HORIZON_INSUFFICIENT   age 0.0466 0.0614 0.0622 t_go 0.0
PLAN 90 1369 HORIZON_INSUFFICIENT   age 0.0477 0.0615 0.0687 t_go 0.0
PLAN 91 1374 HORIZON_INSUFFICIENT   age 0.0454 0.0592 0.0601 t_go 0.0
PLAN 92 1379 HORIZON_INSUFFICIENT   age 0.0396 0.0521 0.0523 t_go 0.0
PLAN 93 1383 HORIZON_INSUFFICIENT   age 0.0538 0.0746 0.0748 t_go 0.0
PLAN 94 1388 HORIZON_INSUFFICIENT   age 0.0489 0.081 0.0813 t_go 0.0
RESULT {'stamp': {'sec': 1791249728, 'nanosec': 154965878}, 'mission_id': 1, 'success': False, 'outcome': 'FAILURE', 'reason': 'TIMEOUT', 'detail': 'determined by simulation truth in evaluator only', 'elapsed_time': 30.018430709838867, 'capture_radius': 0.5, 'minimum_distance': 2.632182580598498, 'horizontal_distance': 7.979900880258547, 'vertical_error': 1.2238122641515188, 'relative_speed': 3.0024038423958244, 'closing_speed': 2.428936934558272, 'max_horizontal_speed': 6.5219916110767295, 'max_vertical_speed': 2.7687599019871816, 'max_horizontal_acceleration': 8.155542922719988, 'max_vertical_acceleration': 4.687215132505967}
PLAN 95 1393 HORIZON_INSUFFICIENT   age 0.0575 0.0828 0.0831 t_go 0.0
PLAN 96 1398 HORIZON_INSUFFICIENT   age 0.044 0.0641 0.0644 t_go 0.0
PLAN 97 1403 HORIZON_INSUFFICIENT   age 0.051 0.0672 0.0684 t_go 0.0
PLAN 98 1408 HORIZON_INSUFFICIENT   age 0.0416 0.0595 0.0601 t_go 0.0
PLAN 99 1413 HORIZON_INSUFFICIENT   age 0.056 0.0715 0.0718 t_go 0.0
PLAN 100 1418 HORIZON_INSUFFICIENT   age 0.0414 0.0591 0.0602 t_go 0.0
PLAN 101 1422 HORIZON_INSUFFICIENT   age 0.0546 0.0802 0.0808 t_go 0.0
PLAN 102 1427 DYNAMIC_LIMIT_HORIZONTAL   age 0.0403 0.0936 0.0983 t_go 0.0
PLAN 103 1431 DYNAMIC_LIMIT_HORIZONTAL   age 0.0438 0.0798 0.08 t_go 0.0
PLAN 104 1436 DYNAMIC_LIMIT_HORIZONTAL   age 0.0305 0.0546 0.0602 t_go 0.0
