0.04 1.5 0 HORIZON_INSUFFICIENT None
0.04 1.5 6.5 HORIZON_INSUFFICIENT None
0.04 2.0 6.5 HORIZON_INSUFFICIENT None
0.04 2.5 6.5 HORIZON_INSUFFICIENT None
0.26 1.5 0 HORIZON_INSUFFICIENT None
0.26 1.5 6.5 HORIZON_INSUFFICIENT None
0.26 2.0 6.5 HORIZON_INSUFFICIENT None
0.26 2.5 6.5 HORIZON_INSUFFICIENT None
0.46 1.5 0 HORIZON_INSUFFICIENT None
0.46 1.5 6.5 HORIZON_INSUFFICIENT None
0.46 2.0 6.5 HORIZON_INSUFFICIENT None
0.46 2.5 6.5 DYNAMIC_LIMIT_VERTICAL None
0.69 1.5 0 HORIZON_INSUFFICIENT None
0.69 1.5 6.5 HORIZON_INSUFFICIENT None
0.69 2.0 6.5 HORIZON_INSUFFICIENT None
0.69 2.5 6.5 DYNAMIC_LIMIT_VERTICAL None
0.88 1.5 0 HORIZON_INSUFFICIENT None
0.88 1.5 6.5 HORIZON_INSUFFICIENT None
0.88 2.0 6.5 HORIZON_INSUFFICIENT None
0.88 2.5 6.5 DYNAMIC_LIMIT_VERTICAL None
1.09 1.5 0 HORIZON_INSUFFICIENT None
1.09 1.5 6.5 HORIZON_INSUFFICIENT None
1.09 2.0 6.5 HORIZON_INSUFFICIENT None
1.09 2.5 6.5 DYNAMIC_LIMIT_HORIZONTAL None
1.34 1.5 0 HORIZON_INSUFFICIENT None
1.34 1.5 6.5 HORIZON_INSUFFICIENT None
1.34 2.0 6.5 DYNAMIC_LIMIT_HORIZONTAL None
1.34 2.5 6.5 DYNAMIC_LIMIT_HORIZONTAL None
1.55 1.5 0 HORIZON_INSUFFICIENT None
1.55 1.5 6.5 HORIZON_INSUFFICIENT None
1.55 2.0 6.5 DYNAMIC_LIMIT_HORIZONTAL None
1.55 2.5 6.5 DYNAMIC_LIMIT_HORIZONTAL None
1.81 1.5 0 HORIZON_INSUFFICIENT None
1.81 1.5 6.5 HORIZON_INSUFFICIENT None
1.81 2.0 6.5 DYNAMIC_LIMIT_VERTICAL None
1.81 2.5 6.5 DYNAMIC_LIMIT_VERTICAL None
2.07 1.5 0 HORIZON_INSUFFICIENT None
2.07 1.5 6.5 DYNAMIC_LIMIT_VERTICAL None
2.07 2.0 6.5 DYNAMIC_LIMIT_VERTICAL None
2.07 2.5 6.5 DYNAMIC_LIMIT_VERTICAL None
2.31 1.5 0 DYNAMIC_LIMIT_VERTICAL None
2.31 1.5 6.5 DYNAMIC_LIMIT_VERTICAL None
2.31 2.0 6.5 DYNAMIC_LIMIT_VERTICAL None
2.31 2.5 6.5 DYNAMIC_LIMIT_VERTICAL None
2.51 1.5 0 DYNAMIC_LIMIT_VERTICAL None
2.51 1.5 6.5 DYNAMIC_LIMIT_VERTICAL None
2.51 2.0 6.5 DYNAMIC_LIMIT_VERTICAL None
2.51 2.5 6.5 DYNAMIC_LIMIT_VERTICAL None
2.72 1.5 0 DYNAMIC_LIMIT_VERTICAL None
2.72 1.5 6.5 DYNAMIC_LIMIT_VERTICAL None
2.72 2.0 6.5 DYNAMIC_LIMIT_VERTICAL None
2.72 2.5 6.5 NONE 2.5
2.97 1.5 0 DYNAMIC_LIMIT_VERTICAL None
2.97 1.5 6.5 DYNAMIC_LIMIT_VERTICAL None
2.97 2.0 6.5 DYNAMIC_LIMIT_VERTICAL None
2.97 2.5 6.5 DYNAMIC_LIMIT_VERTICAL None
3.16 1.5 0 HORIZON_INSUFFICIENT None
3.16 1.5 6.5 HORIZON_INSUFFICIENT None
3.16 2.0 6.5 HORIZON_INSUFFICIENT None
3.16 2.5 6.5 HORIZON_INSUFFICIENT None
camera_origin_1 [(5.17, 4.45, 4.51, 4.44, 0.0), (5.57, 4.8, 5.0, 4.43, 0.09), (5.97, 5.52, 5.99, 5.28, 0.26), (6.37, 5.77, 6.1, 6.51, 0.17)]
camera_origin_2 [(5.12, 4.43, 4.51, 4.42, 0.0), (5.53, 4.89, 5.12, 4.44, 0.1), (5.92, 5.51, 5.91, 5.4, 0.25), (6.32, 5.58, 5.76, 6.35, 0.08)]
