F.............                                                           [100%]
=================================== FAILURES ===================================
__________ test_cruise_contact_keeps_speed_instead_of_matching_target __________

    def test_cruise_contact_keeps_speed_instead_of_matching_target():
        # A known constant-speed contact must not be ruled out by a slow
        # configured closing candidate; both prefilter and endpoint use 6.5 m/s.
        planner = make_planner(
            minimum_duration=.3, maximum_duration=.7, terminal_horizontal_speed=6.5,
            capture_radius=.5, contact_clearance=.3, preferred_clearance=.33,
            piece_count=1, response_delay=.15,
        )
        outcome = planner.plan(
            initial_position=(0., 0., -.33), initial_velocity=(6.5, 0., 0.),
            initial_acceleration=(0., 0., 0.), target_state_at_time=lambda t: (
                (1.75 + 4. * t, 0., 0.), (4., 0., 0.), (0., 0., 0.)),
            preferred_duration=.7,
        )
        assert outcome.failure == FastPlanningFailure.NONE
        assert outcome.plan.closing_speed == pytest.approx(2.5)
>       assert outcome.diagnostics.candidate_diagnostics[-1].closing_speed == pytest.approx(2.5)
E       AssertionError: assert 1.5 == 2.5 ± 2.5e-06
E        +  where 1.5 = CandidateDiagnostic(duration=0.7, closing_speed=1.5, curve_weight=0.7, generation_time=0.00014031199680175632, validat...m_constraint_violation=0.0, maximum_violation_time=-1.0, maximum_violation_phase='NONE', failure='NONE', violations=()).closing_speed
E        +  and   2.5 ± 2.5e-06 = <function approx at 0x775ab948f490>(2.5)
E        +    where <function approx at 0x775ab948f490> = pytest.approx

test/test_fast_minco_planner.py:52: AssertionError
=========================== short test summary info ============================
FAILED test/test_fast_minco_planner.py::test_cruise_contact_keeps_speed_instead_of_matching_target
1 failed, 13 passed in 0.22s
