F.............                                                           [100%]
=================================== FAILURES ===================================
__________ test_cruise_contact_keeps_speed_instead_of_matching_target __________

    def test_cruise_contact_keeps_speed_instead_of_matching_target():
        # A known constant-speed contact must not be ruled out by a slow
        # configured closing candidate; both prefilter and endpoint use 6.5 m/s.
>       planner = make_planner(
            minimum_duration=.3, maximum_duration=.7, terminal_horizontal_speed=6.5,
            capture_radius=.5, contact_clearance=.3, preferred_clearance=.33,
            piece_count=1, response_delay=.15,
        )

test/test_fast_minco_planner.py:39: 
_ _ _ _ _ _ _ _ _ _ _ _ _ _ _ _ _ _ _ _ _ _ _ _ _ _ _ _ _ _ _ _ _ _ _ _ _ _ _ _ 

overrides = {'capture_radius': 0.5, 'contact_clearance': 0.3, 'maximum_duration': 0.7, 'minimum_duration': 0.3, ...}
parameters = {'capture_radius': 0.5, 'conservative_closing_speed': 0.3, 'contact_clearance': 0.3, 'deadline_seconds': 0.08, ...}

    def make_planner(**overrides):
        """Create the realtime planner with the project dynamic envelope."""
        parameters = {
            'minimum_duration': 1.0,
            'maximum_duration': 3.0,
            'duration_margin': 0.35,
            'sample_step': 0.05,
            'maximum_horizontal_speed': 7.0,
            'maximum_vertical_speed': 4.0,
            'maximum_horizontal_acceleration': 3.5,
            'maximum_vertical_acceleration': 3.0,
            'preferred_closing_speed': 1.5,
            'conservative_closing_speed': 0.3,
            'capture_radius': 0.25,
            'sea_surface_z': 0.0,
            'contact_clearance': 0.05,
            'preferred_clearance': 0.1,
            'piece_count': 3,
            'target_curve_weight': 0.7,
            'deadline_seconds': 0.08,
        }
        parameters.update(overrides)
>       return FastMincoPlanner(**parameters)
E       TypeError: FastMincoPlanner.__init__() got an unexpected keyword argument 'terminal_horizontal_speed'

test/test_fast_minco_planner.py:33: TypeError
=========================== short test summary info ============================
FAILED test/test_fast_minco_planner.py::test_cruise_contact_keeps_speed_instead_of_matching_target
1 failed, 13 passed in 0.20s
