.........................FF........                                      [100%]
=================================== FAILURES ===================================
_ test_validated_terminal_plan_can_start_before_preparation_settles[0.12-True] _

margin = 0.12, expected = True

    @pytest.mark.parametrize('margin, expected', [(0.12, True), (-0.01, False)])
    def test_validated_terminal_plan_can_start_before_preparation_settles(margin, expected):
>       decision = evaluate_terminal_admission(
            horizontal_min_time=1.29, vertical_min_time=1.29, selected_t_go=1.5,
            planned_capture_margin=margin, current_z=-1.4, current_vz=.2,
            planned_initial_vz=.2, sea_surface_z=0., reserve_clearance=.20,
            response_delay=.15, braking_acceleration=2.5, maximum_vertical_speed=4.,
            time_sync_tolerance=.35, preparation_position_error=1.19,
            preparation_velocity_error=.77, preparation_position_tolerance=.7,
            preparation_velocity_tolerance=.7, capture_execution_margin=.25,
            require_preparation_alignment=False,
        )
E       TypeError: evaluate_terminal_admission() got an unexpected keyword argument 'require_preparation_alignment'

test/test_planner_pipeline.py:465: TypeError
_ test_validated_terminal_plan_can_start_before_preparation_settles[-0.01-False] _

margin = -0.01, expected = False

    @pytest.mark.parametrize('margin, expected', [(0.12, True), (-0.01, False)])
    def test_validated_terminal_plan_can_start_before_preparation_settles(margin, expected):
>       decision = evaluate_terminal_admission(
            horizontal_min_time=1.29, vertical_min_time=1.29, selected_t_go=1.5,
            planned_capture_margin=margin, current_z=-1.4, current_vz=.2,
            planned_initial_vz=.2, sea_surface_z=0., reserve_clearance=.20,
            response_delay=.15, braking_acceleration=2.5, maximum_vertical_speed=4.,
            time_sync_tolerance=.35, preparation_position_error=1.19,
            preparation_velocity_error=.77, preparation_position_tolerance=.7,
            preparation_velocity_tolerance=.7, capture_execution_margin=.25,
            require_preparation_alignment=False,
        )
E       TypeError: evaluate_terminal_admission() got an unexpected keyword argument 'require_preparation_alignment'

test/test_planner_pipeline.py:465: TypeError
=========================== short test summary info ============================
FAILED test/test_planner_pipeline.py::test_validated_terminal_plan_can_start_before_preparation_settles[0.12-True]
FAILED test/test_planner_pipeline.py::test_validated_terminal_plan_can_start_before_preparation_settles[-0.01-False]
2 failed, 33 passed in 0.15s
