FFFFF                                                                    [100%]
=================================== FAILURES ===================================
____ test_delayed_perfect_tracking_does_not_create_position_feedback[0.02] _____

delay = 0.02

    @pytest.mark.parametrize('delay', [0.02, 0.04, 0.08])
    def test_delayed_perfect_tracking_does_not_create_position_feedback(delay):
        """A physical 6 m/s sample must not be compared with a later position."""
        coefficients = (0., 6., 0., 0., 0., 0.,
                        0., 0., 0., 0., 0., 0.,
                        -1., 0., 0., 0., 0., 0.)
        trajectory = replace(linear_trajectory(),
                             segments=(PolynomialSegmentData(2., coefficients),))
        tracker = TrajectoryTrackerCore()
        tracker.active_trajectory = trajectory
        sample_stamp = 10.5 - delay
        measured = state(sample_stamp, (6. * (.5 - delay), 0., -1.), (6., 0., 0.))
>       command = tracker.command(measured, 4, control_stamp=10.5)
E       TypeError: TrajectoryTrackerCore.command() got an unexpected keyword argument 'control_stamp'

test/test_trajectory_tracking.py:68: TypeError
____ test_delayed_perfect_tracking_does_not_create_position_feedback[0.04] _____

delay = 0.04

    @pytest.mark.parametrize('delay', [0.02, 0.04, 0.08])
    def test_delayed_perfect_tracking_does_not_create_position_feedback(delay):
        """A physical 6 m/s sample must not be compared with a later position."""
        coefficients = (0., 6., 0., 0., 0., 0.,
                        0., 0., 0., 0., 0., 0.,
                        -1., 0., 0., 0., 0., 0.)
        trajectory = replace(linear_trajectory(),
                             segments=(PolynomialSegmentData(2., coefficients),))
        tracker = TrajectoryTrackerCore()
        tracker.active_trajectory = trajectory
        sample_stamp = 10.5 - delay
        measured = state(sample_stamp, (6. * (.5 - delay), 0., -1.), (6., 0., 0.))
>       command = tracker.command(measured, 4, control_stamp=10.5)
E       TypeError: TrajectoryTrackerCore.command() got an unexpected keyword argument 'control_stamp'

test/test_trajectory_tracking.py:68: TypeError
____ test_delayed_perfect_tracking_does_not_create_position_feedback[0.08] _____

delay = 0.08

    @pytest.mark.parametrize('delay', [0.02, 0.04, 0.08])
    def test_delayed_perfect_tracking_does_not_create_position_feedback(delay):
        """A physical 6 m/s sample must not be compared with a later position."""
        coefficients = (0., 6., 0., 0., 0., 0.,
                        0., 0., 0., 0., 0., 0.,
                        -1., 0., 0., 0., 0., 0.)
        trajectory = replace(linear_trajectory(),
                             segments=(PolynomialSegmentData(2., coefficients),))
        tracker = TrajectoryTrackerCore()
        tracker.active_trajectory = trajectory
        sample_stamp = 10.5 - delay
        measured = state(sample_stamp, (6. * (.5 - delay), 0., -1.), (6., 0., 0.))
>       command = tracker.command(measured, 4, control_stamp=10.5)
E       TypeError: TrajectoryTrackerCore.command() got an unexpected keyword argument 'control_stamp'

test/test_trajectory_tracking.py:68: TypeError
___ test_accelerating_feedforward_uses_command_epoch_with_same_time_feedback ___

    def test_accelerating_feedforward_uses_command_epoch_with_same_time_feedback():
        # x(t)=t^2: physical sample t=.45 has p=.2025 and v=.9;
        # command epoch t=.5 requires v=1, with zero tracking error.
        coefficients = (0., 0., 1., 0., 0., 0.,
                        0., 0., 0., 0., 0., 0.,
                        -1., 0., 0., 0., 0., 0.)
        tracker = TrajectoryTrackerCore()
        tracker.active_trajectory = replace(
            linear_trajectory(), segments=(PolynomialSegmentData(2., coefficients),))
>       command = tracker.command(state(10.45, (.2025, 0., -1.), (.9, 0., 0.)),
                                  4, control_stamp=10.5)
E       TypeError: TrajectoryTrackerCore.command() got an unexpected keyword argument 'control_stamp'

test/test_trajectory_tracking.py:84: TypeError
_______ test_old_measurement_cannot_keep_an_expired_trajectory_executing _______

    def test_old_measurement_cannot_keep_an_expired_trajectory_executing():
        tracker = TrajectoryTrackerCore()
        tracker.active_trajectory = linear_trajectory()
>       assert tracker.command(state(11.98), 4, control_stamp=12.) is None
E       TypeError: TrajectoryTrackerCore.command() got an unexpected keyword argument 'control_stamp'

test/test_trajectory_tracking.py:93: TypeError
=========================== short test summary info ============================
FAILED test/test_trajectory_tracking.py::test_delayed_perfect_tracking_does_not_create_position_feedback[0.02]
FAILED test/test_trajectory_tracking.py::test_delayed_perfect_tracking_does_not_create_position_feedback[0.04]
FAILED test/test_trajectory_tracking.py::test_delayed_perfect_tracking_does_not_create_position_feedback[0.08]
FAILED test/test_trajectory_tracking.py::test_accelerating_feedforward_uses_command_epoch_with_same_time_feedback
FAILED test/test_trajectory_tracking.py::test_old_measurement_cannot_keep_an_expired_trajectory_executing
5 failed, 21 deselected in 0.06s
