PHASE GROUND_HOLD Y elapsed None
X SENT 2
PHASE TAKEOFF Y elapsed None
X SENT 1
X SENT 0
PHASE FOLLOW Y elapsed None
Y SENT after stable FOLLOW
PHASE FAR_GUIDANCE Y elapsed 0.002
PLAN 1 1199 HORIZON_INSUFFICIENT   age 0.04 0.06 0.0603 t_go 0.0
PLAN 2 1203 HORIZON_INSUFFICIENT   age 0.0521 0.0689 0.0692 t_go 0.0
PLAN 3 1207 HORIZON_INSUFFICIENT   age 0.0671 0.084 0.0843 t_go 0.0
PLAN 4 1212 HORIZON_INSUFFICIENT   age 0.0572 0.0699 0.0701 t_go 0.0
PLAN 5 1217 HORIZON_INSUFFICIENT   age 0.0457 0.055 0.0552 t_go 0.0
PLAN 6 1221 HORIZON_INSUFFICIENT   age 0.0541 0.0643 0.065 t_go 0.0
PLAN 7 1226 HORIZON_INSUFFICIENT   age 0.0488 0.062 0.0649 t_go 0.0
PLAN 8 1231 HORIZON_INSUFFICIENT   age 0.0354 0.0593 0.0596 t_go 0.0
PLAN 9 1235 DYNAMIC_LIMIT_VERTICAL   age 0.0448 0.0749 0.0835 t_go 0.0
PLAN 10 1240 DYNAMIC_LIMIT_VERTICAL   age 0.042 0.0526 0.0554 t_go 0.0
PLAN 11 1244 HORIZON_INSUFFICIENT   age 0.0441 0.052 0.0522 t_go 0.0
PHASE REACQUIRE Y elapsed 2.459
PHASE TARGET_LOCK Y elapsed 2.909
PHASE FAR_GUIDANCE Y elapsed 2.997
PLAN 12 1258 HORIZON_INSUFFICIENT   age 0.0481 0.0571 0.0574 t_go 0.0
PLAN 13 1263 HORIZON_INSUFFICIENT   age 0.0537 0.0615 0.0657 t_go 0.0
PLAN 14 1268 HORIZON_INSUFFICIENT   age 0.042 0.0565 0.057 t_go 0.0
PLAN 15 1272 HORIZON_INSUFFICIENT   age 0.0583 0.0774 0.0776 t_go 0.0
PLAN 16 1276 HORIZON_INSUFFICIENT   age 0.0668 0.0912 0.0936 t_go 0.0
PLAN 17 1281 HORIZON_INSUFFICIENT   age 0.0617 0.076 0.0768 t_go 0.0
PLAN 18 1286 HORIZON_INSUFFICIENT   age 0.0438 0.0639 0.065 t_go 0.0
PLAN 19 1291 HORIZON_INSUFFICIENT   age 0.0451 0.0712 0.0715 t_go 0.0
PLAN 20 1295 DYNAMIC_LIMIT_HORIZONTAL   age 0.0497 0.0943 0.0957 t_go 0.0
PLAN 21 1300 NONE   age 0.0441 0.0621 0.0639 t_go 1.5
PLAN 22 1304 NONE   age 0.0595 0.0801 0.0839 t_go 1.5
PLAN 23 1309 NONE   age 0.0568 0.0787 0.0857 t_go 1.5
PLAN 24 1314 NONE   age 0.0468 0.0611 0.0638 t_go 1.5
PLAN 25 1318 DYNAMIC_LIMIT_VERTICAL   age 0.0433 0.06 0.0609 t_go 0.0
PLAN 26 1322 DYNAMIC_LIMIT_VERTICAL   age 0.055 0.0819 0.0822 t_go 0.0
PLAN 27 1326 DYNAMIC_LIMIT_HORIZONTAL   age 0.0651 0.0918 0.092 t_go 0.0
PLAN 28 1331 DYNAMIC_LIMIT_HORIZONTAL   age 0.0448 0.0808 0.0815 t_go 0.0
PLAN 29 1335 HORIZON_INSUFFICIENT   age 0.0454 0.0678 0.0681 t_go 0.0
PLAN 30 1339 HORIZON_INSUFFICIENT   age 0.048 0.0769 0.0772 t_go 0.0
PLAN 31 1344 HORIZON_INSUFFICIENT   age 0.0518 0.0792 0.081 t_go 0.0
PLAN 32 1349 HORIZON_INSUFFICIENT   age 0.0369 0.0608 0.0629 t_go 0.0
PLAN 33 1353 HORIZON_INSUFFICIENT   age 0.0417 0.0646 0.0647 t_go 0.0
PLAN 34 1357 HORIZON_INSUFFICIENT   age 0.066 0.1032 0.104 t_go 0.0
PLAN 35 1362 DYNAMIC_LIMIT_HORIZONTAL   age 0.0421 0.0766 0.081 t_go 0.0
PLAN 36 1366 DYNAMIC_LIMIT_HORIZONTAL   age 0.0437 0.073 0.081 t_go 0.0
PLAN 37 1370 DYNAMIC_LIMIT_HORIZONTAL   age 0.0519 0.0758 0.081 t_go 0.0
PLAN 38 1375 DYNAMIC_LIMIT_HORIZONTAL   age 0.0417 0.0773 0.0831 t_go 0.0
PLAN 39 1379 NONE   age 0.0492 0.0625 0.0632 t_go 1.5
PLAN 40 1384 NONE   age 0.0393 0.0504 0.0509 t_go 1.5
PLAN 41 1388 NONE   age 0.0481 0.068 0.0693 t_go 1.5
PLAN 42 1392 NONE   age 0.0608 0.0726 0.081 t_go 1.5
PHASE MINCO_READY Y elapsed 9.798
PHASE MINCO_TRACKING Y elapsed 9.847
PLAN 43 1397 NONE   age 0.0456 0.0561 0.0931 t_go 1.21
PHASE MINCO_READY Y elapsed 10.07
PHASE MINCO_TRACKING Y elapsed 10.097
PHASE TERMINAL_MINCO Y elapsed 10.308
PLAN 44 1402 NONE   age 0.0561 0.0616 0.111 t_go 0.948
PLAN 45 1405 NONE   age 0.0541 0.0607 0.1033 t_go 0.802
PLAN 46 1408 NONE   age 0.0467 0.0538 0.1016 t_go 0.812
PLAN 47 1410 NONE   age 0.0521 0.0625 0.1009 t_go 0.874
PLAN 48 1412 DYNAMIC_LIMIT_HORIZONTAL   age 0.0658 0.0825 0.0912 t_go 0.0
PLAN 49 1415 DYNAMIC_LIMIT_HORIZONTAL   age 0.0553 0.0674 0.0732 t_go 0.0
RESULT {'stamp': {'sec': 1791251262, 'nanosec': 838770628}, 'mission_id': 1, 'success': True, 'outcome': 'SUCCESS', 'reason': 'CAPTURE_RADIUS_REACHED', 'detail': 'determined by simulation truth in evaluator only', 'elapsed_time': 11.177435398101807, 'capture_radius': 0.5, 'minimum_distance': 0.4462643298171392, 'horizontal_distance': 0.2758872259211432, 'vertical_error': 0.350767858619738, 'relative_speed': 2.35555469128299, 'closing_speed': 1.3537274674309954, 'max_horizontal_speed': 6.484138711529654, 'max_vertical_speed': 2.769714335903959, 'max_horizontal_acceleration': 3.55347987367257, 'max_vertical_acceleration': 4.277578559012003}
PHASE SAFE_RECOVERY Y elapsed 11.31
