FF                                                                       [100%]
=================================== FAILURES ===================================
___ test_partial_mask_centroid_does_not_steer_away_from_fitted_target_center ___

    def test_partial_mask_centroid_does_not_steer_away_from_fitted_target_center():
        """Clipped pixels at +0.4 rad must not turn a camera with a centred sphere."""
        from uav_usv_interfaces.msg import TargetObservation
        from test_strict_visual_control import stamp
    
        node, state = intercept_node()
        state = replace(state, velocity=(0., 1., 0.))  # No LOS rotation.
        node.visibility.last_valid_image_bearing = .4
        observation = TargetObservation()
        observation.stamp.sec = stamp(10.2).sec
        observation.stamp.nanosec = stamp(10.2).nanosec
        observation.frame_id = 'local_ned'
        observation.valid = True
        observation.center_camera_x = 1.
        observation.center_camera_z = -.2
        node.observation_callback(observation)
        command = SimpleNamespace()
        node._final_yaw(command, state, .05)
>       assert command.yawspeed == 0.
E       assert 0.4 == 0.0
E        +  where 0.4 = namespace(yaw=0.020000000000000018, yawspeed=0.4).yawspeed

test/test_intercept_yaw_feedforward.py:65: AssertionError
_ test_valid_camera_center_is_available_without_optional_geometry_diagnostics __

    def test_valid_camera_center_is_available_without_optional_geometry_diagnostics():
        """Yaw feedback needs the measured camera ray in the normal launch too."""
        now = [100.0]
        node, observations = _make_synthetic_localizer(now)
        node.geometry_diagnostics_enabled = False
        for stamp in (100., 100.5):
            node.position_history.add(stamp, (0., 0., -5.))
            node.attitude_history.add(stamp, (1., 0., 0., 0.))
        _enqueue_rgbd(node, now, 100.1, .02, .03)
        node.localize()
        message = observations[-1]
        assert message.valid
        assert not message.geometry_diagnostics_enabled
>       assert (message.center_camera_x, message.center_camera_y,
                message.center_camera_z) == pytest.approx((5., 0., 0.))
E       assert (0.0, 0.0, 0.0) == approx((5.0 ± 5.0e-06, 0.0 ± 1.0e-12, 0.0 ± 1.0e-12))
E        +  where approx((5.0 ± 5.0e-06, 0.0 ± 1.0e-12, 0.0 ± 1.0e-12)) = <function approx at 0x7f79c582f490>((5.0, 0.0, 0.0))
E        +    where <function approx at 0x7f79c582f490> = pytest.approx

test/test_rgbd_target_localizer.py:1477: AssertionError
=========================== short test summary info ============================
FAILED test/test_intercept_yaw_feedforward.py::test_partial_mask_centroid_does_not_steer_away_from_fitted_target_center
FAILED test/test_rgbd_target_localizer.py::test_valid_camera_center_is_available_without_optional_geometry_diagnostics
2 failed, 99 deselected in 0.27s
