F.                                                                       [100%]
=================================== FAILURES ===================================
_ test_legacy_follow_limit_is_inherited_unless_explicitly_overridden[overrides0-2.5] _

monkeypatch = <_pytest.monkeypatch.MonkeyPatch object at 0x7da6b37c28c0>
overrides = {'maximum_horizontal_acceleration': 2.5}, expected = 2.5

    @pytest.mark.parametrize('overrides, expected', [
        ({'maximum_horizontal_acceleration': 2.5}, 2.5),
        ({'maximum_horizontal_acceleration': 3.5,
          'guidance_maximum_horizontal_acceleration': 3.0}, 3.0),
    ])
    def test_legacy_follow_limit_is_inherited_unless_explicitly_overridden(
        monkeypatch, overrides, expected,
    ):
        # Exercise the real node's parameter declaration and core construction.
        # ROS transports are replaced because this is a constructor unit test.
        values = {}
        monkeypatch.setattr(Node, '__init__', lambda *args, **kwargs: None)
    
        def declare(self, name, default):
            values[name] = overrides.get(name, default)
            return SimpleNamespace(value=values[name])
    
        monkeypatch.setattr(Node, 'declare_parameter', declare)
        monkeypatch.setattr(Node, 'get_parameter',
                            lambda self, name: SimpleNamespace(value=values[name]))
        monkeypatch.setattr(Node, 'resolve_topic_name', lambda self, name: name)
        for method in ('create_subscription', 'create_publisher', 'create_timer'):
            monkeypatch.setattr(Node, method, lambda *args, **kwargs: None)
        monkeypatch.setattr(Node, 'get_logger',
                            lambda self: SimpleNamespace(info=lambda *args: None))
        node = TrajectoryTrackerNode()
>       assert node.flight_guidance.maximum_horizontal_acceleration == expected
E       assert 3.0 == 2.5
E        +  where 3.0 = <uav_control.control.flight_guidance.FlightGuidanceCore object at 0x7da6b37c2bc0>.maximum_horizontal_acceleration
E        +    where <uav_control.control.flight_guidance.FlightGuidanceCore object at 0x7da6b37c2bc0> = <uav_control.control.trajectory_tracker_node.TrajectoryTrackerNode object at 0x7da6b37c2b90>.flight_guidance

test/test_tracker_parameter_inheritance.py:37: AssertionError
=========================== short test summary info ============================
FAILED test/test_tracker_parameter_inheritance.py::test_legacy_follow_limit_is_inherited_unless_explicitly_overridden[overrides0-2.5]
1 failed, 1 passed in 0.24s
