PHASE INIT Y elapsed None
PHASE GROUND_HOLD Y elapsed None
X SENT 2
PHASE TAKEOFF Y elapsed None
X SENT 1
X SENT 0
PHASE FOLLOW Y elapsed None
Y SENT after stable FOLLOW
PHASE FAR_GUIDANCE Y elapsed 0.001
PLAN 1 653 HORIZON_INSUFFICIENT   age 0.034 0.0381 0.0384 t_go 0.0
PLAN 2 657 HORIZON_INSUFFICIENT   age 0.0466 0.05 0.0501 t_go 0.0
PLAN 3 662 HORIZON_INSUFFICIENT   age 0.0474 0.0546 0.0551 t_go 0.0
PLAN 4 667 HORIZON_INSUFFICIENT   age 0.0369 0.04 0.0402 t_go 0.0
PLAN 5 672 HORIZON_INSUFFICIENT   age 0.0327 0.0359 0.0365 t_go 0.0
PLAN 6 677 HORIZON_INSUFFICIENT   age 0.0386 0.0409 0.0458 t_go 0.0
PLAN 7 681 HORIZON_INSUFFICIENT   age 0.0397 0.0454 0.046 t_go 0.0
PLAN 8 685 HORIZON_INSUFFICIENT   age 0.0445 0.0492 0.0496 t_go 0.0
PLAN 9 690 HORIZON_INSUFFICIENT   age 0.0413 0.0494 0.0496 t_go 0.0
PLAN 10 694 HORIZON_INSUFFICIENT   age 0.0436 0.0505 0.0507 t_go 0.0
PLAN 11 699 HORIZON_INSUFFICIENT   age 0.0359 0.0441 0.0458 t_go 0.0
PLAN 12 703 HORIZON_INSUFFICIENT   age 0.0362 0.04 0.0458 t_go 0.0
PLAN 13 707 DYNAMIC_LIMIT_VERTICAL   age 0.039 0.048 0.0559 t_go 0.0
PLAN 14 711 DYNAMIC_LIMIT_VERTICAL   age 0.0407 0.0484 0.0559 t_go 0.0
PLAN 15 716 DYNAMIC_LIMIT_VERTICAL   age 0.032 0.0397 0.0438 t_go 0.0
PLAN 16 720 DYNAMIC_LIMIT_VERTICAL   age 0.0362 0.047 0.0539 t_go 0.0
PLAN 17 724 DYNAMIC_LIMIT_VERTICAL   age 0.0422 0.0513 0.0539 t_go 0.0
PLAN 18 729 DYNAMIC_LIMIT_VERTICAL   age 0.0443 0.051 0.0512 t_go 0.0
PLAN 19 733 DYNAMIC_LIMIT_VERTICAL   age 0.0454 0.052 0.0559 t_go 0.0
PLAN 20 738 DYNAMIC_LIMIT_VERTICAL   age 0.0383 0.0494 0.0539 t_go 0.0
PLAN 21 742 DYNAMIC_LIMIT_VERTICAL   age 0.0387 0.0474 0.0539 t_go 0.0
PLAN 22 746 DYNAMIC_LIMIT_VERTICAL   age 0.0414 0.0522 0.0538 t_go 0.0
PLAN 23 751 DYNAMIC_LIMIT_VERTICAL   age 0.0403 0.0537 0.0543 t_go 0.0
PLAN 24 755 DYNAMIC_LIMIT_VERTICAL   age 0.0435 0.0524 0.0559 t_go 0.0
PLAN 25 759 DYNAMIC_LIMIT_VERTICAL   age 0.0551 0.0635 0.066 t_go 0.0
PLAN 26 764 DYNAMIC_LIMIT_VERTICAL   age 0.0447 0.0551 0.064 t_go 0.0
PLAN 27 769 DYNAMIC_LIMIT_VERTICAL   age 0.0347 0.045 0.0458 t_go 0.0
PLAN 28 773 DYNAMIC_LIMIT_VERTICAL   age 0.0396 0.0483 0.0559 t_go 0.0
PLAN 29 778 DYNAMIC_LIMIT_VERTICAL   age 0.0488 0.0578 0.064 t_go 0.0
PLAN 30 783 HORIZON_INSUFFICIENT   age 0.0437 0.0573 0.0578 t_go 0.0
PLAN 31 788 HORIZON_INSUFFICIENT   age 0.0438 0.0527 0.0538 t_go 0.0
PLAN 32 793 HORIZON_INSUFFICIENT   age 0.0398 0.048 0.0487 t_go 0.0
PLAN 33 798 HORIZON_INSUFFICIENT   age 0.0366 0.042 0.0438 t_go 0.0
PLAN 34 803 HORIZON_INSUFFICIENT   age 0.0335 0.0399 0.0401 t_go 0.0
PLAN 35 807 HORIZON_INSUFFICIENT   age 0.0431 0.0496 0.0497 t_go 0.0
PLAN 36 812 HORIZON_INSUFFICIENT   age 0.0284 0.0363 0.0365 t_go 0.0
PLAN 37 816 HORIZON_INSUFFICIENT   age 0.0459 0.0529 0.0539 t_go 0.0
PLAN 38 821 HORIZON_INSUFFICIENT   age 0.0345 0.0435 0.0438 t_go 0.0
PLAN 39 825 HORIZON_INSUFFICIENT   age 0.0351 0.0467 0.0559 t_go 0.0
PLAN 40 829 HORIZON_INSUFFICIENT   age 0.0354 0.0457 0.0459 t_go 0.0
PLAN 41 834 HORIZON_INSUFFICIENT   age 0.0324 0.0429 0.0431 t_go 0.0
PLAN 42 838 HORIZON_INSUFFICIENT   age 0.033 0.0395 0.0396 t_go 0.0
PLAN 43 843 HORIZON_INSUFFICIENT   age 0.0376 0.0453 0.0458 t_go 0.0
PLAN 44 848 HORIZON_INSUFFICIENT   age 0.0301 0.0383 0.0385 t_go 0.0
PLAN 45 852 HORIZON_INSUFFICIENT   age 0.0379 0.0509 0.0539 t_go 0.0
PLAN 46 857 NONE   age 0.052 0.0615 0.0659 t_go 1.5
PLAN 47 862 NONE   age 0.0375 0.0472 0.0477 t_go 1.5
PLAN 48 867 NONE   age 0.0386 0.0465 0.0467 t_go 1.5
PLAN 49 872 NONE   age 0.0348 0.0428 0.0438 t_go 1.5
PLAN 50 877 NONE   age 0.035 0.0451 0.046 t_go 1.5
PLAN 51 882 NONE   age 0.0229 0.0299 0.0301 t_go 1.5
PLAN 52 886 NONE   age 0.0242 0.0298 0.0338 t_go 1.5
PLAN 53 890 NONE   age 0.0248 0.0325 0.0338 t_go 1.5
PHASE TERMINAL_MINCO Y elapsed 11.901
PLAN 54 892 NONE   age 0.0275 0.0312 0.054 t_go 1.388
PLAN 55 894 NONE   age 0.0315 0.0348 0.054 t_go 1.285
PLAN 56 897 NONE   age 0.035 0.0374 0.0559 t_go 1.146
PLAN 57 899 NONE   age 0.0368 0.0415 0.0659 t_go 1.117
PLAN 58 902 NONE   age 0.0225 0.0263 0.0438 t_go 1.062
PLAN 59 904 NONE   age 0.0239 0.0309 0.054 t_go 1.033
PLAN 60 906 NONE   age 0.0259 0.0304 0.0539 t_go 1.004
PLAN 61 908 NONE   age 0.0264 0.0335 0.0539 t_go 0.977
PLAN 62 910 NONE   age 0.035 0.0423 0.0639 t_go 0.943
PLAN 63 912 NONE   age 0.0356 0.0393 0.0639 t_go 0.913
PLAN 64 915 NONE   age 0.0356 0.0381 0.0559 t_go 0.803
PHASE SAFE_RECOVERY Y elapsed 13.255
PHASE REACQUIRE Y elapsed 14.655
PHASE TARGET_LOCK Y elapsed 15.104
PHASE FAR_GUIDANCE Y elapsed 15.181
PLAN 65 954 HORIZON_INSUFFICIENT   age 0.0231 0.0271 0.0274 t_go 0.0
PLAN 66 958 HORIZON_INSUFFICIENT   age 0.0296 0.0332 0.0339 t_go 0.0
PLAN 67 962 HORIZON_INSUFFICIENT   age 0.0306 0.0336 0.0341 t_go 0.0
PLAN 68 966 HORIZON_INSUFFICIENT   age 0.0321 0.0357 0.036 t_go 0.0
PLAN 69 970 HORIZON_INSUFFICIENT   age 0.0355 0.0391 0.0393 t_go 0.0
PLAN 70 974 HORIZON_INSUFFICIENT   age 0.0391 0.0453 0.0455 t_go 0.0
PLAN 71 979 HORIZON_INSUFFICIENT   age 0.037 0.0436 0.0458 t_go 0.0
PLAN 72 984 HORIZON_INSUFFICIENT   age 0.0257 0.0324 0.0338 t_go 0.0
PLAN 73 988 HORIZON_INSUFFICIENT   age 0.0278 0.0378 0.0384 t_go 0.0
PLAN 74 993 HORIZON_INSUFFICIENT   age 0.037 0.0467 0.0474 t_go 0.0
PLAN 75 997 HORIZON_INSUFFICIENT   age 0.0407 0.0495 0.0559 t_go 0.0
PLAN 76 1001 HORIZON_INSUFFICIENT   age 0.0424 0.05 0.0502 t_go 0.0
PLAN 77 1006 HORIZON_INSUFFICIENT   age 0.0401 0.0439 0.0444 t_go 0.0
PLAN 78 1011 HORIZON_INSUFFICIENT   age 0.0357 0.0394 0.0396 t_go 0.0
PLAN 79 1016 HORIZON_INSUFFICIENT   age 0.0332 0.0408 0.0409 t_go 0.0
PLAN 80 1021 HORIZON_INSUFFICIENT   age 0.0349 0.0429 0.0431 t_go 0.0
PLAN 81 1025 HORIZON_INSUFFICIENT   age 0.0451 0.0517 0.0518 t_go 0.0
PLAN 82 1030 HORIZON_INSUFFICIENT   age 0.0266 0.0325 0.0337 t_go 0.0
PLAN 83 1034 HORIZON_INSUFFICIENT   age 0.0319 0.0359 0.0363 t_go 0.0
PLAN 84 1038 HORIZON_INSUFFICIENT   age 0.0464 0.054 0.0545 t_go 0.0
PHASE SAFE_RECOVERY Y elapsed 19.654
PHASE REACQUIRE Y elapsed 19.904
PHASE SAFE_WAIT Y elapsed 21.954
RESULT {'stamp': {'sec': 1791189722, 'nanosec': 408435345}, 'mission_id': 1, 'success': False, 'outcome': 'FAILURE', 'reason': 'TIMEOUT', 'detail': 'determined by simulation truth in evaluator only', 'elapsed_time': 30.042436361312866, 'capture_radius': 0.5, 'minimum_distance': 0.6328023802192111, 'horizontal_distance': 40.49369677954775, 'vertical_error': 5.0115525423211835, 'relative_speed': 3.9814419026193275, 'closing_speed': -3.9503794699025296, 'max_horizontal_speed': 6.6317677649031666, 'max_vertical_speed': 2.6089554981025245, 'max_horizontal_acceleration': 6.900582012586833, 'max_vertical_acceleration': 4.294043300296802}
