FF                                                                       [100%]
=================================== FAILURES ===================================
_______ test_rgbd_partial_near_sphere_recovers_geometric_center[center0] _______

center = array([ 0.45, -0.08,  0.12])

    @pytest.mark.parametrize('center', [(.45, -.08, .12), (.7, .25, .2)])
    def test_rgbd_partial_near_sphere_recovers_geometric_center(center):
        """Use rendered ray/sphere intersections, including a missing mask side."""
        height, width = 120, 160
        fov = 1.74
        fx, fy, cx, cy = rgbd_target_localizer.camera_intrinsics(width, height, fov)
        rows, columns = np.indices((height, width))
        rays = np.stack((np.ones_like(rows), -(columns - cx) / fx,
                         -(rows - cy) / fy), axis=-1)
        center = np.array(center)
        radius = .25
        a = np.sum(rays * rays, axis=-1)
        b = np.sum(rays * center, axis=-1)
        discriminant = b * b - a * (np.dot(center, center) - radius ** 2)
        depth = (b - np.sqrt(np.maximum(discriminant, 0))) / a
        mask = (discriminant > 0) & (depth >= .05) & (columns > width // 3)
        depth[~mask] = np.inf
    
        estimated = target_vector_from_rgbd(mask, depth, fov, .05, 25., radius)
    
>       assert estimated == pytest.approx(center, abs=1e-4)
E       assert array([ 0.45528369, -0.11467755,  0.15515199]) == approx([0.45 ± 1.0e-04, -0.08 ± 1.0e-04, 0.12 ± 1.0e-04])
E        +  where approx([0.45 ± 1.0e-04, -0.08 ± 1.0e-04, 0.12 ± 1.0e-04]) = <function approx at 0x70209f6cb490>(array([ 0.45, -0.08,  0.12]), abs=0.0001)
E        +    where <function approx at 0x70209f6cb490> = pytest.approx

test/test_rgbd_target_localizer.py:130: AssertionError
_______ test_rgbd_partial_near_sphere_recovers_geometric_center[center1] _______

center = array([0.7 , 0.25, 0.2 ])

    @pytest.mark.parametrize('center', [(.45, -.08, .12), (.7, .25, .2)])
    def test_rgbd_partial_near_sphere_recovers_geometric_center(center):
        """Use rendered ray/sphere intersections, including a missing mask side."""
        height, width = 120, 160
        fov = 1.74
        fx, fy, cx, cy = rgbd_target_localizer.camera_intrinsics(width, height, fov)
        rows, columns = np.indices((height, width))
        rays = np.stack((np.ones_like(rows), -(columns - cx) / fx,
                         -(rows - cy) / fy), axis=-1)
        center = np.array(center)
        radius = .25
        a = np.sum(rays * rays, axis=-1)
        b = np.sum(rays * center, axis=-1)
        discriminant = b * b - a * (np.dot(center, center) - radius ** 2)
        depth = (b - np.sqrt(np.maximum(discriminant, 0))) / a
        mask = (discriminant > 0) & (depth >= .05) & (columns > width // 3)
        depth[~mask] = np.inf
    
        estimated = target_vector_from_rgbd(mask, depth, fov, .05, 25., radius)
    
>       assert estimated == pytest.approx(center, abs=1e-4)
E       assert array([0.75518981, 0.17902905, 0.23497563]) == approx([0.7 ± 1.0e-04, 0.25 ± 1.0e-04, 0.2 ± 1.0e-04])
E        +  where approx([0.7 ± 1.0e-04, 0.25 ± 1.0e-04, 0.2 ± 1.0e-04]) = <function approx at 0x70209f6cb490>(array([0.7 , 0.25, 0.2 ]), abs=0.0001)
E        +    where <function approx at 0x70209f6cb490> = pytest.approx

test/test_rgbd_target_localizer.py:130: AssertionError
=========================== short test summary info ============================
FAILED test/test_rgbd_target_localizer.py::test_rgbd_partial_near_sphere_recovers_geometric_center[center0]
FAILED test/test_rgbd_target_localizer.py::test_rgbd_partial_near_sphere_recovers_geometric_center[center1]
2 failed, 79 deselected in 0.36s
