PHASE INIT Y elapsed None
PHASE GROUND_HOLD Y elapsed None
X SENT 2
PHASE TAKEOFF Y elapsed None
X SENT 1
X SENT 0
PHASE FOLLOW Y elapsed None
Y SENT after stable FOLLOW
PHASE FAR_GUIDANCE Y elapsed 0.002
PLAN 1 649 HORIZON_INSUFFICIENT   age 0.041 0.0459 0.0464 t_go 0.0
PLAN 2 653 HORIZON_INSUFFICIENT   age 0.0532 0.0578 0.0584 t_go 0.0
PLAN 3 658 HORIZON_INSUFFICIENT   age 0.0427 0.0459 0.0461 t_go 0.0
PLAN 4 662 HORIZON_INSUFFICIENT   age 0.0441 0.0473 0.0515 t_go 0.0
PLAN 5 667 HORIZON_INSUFFICIENT   age 0.0395 0.0448 0.045 t_go 0.0
PLAN 6 671 HORIZON_INSUFFICIENT   age 0.0506 0.0549 0.0553 t_go 0.0
PLAN 7 676 HORIZON_INSUFFICIENT   age 0.0379 0.0429 0.0433 t_go 0.0
PLAN 8 680 HORIZON_INSUFFICIENT   age 0.0509 0.0542 0.0546 t_go 0.0
PLAN 9 685 HORIZON_INSUFFICIENT   age 0.0476 0.0519 0.0537 t_go 0.0
PLAN 10 690 HORIZON_INSUFFICIENT   age 0.0354 0.0396 0.0415 t_go 0.0
PLAN 11 694 HORIZON_INSUFFICIENT   age 0.0418 0.0463 0.0465 t_go 0.0
PLAN 12 699 HORIZON_INSUFFICIENT   age 0.0468 0.0513 0.0535 t_go 0.0
PLAN 13 703 HORIZON_INSUFFICIENT   age 0.0496 0.0555 0.0557 t_go 0.0
PLAN 14 707 DYNAMIC_LIMIT_VERTICAL   age 0.0499 0.0617 0.0636 t_go 0.0
PLAN 15 712 DYNAMIC_LIMIT_VERTICAL   age 0.0406 0.0536 0.0539 t_go 0.0
PLAN 16 717 DYNAMIC_LIMIT_VERTICAL   age 0.0371 0.0452 0.0536 t_go 0.0
PLAN 17 721 DYNAMIC_LIMIT_VERTICAL   age 0.0452 0.0536 0.0538 t_go 0.0
PLAN 18 726 DYNAMIC_LIMIT_VERTICAL   age 0.0363 0.0456 0.0516 t_go 0.0
PLAN 19 730 DYNAMIC_LIMIT_VERTICAL   age 0.0508 0.0618 0.062 t_go 0.0
PLAN 20 735 DYNAMIC_LIMIT_VERTICAL   age 0.0429 0.0529 0.0532 t_go 0.0
PLAN 21 740 DYNAMIC_LIMIT_VERTICAL   age 0.0484 0.0574 0.0616 t_go 0.0
PLAN 22 745 DYNAMIC_LIMIT_VERTICAL   age 0.0452 0.0601 0.0604 t_go 0.0
PLAN 23 750 DYNAMIC_LIMIT_VERTICAL   age 0.0448 0.0594 0.0615 t_go 0.0
PLAN 24 755 DYNAMIC_LIMIT_VERTICAL   age 0.0374 0.0525 0.0528 t_go 0.0
PLAN 25 759 DYNAMIC_LIMIT_VERTICAL   age 0.0437 0.0572 0.0636 t_go 0.0
PLAN 26 763 DYNAMIC_LIMIT_VERTICAL   age 0.0476 0.06 0.0637 t_go 0.0
PLAN 27 768 DYNAMIC_LIMIT_VERTICAL   age 0.0469 0.0575 0.0615 t_go 0.0
PLAN 28 773 HORIZON_INSUFFICIENT   age 0.0375 0.0474 0.0475 t_go 0.0
PLAN 29 777 HORIZON_INSUFFICIENT   age 0.0411 0.0478 0.0536 t_go 0.0
PLAN 30 782 HORIZON_INSUFFICIENT   age 0.0482 0.0566 0.0568 t_go 0.0
PLAN 31 787 HORIZON_INSUFFICIENT   age 0.0377 0.0442 0.045 t_go 0.0
PLAN 32 791 HORIZON_INSUFFICIENT   age 0.0443 0.0535 0.0541 t_go 0.0
PLAN 33 795 HORIZON_INSUFFICIENT   age 0.0478 0.0599 0.0636 t_go 0.0
PLAN 34 800 HORIZON_INSUFFICIENT   age 0.0362 0.0458 0.046 t_go 0.0
PLAN 35 804 HORIZON_INSUFFICIENT   age 0.0435 0.0506 0.0515 t_go 0.0
PLAN 36 808 HORIZON_INSUFFICIENT   age 0.047 0.0557 0.056 t_go 0.0
PLAN 37 813 HORIZON_INSUFFICIENT   age 0.0347 0.0433 0.0438 t_go 0.0
PLAN 38 817 HORIZON_INSUFFICIENT   age 0.0384 0.0446 0.0448 t_go 0.0
PLAN 39 822 HORIZON_INSUFFICIENT   age 0.0547 0.0611 0.0616 t_go 0.0
PLAN 40 827 HORIZON_INSUFFICIENT   age 0.0373 0.0498 0.0536 t_go 0.0
PLAN 41 831 HORIZON_INSUFFICIENT   age 0.0386 0.0468 0.047 t_go 0.0
PLAN 42 835 HORIZON_INSUFFICIENT   age 0.0417 0.053 0.0534 t_go 0.0
PLAN 43 840 HORIZON_INSUFFICIENT   age 0.0442 0.0513 0.0518 t_go 0.0
PLAN 44 844 HORIZON_INSUFFICIENT   age 0.058 0.0643 0.0646 t_go 0.0
PLAN 45 849 HORIZON_INSUFFICIENT   age 0.037 0.0436 0.044 t_go 0.0
PLAN 46 854 HORIZON_INSUFFICIENT   age 0.0418 0.0545 0.0546 t_go 0.0
PLAN 47 858 DYNAMIC_LIMIT_VERTICAL   age 0.0432 0.0565 0.0617 t_go 0.0
PLAN 48 862 NONE   age 0.0456 0.0539 0.0616 t_go 1.5
PLAN 49 867 NONE   age 0.0373 0.0458 0.0536 t_go 1.5
PLAN 50 871 NONE   age 0.0478 0.0555 0.0557 t_go 1.5
PLAN 51 876 NONE   age 0.0333 0.0395 0.0417 t_go 1.5
PLAN 52 880 NONE   age 0.0431 0.0505 0.0517 t_go 1.5
PLAN 53 885 NONE   age 0.035 0.0428 0.0435 t_go 1.5
PLAN 54 889 NONE   age 0.0509 0.0591 0.0637 t_go 1.5
PHASE TERMINAL_MINCO Y elapsed 12.05
PLAN 55 892 NONE   age 0.0382 0.0436 0.0616 t_go 1.351
PLAN 56 894 NONE   age 0.0457 0.0488 0.0717 t_go 1.244
PLAN 57 896 NONE   age 0.0492 0.0536 0.0716 t_go 1.152
PLAN 58 899 NONE   age 0.0367 0.0427 0.0636 t_go 1.06
PLAN 59 901 NONE   age 0.0532 0.0586 0.0837 t_go 0.99
PLAN 60 904 NONE   age 0.0481 0.0553 0.0717 t_go 0.942
PLAN 61 907 NONE   age 0.0304 0.0358 0.0536 t_go 1.038
PLAN 62 909 NONE   age 0.0375 0.0434 0.0637 t_go 0.985
PLAN 63 911 NONE   age 0.0396 0.0438 0.0637 t_go 0.884
PHASE SAFE_RECOVERY Y elapsed 13.213
PHASE REACQUIRE Y elapsed 14.814
PHASE TARGET_LOCK Y elapsed 14.864
PHASE FAR_GUIDANCE Y elapsed 14.946
PLAN 64 946 HORIZON_INSUFFICIENT   age 0.0391 0.0452 0.0454 t_go 0.0
PLAN 65 951 HORIZON_INSUFFICIENT   age 0.0279 0.0326 0.0335 t_go 0.0
PLAN 66 956 HORIZON_INSUFFICIENT   age 0.0462 0.0522 0.0524 t_go 0.0
PLAN 67 961 HORIZON_INSUFFICIENT   age 0.0342 0.0405 0.0435 t_go 0.0
PLAN 68 965 HORIZON_INSUFFICIENT   age 0.0445 0.0522 0.0535 t_go 0.0
PLAN 69 970 HORIZON_INSUFFICIENT   age 0.034 0.0427 0.0434 t_go 0.0
PLAN 70 974 HORIZON_INSUFFICIENT   age 0.0389 0.0491 0.0494 t_go 0.0
PLAN 71 978 HORIZON_INSUFFICIENT   age 0.0408 0.0475 0.0476 t_go 0.0
PLAN 72 983 HORIZON_INSUFFICIENT   age 0.0285 0.0383 0.0387 t_go 0.0
PLAN 73 987 HORIZON_INSUFFICIENT   age 0.0308 0.0389 0.0392 t_go 0.0
PLAN 74 992 HORIZON_INSUFFICIENT   age 0.0452 0.0525 0.0527 t_go 0.0
PLAN 75 997 HORIZON_INSUFFICIENT   age 0.0377 0.0424 0.0434 t_go 0.0
PLAN 76 1002 HORIZON_INSUFFICIENT   age 0.0367 0.0413 0.0417 t_go 0.0
PLAN 77 1007 HORIZON_INSUFFICIENT   age 0.0293 0.0381 0.0384 t_go 0.0
PLAN 78 1011 HORIZON_INSUFFICIENT   age 0.0319 0.0359 0.0364 t_go 0.0
PLAN 79 1015 HORIZON_INSUFFICIENT   age 0.0396 0.0474 0.0476 t_go 0.0
PLAN 80 1019 HORIZON_INSUFFICIENT   age 0.0443 0.0525 0.0535 t_go 0.0
PLAN 81 1024 HORIZON_INSUFFICIENT   age 0.038 0.0435 0.0436 t_go 0.0
PLAN 82 1029 HORIZON_INSUFFICIENT   age 0.0326 0.0419 0.0423 t_go 0.0
PHASE SAFE_RECOVERY Y elapsed 19.363
PHASE REACQUIRE Y elapsed 19.613
PHASE SAFE_WAIT Y elapsed 21.663
RESULT {'stamp': {'sec': 1791189330, 'nanosec': 739367008}, 'mission_id': 1, 'success': False, 'outcome': 'FAILURE', 'reason': 'TIMEOUT', 'detail': 'determined by simulation truth in evaluator only', 'elapsed_time': 30.04974341392517, 'capture_radius': 0.5, 'minimum_distance': 0.5241668585213547, 'horizontal_distance': 41.301281417367946, 'vertical_error': 5.0011733156147855, 'relative_speed': 3.9636630751411235, 'closing_speed': -3.9425139340157065, 'max_horizontal_speed': 6.65687886242506, 'max_vertical_speed': 2.625121317035397, 'max_horizontal_acceleration': 6.312949792463787, 'max_vertical_acceleration': 5.2573436281539125}
