.........FF.....                                                         [100%]
=================================== FAILURES ===================================
____ test_red_mask_keeps_shadowed_target_without_accepting_background[rgb8] ____

encoding = 'rgb8'

    @pytest.mark.parametrize('encoding', ['rgb8', 'bgr8'])
    def test_red_mask_keeps_shadowed_target_without_accepting_background(encoding):
        # Original terminal frames contain a large shadowed sphere at (94, 0, 0).
        # It remains visible even when no directly lit pixel reaches R=160.
        image = np.array([[(94, 0, 0), (160, 0, 0), (80, 0, 0),
                           (94, 94, 94), (40, 120, 160), (100, 90, 0)]], dtype=np.uint8)
        if encoding == 'bgr8':
            image = image[:, :, ::-1].copy()
        mask = red_pixel_mask(image.tobytes(), 6, 1, 18, encoding)
>       assert mask.tolist() == [[True, True, False, False, False, False]]
E       assert [[False, True...False, False]] == [[True, True,...False, False]]
E         At index 0 diff: [False, True, False, False, False, False] != [True, True, False, False, False, False]
E         Full diff:
E         - [[True, True, False, False, False, False]]
E         + [[False, True, False, False, False, False]]

test/test_front_tof_monitor.py:149: AssertionError
____ test_red_mask_keeps_shadowed_target_without_accepting_background[bgr8] ____

encoding = 'bgr8'

    @pytest.mark.parametrize('encoding', ['rgb8', 'bgr8'])
    def test_red_mask_keeps_shadowed_target_without_accepting_background(encoding):
        # Original terminal frames contain a large shadowed sphere at (94, 0, 0).
        # It remains visible even when no directly lit pixel reaches R=160.
        image = np.array([[(94, 0, 0), (160, 0, 0), (80, 0, 0),
                           (94, 94, 94), (40, 120, 160), (100, 90, 0)]], dtype=np.uint8)
        if encoding == 'bgr8':
            image = image[:, :, ::-1].copy()
        mask = red_pixel_mask(image.tobytes(), 6, 1, 18, encoding)
>       assert mask.tolist() == [[True, True, False, False, False, False]]
E       assert [[False, True...False, False]] == [[True, True,...False, False]]
E         At index 0 diff: [False, True, False, False, False, False] != [True, True, False, False, False, False]
E         Full diff:
E         - [[True, True, False, False, False, False]]
E         + [[False, True, False, False, False, False]]

test/test_front_tof_monitor.py:149: AssertionError
=========================== short test summary info ============================
FAILED test/test_front_tof_monitor.py::test_red_mask_keeps_shadowed_target_without_accepting_background[rgb8]
FAILED test/test_front_tof_monitor.py::test_red_mask_keeps_shadowed_target_without_accepting_background[bgr8]
2 failed, 14 passed in 0.24s
