PHASE INIT Y elapsed None
PHASE GROUND_HOLD Y elapsed None
X SENT 2
PHASE TAKEOFF Y elapsed None
X SENT 1
X SENT 0
PHASE FOLLOW Y elapsed None
Y SENT after stable FOLLOW
PHASE FAR_GUIDANCE Y elapsed 0.003
PLAN 1 798 HORIZON_INSUFFICIENT   age 0.0466 0.0607 0.0611 t_go 0.0
PLAN 2 803 HORIZON_INSUFFICIENT   age 0.0378 0.0479 0.0481 t_go 0.0
PLAN 3 807 HORIZON_INSUFFICIENT   age 0.0468 0.0559 0.0561 t_go 0.0
PLAN 4 812 HORIZON_INSUFFICIENT   age 0.0481 0.0596 0.0637 t_go 0.0
PLAN 5 817 HORIZON_INSUFFICIENT   age 0.0493 0.064 0.0643 t_go 0.0
PLAN 6 822 HORIZON_INSUFFICIENT   age 0.0421 0.0541 0.0545 t_go 0.0
PLAN 7 826 HORIZON_INSUFFICIENT   age 0.0466 0.0563 0.0568 t_go 0.0
PLAN 8 831 HORIZON_INSUFFICIENT   age 0.0485 0.063 0.0635 t_go 0.0
PLAN 9 835 HORIZON_INSUFFICIENT   age 0.0556 0.0809 0.0821 t_go 0.0
PLAN 10 840 HORIZON_INSUFFICIENT   age 0.0498 0.0866 0.0868 t_go 0.0
PLAN 11 845 DYNAMIC_LIMIT_HORIZONTAL   age 0.045 0.0868 0.0872 t_go 0.0
PLAN 12 849 DYNAMIC_LIMIT_VERTICAL   age 0.0494 0.0814 0.0817 t_go 0.0
PLAN 13 854 DYNAMIC_LIMIT_HORIZONTAL   age 0.0446 0.0829 0.0836 t_go 0.0
PLAN 14 858 DYNAMIC_LIMIT_HORIZONTAL   age 0.0473 0.0847 0.0851 t_go 0.0
PLAN 15 863 DYNAMIC_LIMIT_HORIZONTAL   age 0.0362 0.0606 0.0619 t_go 0.0
PLAN 16 867 DYNAMIC_LIMIT_VERTICAL   age 0.0476 0.0673 0.0715 t_go 0.0
PLAN 17 872 NONE   age 0.0501 0.0641 0.0648 t_go 1.5
PLAN 18 877 NONE   age 0.0355 0.049 0.0517 t_go 1.5
PLAN 19 882 NONE   age 0.0436 0.0528 0.0535 t_go 1.5
PLAN 20 887 NONE   age 0.046 0.0574 0.0617 t_go 1.5
PHASE MINCO_READY Y elapsed 4.5
PHASE MINCO_TRACKING Y elapsed 4.501
PLAN 21 892 NONE   age 0.0498 0.0598 0.1036 t_go 1.188
PHASE TERMINAL_MINCO Y elapsed 5.012
PLAN 22 897 NONE   age 0.0348 0.0401 0.0915 t_go 0.951
PLAN 23 899 NONE   age 0.0497 0.0549 0.1016 t_go 0.836
PLAN 24 902 NONE   age 0.0438 0.0499 0.0936 t_go 0.783
PLAN 25 905 NONE   age 0.0347 0.04 0.0916 t_go 0.906
PLAN 26 908 DYNAMIC_LIMIT_HORIZONTAL   age 0.0419 0.0504 0.0537 t_go 0.0
PLAN 27 910 DYNAMIC_LIMIT_HORIZONTAL   age 0.0464 0.0542 0.0545 t_go 0.0
PHASE SAFE_RECOVERY Y elapsed 5.811
RESULT {'stamp': {'sec': 1791248268, 'nanosec': 217322826}, 'mission_id': 1, 'success': True, 'outcome': 'SUCCESS', 'reason': 'CAPTURE_RADIUS_REACHED', 'detail': 'determined by simulation truth in evaluator only', 'elapsed_time': 5.890182256698608, 'capture_radius': 0.5, 'minimum_distance': 0.48286654917750554, 'horizontal_distance': 0.30463626702022145, 'vertical_error': 0.37464229490352086, 'relative_speed': 2.354475569800839, 'closing_speed': 0.905685505393973, 'max_horizontal_speed': 6.576245743624875, 'max_vertical_speed': 2.7592995318777143, 'max_horizontal_acceleration': 3.8479414828765166, 'max_vertical_acceleration': 3.838678093388505}
