FFF............F.........                                                [100%]
=================================== FAILURES ===================================
_________ test_y_preparation_descends_without_changing_follow_altitude _________

    def test_y_preparation_descends_without_changing_follow_altitude():
>       guidance = FlightGuidanceCore(
            flight_altitude=-5., approach_preparation_clearance=1.5,
            approach_closing_speed=.8,
        )
E       TypeError: FlightGuidanceCore.__init__() got an unexpected keyword argument 'approach_preparation_clearance'

test/test_flight_guidance.py:12: TypeError
__________ test_preparation_cannot_be_below_contact_or_nonfinite[0.1] __________

clearance = 0.1

    @pytest.mark.parametrize('clearance', [.1, float('nan')])
    def test_preparation_cannot_be_below_contact_or_nonfinite(clearance):
        with pytest.raises(ValueError):
>           FlightGuidanceCore(approach_preparation_clearance=clearance)
E           TypeError: FlightGuidanceCore.__init__() got an unexpected keyword argument 'approach_preparation_clearance'

test/test_flight_guidance.py:31: TypeError
__________ test_preparation_cannot_be_below_contact_or_nonfinite[nan] __________

clearance = nan

    @pytest.mark.parametrize('clearance', [.1, float('nan')])
    def test_preparation_cannot_be_below_contact_or_nonfinite(clearance):
        with pytest.raises(ValueError):
>           FlightGuidanceCore(approach_preparation_clearance=clearance)
E           TypeError: FlightGuidanceCore.__init__() got an unexpected keyword argument 'approach_preparation_clearance'

test/test_flight_guidance.py:31: TypeError
______ test_terminal_budget_uses_short_prediction_after_lower_preparation ______

    def test_terminal_budget_uses_short_prediction_after_lower_preparation():
        config = yaml.safe_load(CONFIG_FILE.read_text(encoding='utf-8'))
        planner = parameters(config, 'intercept_planner_node')
        tracker = parameters(config, 'trajectory_tracker_node')
>       assert planner['maximum_duration'] <= 1.5
E       assert 4.0 <= 1.5

test/test_modular_configuration.py:116: AssertionError
=========================== short test summary info ============================
FAILED test/test_flight_guidance.py::test_y_preparation_descends_without_changing_follow_altitude
FAILED test/test_flight_guidance.py::test_preparation_cannot_be_below_contact_or_nonfinite[0.1]
FAILED test/test_flight_guidance.py::test_preparation_cannot_be_below_contact_or_nonfinite[nan]
FAILED test/test_modular_configuration.py::test_terminal_budget_uses_short_prediction_after_lower_preparation
4 failed, 21 passed in 1.20s
