PHASE INIT Y elapsed None
PHASE GROUND_HOLD Y elapsed None
X SENT 2
PHASE TAKEOFF Y elapsed None
X SENT 1
X SENT 0
PHASE FOLLOW Y elapsed None
Y SENT after stable FOLLOW
PHASE FAR_GUIDANCE Y elapsed 0.002
PLAN 1 601 HORIZON_INSUFFICIENT   age 0.0284 0.0353 0.0354 t_go 0.0
PLAN 2 606 HORIZON_INSUFFICIENT   age 0.0358 0.043 0.0459 t_go 0.0
PLAN 3 610 HORIZON_INSUFFICIENT   age 0.0372 0.0406 0.0407 t_go 0.0
PLAN 4 615 HORIZON_INSUFFICIENT   age 0.0276 0.0333 0.0335 t_go 0.0
PLAN 5 619 HORIZON_INSUFFICIENT   age 0.0379 0.0423 0.0425 t_go 0.0
PLAN 6 624 HORIZON_INSUFFICIENT   age 0.0344 0.0377 0.0383 t_go 0.0
PLAN 7 629 HORIZON_INSUFFICIENT   age 0.0271 0.0298 0.0302 t_go 0.0
PLAN 8 633 HORIZON_INSUFFICIENT   age 0.0309 0.0353 0.0379 t_go 0.0
PLAN 9 638 HORIZON_INSUFFICIENT   age 0.0356 0.04 0.0404 t_go 0.0
PLAN 10 643 HORIZON_INSUFFICIENT   age 0.0313 0.0349 0.0379 t_go 0.0
PLAN 11 648 HORIZON_INSUFFICIENT   age 0.0362 0.0401 0.0403 t_go 0.0
PLAN 12 653 HORIZON_INSUFFICIENT   age 0.0282 0.0319 0.0321 t_go 0.0
PLAN 13 657 HORIZON_INSUFFICIENT   age 0.0308 0.0366 0.0379 t_go 0.0
PLAN 14 662 HORIZON_INSUFFICIENT   age 0.0347 0.0389 0.0393 t_go 0.0
PLAN 15 667 HORIZON_INSUFFICIENT   age 0.0261 0.0305 0.0309 t_go 0.0
PLAN 16 671 HORIZON_INSUFFICIENT   age 0.0329 0.0398 0.0401 t_go 0.0
PLAN 17 676 HORIZON_INSUFFICIENT   age 0.0367 0.0415 0.0417 t_go 0.0
PLAN 18 681 HORIZON_INSUFFICIENT   age 0.0283 0.0354 0.038 t_go 0.0
PLAN 19 685 HORIZON_INSUFFICIENT   age 0.0352 0.042 0.0478 t_go 0.0
PLAN 20 690 DYNAMIC_LIMIT_VERTICAL   age 0.035 0.0425 0.0459 t_go 0.0
PLAN 21 695 DYNAMIC_LIMIT_VERTICAL   age 0.0391 0.0503 0.0506 t_go 0.0
PLAN 22 700 DYNAMIC_LIMIT_VERTICAL   age 0.034 0.0469 0.056 t_go 0.0
PLAN 23 704 DYNAMIC_LIMIT_VERTICAL   age 0.041 0.0491 0.056 t_go 0.0
PLAN 24 709 DYNAMIC_LIMIT_VERTICAL   age 0.0302 0.0393 0.0479 t_go 0.0
PLAN 25 714 DYNAMIC_LIMIT_VERTICAL   age 0.0364 0.0438 0.0459 t_go 0.0
PLAN 26 719 DYNAMIC_LIMIT_VERTICAL   age 0.0337 0.0487 0.0489 t_go 0.0
PLAN 27 724 DYNAMIC_LIMIT_VERTICAL   age 0.0367 0.0488 0.056 t_go 0.0
PLAN 28 729 DYNAMIC_LIMIT_VERTICAL   age 0.0267 0.0386 0.0388 t_go 0.0
PLAN 29 734 DYNAMIC_LIMIT_VERTICAL   age 0.033 0.0469 0.056 t_go 0.0
PLAN 30 739 DYNAMIC_LIMIT_VERTICAL   age 0.0334 0.042 0.0479 t_go 0.0
PLAN 31 744 DYNAMIC_LIMIT_VERTICAL   age 0.0372 0.0467 0.056 t_go 0.0
PLAN 32 749 DYNAMIC_LIMIT_VERTICAL   age 0.0268 0.0397 0.0479 t_go 0.0
PLAN 33 753 DYNAMIC_LIMIT_VERTICAL   age 0.0296 0.0379 0.038 t_go 0.0
PLAN 34 758 HORIZON_INSUFFICIENT   age 0.034 0.0403 0.0404 t_go 0.0
PLAN 35 762 HORIZON_INSUFFICIENT   age 0.0352 0.0426 0.0428 t_go 0.0
PLAN 36 767 HORIZON_INSUFFICIENT   age 0.0267 0.0315 0.0317 t_go 0.0
PLAN 37 771 HORIZON_INSUFFICIENT   age 0.0303 0.0372 0.0379 t_go 0.0
PLAN 38 775 HORIZON_INSUFFICIENT   age 0.0369 0.0419 0.0425 t_go 0.0
PLAN 39 779 HORIZON_INSUFFICIENT   age 0.0375 0.0446 0.0449 t_go 0.0
PLAN 40 784 DYNAMIC_LIMIT_VERTICAL   age 0.0362 0.0511 0.0512 t_go 0.0
PLAN 41 788 HORIZON_INSUFFICIENT   age 0.0374 0.0512 0.0514 t_go 0.0
PLAN 42 793 HORIZON_INSUFFICIENT   age 0.0369 0.044 0.0479 t_go 0.0
PLAN 43 798 HORIZON_INSUFFICIENT   age 0.0348 0.0462 0.0464 t_go 0.0
PLAN 44 802 HORIZON_INSUFFICIENT   age 0.0367 0.0462 0.0466 t_go 0.0
PLAN 45 806 HORIZON_INSUFFICIENT   age 0.0403 0.0472 0.0478 t_go 0.0
PLAN 46 811 HORIZON_INSUFFICIENT   age 0.0259 0.0315 0.0316 t_go 0.0
PLAN 47 816 HORIZON_INSUFFICIENT   age 0.0355 0.0441 0.0443 t_go 0.0
PLAN 48 821 HORIZON_INSUFFICIENT   age 0.0277 0.0383 0.0479 t_go 0.0
PLAN 49 825 HORIZON_INSUFFICIENT   age 0.0284 0.0352 0.0379 t_go 0.0
PLAN 50 830 HORIZON_INSUFFICIENT   age 0.0372 0.0462 0.0468 t_go 0.0
PLAN 51 835 HORIZON_INSUFFICIENT   age 0.0334 0.0452 0.0479 t_go 0.0
PLAN 52 840 HORIZON_INSUFFICIENT   age 0.0379 0.0465 0.0472 t_go 0.0
PLAN 53 845 HORIZON_INSUFFICIENT   age 0.028 0.0358 0.0379 t_go 0.0
PLAN 54 850 NONE   age 0.0409 0.0545 0.0561 t_go 1.5
PLAN 55 855 NONE   age 0.0336 0.0404 0.0479 t_go 1.5
PLAN 56 860 NONE   age 0.0338 0.0434 0.0459 t_go 1.5
PLAN 57 864 NONE   age 0.035 0.0422 0.046 t_go 1.5
PLAN 58 868 NONE   age 0.0353 0.0432 0.0459 t_go 1.5
PLAN 59 872 NONE   age 0.0368 0.0476 0.0561 t_go 1.5
PHASE TERMINAL_MINCO Y elapsed 13.59
PLAN 60 875 NONE   age 0.029 0.0341 0.058 t_go 1.351
PLAN 61 878 NONE   age 0.0376 0.0402 0.066 t_go 1.19
PLAN 62 881 NONE   age 0.0316 0.0399 0.058 t_go 1.12
PLAN 63 884 NONE   age 0.036 0.0446 0.066 t_go 1.079
PLAN 64 887 NONE   age 0.0286 0.0329 0.058 t_go 1.046
PLAN 65 889 NONE   age 0.0349 0.0412 0.058 t_go 1.016
PLAN 66 892 NONE   age 0.0372 0.0434 0.066 t_go 0.985
PLAN 67 895 NONE   age 0.0275 0.0299 0.058 t_go 0.885
PHASE SAFE_RECOVERY Y elapsed 14.811
PHASE REACQUIRE Y elapsed 16.262
PHASE TARGET_LOCK Y elapsed 16.412
PHASE FAR_GUIDANCE Y elapsed 16.472
PLAN 68 930 HORIZON_INSUFFICIENT   age 0.0264 0.0317 0.0319 t_go 0.0
PLAN 69 935 HORIZON_INSUFFICIENT   age 0.04 0.045 0.0459 t_go 0.0
PLAN 70 940 HORIZON_INSUFFICIENT   age 0.0291 0.0363 0.0379 t_go 0.0
PLAN 71 945 HORIZON_INSUFFICIENT   age 0.0365 0.0433 0.0459 t_go 0.0
PLAN 72 949 HORIZON_INSUFFICIENT   age 0.0375 0.0454 0.0458 t_go 0.0
PLAN 73 954 HORIZON_INSUFFICIENT   age 0.0333 0.0377 0.0383 t_go 0.0
PLAN 74 959 HORIZON_INSUFFICIENT   age 0.0348 0.0406 0.0408 t_go 0.0
PLAN 75 963 HORIZON_INSUFFICIENT   age 0.0363 0.0435 0.0459 t_go 0.0
PLAN 76 967 HORIZON_INSUFFICIENT   age 0.0376 0.0437 0.0459 t_go 0.0
PLAN 77 972 HORIZON_INSUFFICIENT   age 0.026 0.0316 0.0318 t_go 0.0
PLAN 78 976 HORIZON_INSUFFICIENT   age 0.0345 0.0412 0.0479 t_go 0.0
PLAN 79 981 HORIZON_INSUFFICIENT   age 0.0346 0.0386 0.0392 t_go 0.0
PLAN 80 986 HORIZON_INSUFFICIENT   age 0.0335 0.0401 0.0479 t_go 0.0
PLAN 81 990 HORIZON_INSUFFICIENT   age 0.0345 0.0422 0.0479 t_go 0.0
PLAN 82 995 HORIZON_INSUFFICIENT   age 0.0365 0.0407 0.0409 t_go 0.0
PLAN 83 1000 HORIZON_INSUFFICIENT   age 0.0263 0.0301 0.0303 t_go 0.0
PLAN 84 1004 HORIZON_INSUFFICIENT   age 0.0277 0.0316 0.0321 t_go 0.0
PLAN 85 1008 HORIZON_INSUFFICIENT   age 0.0377 0.0416 0.0419 t_go 0.0
PLAN 86 1013 HORIZON_INSUFFICIENT   age 0.0368 0.0431 0.0459 t_go 0.0
PLAN 87 1018 DYNAMIC_LIMIT_VERTICAL   age 0.0251 0.0355 0.0358 t_go 0.0
PHASE SAFE_RECOVERY Y elapsed 21.011
PHASE REACQUIRE Y elapsed 21.262
PHASE SAFE_WAIT Y elapsed 23.262
RESULT {'stamp': {'sec': 1791188830, 'nanosec': 583433390}, 'mission_id': 1, 'success': False, 'outcome': 'FAILURE', 'reason': 'TIMEOUT', 'detail': 'determined by simulation truth in evaluator only', 'elapsed_time': 30.042654037475586, 'capture_radius': 0.5, 'minimum_distance': 0.6575922443583423, 'horizontal_distance': 34.60955835585648, 'vertical_error': 4.938713956411338, 'relative_speed': 3.981479790946588, 'closing_speed': -3.9309478071954644, 'max_horizontal_speed': 6.654212979003724, 'max_vertical_speed': 2.5839448453138454, 'max_horizontal_acceleration': 6.964038922308526, 'max_vertical_acceleration': 4.639624923890751}
