PHASE INIT Y elapsed None
PHASE GROUND_HOLD Y elapsed None
X SENT 2
PHASE TAKEOFF Y elapsed None
X SENT 1
X SENT 0
PHASE FOLLOW Y elapsed None
Y SENT after stable FOLLOW
PHASE FAR_GUIDANCE Y elapsed 0.004
PLAN 1 584 HORIZON_INSUFFICIENT   age 0.04 0.0601 0.0609 t_go 0.0
PLAN 2 589 HORIZON_INSUFFICIENT   age 0.0385 0.0558 0.056 t_go 0.0
PLAN 3 593 HORIZON_INSUFFICIENT   age 0.0419 0.0513 0.0518 t_go 0.0
PLAN 4 597 HORIZON_INSUFFICIENT   age 0.0441 0.0528 0.0532 t_go 0.0
PLAN 5 602 HORIZON_INSUFFICIENT   age 0.0414 0.0478 0.0494 t_go 0.0
PLAN 6 607 HORIZON_INSUFFICIENT   age 0.039 0.0448 0.0449 t_go 0.0
PLAN 7 612 HORIZON_INSUFFICIENT   age 0.037 0.0443 0.0445 t_go 0.0
PLAN 8 617 HORIZON_INSUFFICIENT   age 0.0335 0.0439 0.0441 t_go 0.0
PLAN 9 622 HORIZON_INSUFFICIENT   age 0.0293 0.0379 0.0394 t_go 0.0
PLAN 10 626 HORIZON_INSUFFICIENT   age 0.0299 0.0387 0.0394 t_go 0.0
PLAN 11 630 HORIZON_INSUFFICIENT   age 0.0401 0.0586 0.0594 t_go 0.0
PLAN 12 635 HORIZON_INSUFFICIENT   age 0.0377 0.0515 0.0521 t_go 0.0
PLAN 13 639 HORIZON_INSUFFICIENT   age 0.0428 0.0573 0.0575 t_go 0.0
PLAN 14 644 HORIZON_INSUFFICIENT   age 0.0335 0.0456 0.0457 t_go 0.0
PLAN 15 648 HORIZON_INSUFFICIENT   age 0.0483 0.0684 0.0694 t_go 0.0
PLAN 16 653 HORIZON_INSUFFICIENT   age 0.0317 0.0449 0.0451 t_go 0.0
PLAN 17 657 HORIZON_INSUFFICIENT   age 0.0382 0.049 0.0514 t_go 0.0
PLAN 18 662 HORIZON_INSUFFICIENT   age 0.0503 0.08 0.0805 t_go 0.0
PLAN 19 667 DYNAMIC_LIMIT_HORIZONTAL   age 0.0385 0.061 0.0616 t_go 0.0
PLAN 20 671 NONE   age 0.0396 0.049 0.0515 t_go 1.5
PLAN 21 675 NONE   age 0.0424 0.0512 0.0514 t_go 1.5
PLAN 22 680 NONE   age 0.0388 0.0481 0.0495 t_go 1.5
PLAN 23 685 NONE   age 0.0314 0.0403 0.0415 t_go 1.5
PLAN 24 689 NONE   age 0.032 0.0482 0.0485 t_go 1.5
PLAN 25 693 NONE   age 0.0406 0.0565 0.0616 t_go 1.5
PHASE MINCO_READY Y elapsed 5.486
PHASE MINCO_TRACKING Y elapsed 5.489
PHASE TERMINAL_MINCO Y elapsed 5.554
PLAN 26 695 NONE   age 0.0429 0.0476 0.0818 t_go 1.355
PLAN 27 698 NONE   age 0.0277 0.0332 0.0596 t_go 1.219
PLAN 28 700 NONE   age 0.0419 0.0454 0.0796 t_go 1.104
PLAN 29 703 NONE   age 0.0415 0.0453 0.0717 t_go 0.956
PLAN 30 706 NONE   age 0.0291 0.0328 0.0596 t_go 0.817
PLAN 31 708 NONE   age 0.0351 0.0384 0.0695 t_go 0.711
PLAN 32 711 NONE   age 0.0381 0.045 0.0715 t_go 0.901
PLAN 33 713 DYNAMIC_LIMIT_HORIZONTAL   age 0.044 0.0575 0.0616 t_go 0.0
PLAN 34 716 DYNAMIC_LIMIT_HORIZONTAL   age 0.0365 0.0529 0.0534 t_go 0.0
PHASE SAFE_RECOVERY Y elapsed 6.851
RESULT {'stamp': {'sec': 1791193903, 'nanosec': 450230360}, 'mission_id': 1, 'success': True, 'outcome': 'SUCCESS', 'reason': 'CAPTURE_RADIUS_REACHED', 'detail': 'determined by simulation truth in evaluator only', 'elapsed_time': 6.9686055183410645, 'capture_radius': 0.5, 'minimum_distance': 0.4871368962956893, 'horizontal_distance': 0.31261215383408836, 'vertical_error': 0.37359871119666543, 'relative_speed': 2.2522184587717775, 'closing_speed': 0.8132697121523358, 'max_horizontal_speed': 6.3982043826221044, 'max_vertical_speed': 2.7454122395636023, 'max_horizontal_acceleration': 3.8441182267467306, 'max_vertical_acceleration': 4.424480042195098}
