{
  "follow_before_y": {
    "rgbd": {
      "count": 90,
      "signed_xyz_mean_m": [
        0.09933547332502089,
        -0.011413393071906648,
        -0.14111031172348235
      ],
      "horizontal_rmse_m": 0.13750269795767825,
      "horizontal_p50_m": 0.12438816497201453,
      "horizontal_p95_m": 0.24581203007345687,
      "position_3d_rmse_m": 0.1982107477707077
    },
    "kf": {
      "count": 188,
      "signed_xyz_mean_m": [
        0.1451661522003491,
        -0.04467358965344126,
        -0.14124886994301156
      ],
      "horizontal_rmse_m": 0.22184538145611624,
      "horizontal_p50_m": 0.12885040701416145,
      "horizontal_p95_m": 0.4390869950098848,
      "position_3d_rmse_m": 0.2633996866087584
    },
    "forecast_0.3s": {
      "count": 90,
      "signed_xyz_mean_m": [
        0.1368365558440582,
        -0.03246897589602862,
        -0.14207916622238267
      ],
      "horizontal_rmse_m": 0.26203604683668913,
      "horizontal_p50_m": 0.14164201721878394,
      "horizontal_p95_m": 0.6980772712184612,
      "position_3d_rmse_m": 0.29876056571836357
    },
    "forecast_0.5s": {
      "count": 90,
      "signed_xyz_mean_m": [
        0.1399730638030793,
        -0.02670645545139596,
        -0.14267938412130662
      ],
      "horizontal_rmse_m": 0.32535892508248043,
      "horizontal_p50_m": 0.15078763739020024,
      "horizontal_p95_m": 0.8593732500950214,
      "position_3d_rmse_m": 0.3563292373355835
    },
    "forecast_1s": {
      "count": 90,
      "signed_xyz_mean_m": [
        0.13663612626588387,
        0.008974980674203216,
        -0.1436530640271078
      ],
      "horizontal_rmse_m": 0.49741026195571136,
      "horizontal_p50_m": 0.17826423025958593,
      "horizontal_p95_m": 1.1015520929818132,
      "position_3d_rmse_m": 0.5200581745706074
    },
    "forecast_2s": {
      "count": 90,
      "signed_xyz_mean_m": [
        0.08683194497423562,
        0.14012122726217383,
        -0.1391448676929686
      ],
      "horizontal_rmse_m": 1.0172940669954413,
      "horizontal_p50_m": 0.38952024470605684,
      "horizontal_p95_m": 2.5501502596182863,
      "position_3d_rmse_m": 1.0296047460304576
    },
    "forecast_3s": {
      "count": 90,
      "signed_xyz_mean_m": [
        0.012942612085612303,
        0.309442851747924,
        -0.13278763281661918
      ],
      "horizontal_rmse_m": 1.7633703539571493,
      "horizontal_p50_m": 0.803376101799856,
      "horizontal_p95_m": 4.201099437992636,
      "position_3d_rmse_m": 1.7696107294442063
    }
  },
  "y_early": {
    "rgbd": {
      "count": 40,
      "signed_xyz_mean_m": [
        0.0719084348675306,
        -0.13938138729350302,
        -0.10936795302434259
      ],
      "horizontal_rmse_m": 0.15797479231259198,
      "horizontal_p50_m": 0.15994352876210605,
      "horizontal_p95_m": 0.17816207359200736,
      "position_3d_rmse_m": 0.19241481680971356
    },
    "kf": {
      "count": 80,
      "signed_xyz_mean_m": [
        0.07275748411952651,
        -0.14114605814344167,
        -0.09940062223960719
      ],
      "horizontal_rmse_m": 0.16026022490774539,
      "horizontal_p50_m": 0.16189283092784462,
      "horizontal_p95_m": 0.1767445024925256,
      "position_3d_rmse_m": 0.18882412619439576
    },
    "forecast_0.3s": {
      "count": 40,
      "signed_xyz_mean_m": [
        0.06878659465597554,
        -0.14712542412839674,
        -0.0832586552810275
      ],
      "horizontal_rmse_m": 0.16431689536085337,
      "horizontal_p50_m": 0.16982742857755706,
      "horizontal_p95_m": 0.1850293130715038,
      "position_3d_rmse_m": 0.18470031297379208
    },
    "forecast_0.5s": {
      "count": 40,
      "signed_xyz_mean_m": [
        0.06597841756998335,
        -0.1508639757725429,
        -0.07148593150050367
      ],
      "horizontal_rmse_m": 0.16728145148735601,
      "horizontal_p50_m": 0.17383326638227137,
      "horizontal_p95_m": 0.19466805685263483,
      "position_3d_rmse_m": 0.18291629469071763
    },
    "forecast_1s": {
      "count": 40,
      "signed_xyz_mean_m": [
        0.05833207443049489,
        -0.15800286623849277,
        -0.045808495117353486
      ],
      "horizontal_rmse_m": 0.1816014381587202,
      "horizontal_p50_m": 0.18085822571130966,
      "horizontal_p95_m": 0.2506231609222962,
      "position_3d_rmse_m": 0.1913609478073274
    },
    "forecast_2s": {
      "count": 40,
      "signed_xyz_mean_m": [
        0.036596548059015,
        -0.15983709852787778,
        -0.04306124802151916
      ],
      "horizontal_rmse_m": 0.37501019318274537,
      "horizontal_p50_m": 0.2579107378288267,
      "horizontal_p95_m": 0.6473086262102968,
      "position_3d_rmse_m": 0.3878478376667937
    },
    "forecast_3s": {
      "count": 40,
      "signed_xyz_mean_m": [
        -0.026105686587402133,
        -0.18557130067184655,
        -0.08743473530942865
      ],
      "horizontal_rmse_m": 0.7732092798496081,
      "horizontal_p50_m": 0.4060088739392906,
      "horizontal_p95_m": 1.470479662588473,
      "position_3d_rmse_m": 0.7829816852020917
    }
  },
  "y_approach": {
    "rgbd": {
      "count": 80,
      "signed_xyz_mean_m": [
        0.05407967082894842,
        -0.07318820244619664,
        -0.05927115397020831
      ],
      "horizontal_rmse_m": 0.09993078395812598,
      "horizontal_p50_m": 0.10048566157871044,
      "horizontal_p95_m": 0.13512434690030217,
      "position_3d_rmse_m": 0.12136169438819176
    },
    "kf": {
      "count": 160,
      "signed_xyz_mean_m": [
        0.046464953196080835,
        -0.07734266524766945,
        -0.05960078455627373
      ],
      "horizontal_rmse_m": 0.10004648840480247,
      "horizontal_p50_m": 0.1017656062938484,
      "horizontal_p95_m": 0.1446877656828102,
      "position_3d_rmse_m": 0.12444619272704953
    },
    "forecast_0.3s": {
      "count": 80,
      "signed_xyz_mean_m": [
        0.04006145445776168,
        -0.08375280605318311,
        -0.0557314566057547
      ],
      "horizontal_rmse_m": 0.11034230739027022,
      "horizontal_p50_m": 0.10297161784906914,
      "horizontal_p95_m": 0.2092625919403414,
      "position_3d_rmse_m": 0.13710279208138337
    },
    "forecast_0.5s": {
      "count": 80,
      "signed_xyz_mean_m": [
        0.03539342522848106,
        -0.09111020939617911,
        -0.05395085274219376
      ],
      "horizontal_rmse_m": 0.12596714170771023,
      "horizontal_p50_m": 0.10181202388821753,
      "horizontal_p95_m": 0.2628193208107562,
      "position_3d_rmse_m": 0.1548688970617325
    },
    "forecast_1s": {
      "count": 80,
      "signed_xyz_mean_m": [
        0.020126442360175734,
        -0.12030496658101249,
        -0.051123608940371754
      ],
      "horizontal_rmse_m": 0.19759058719977904,
      "horizontal_p50_m": 0.11617957461940645,
      "horizontal_p95_m": 0.4741505357349259,
      "position_3d_rmse_m": 0.22938526617699814
    },
    "forecast_2s": {
      "count": 80,
      "signed_xyz_mean_m": [
        -0.05238259340977862,
        -0.24681344070875047,
        -0.04897218372301618
      ],
      "horizontal_rmse_m": 0.4953114983756444,
      "horizontal_p50_m": 0.2903211278176219,
      "horizontal_p95_m": 1.1442719846546705,
      "position_3d_rmse_m": 0.5173607260412966
    },
    "forecast_3s": {
      "count": 80,
      "signed_xyz_mean_m": [
        -0.2641219173207756,
        -0.5944089108269337,
        -0.04841547104881882
      ],
      "horizontal_rmse_m": 1.0667229641182678,
      "horizontal_p50_m": 0.6781501261226457,
      "horizontal_p95_m": 2.107098821861851,
      "position_3d_rmse_m": 1.0741935374654425
    }
  },
  "y_terminal": {
    "rgbd": {
      "count": 40,
      "signed_xyz_mean_m": [
        0.06741504630471784,
        -0.04221973109002022,
        -0.006206497198611103
      ],
      "horizontal_rmse_m": 0.08644729824725172,
      "horizontal_p50_m": 0.06986728504574599,
      "horizontal_p95_m": 0.12466699316289934,
      "position_3d_rmse_m": 0.08805105048661399
    },
    "kf": {
      "count": 80,
      "signed_xyz_mean_m": [
        0.05385566150403722,
        -0.06742128899635566,
        -0.011853625837160842
      ],
      "horizontal_rmse_m": 0.09577105124124148,
      "horizontal_p50_m": 0.08133574083288309,
      "horizontal_p95_m": 0.14622876628666953,
      "position_3d_rmse_m": 0.09850503892369797
    },
    "forecast_0.3s": {
      "count": 40,
      "signed_xyz_mean_m": [
        0.02168091243387842,
        -0.09422830139144059,
        -0.016147652373456067
      ],
      "horizontal_rmse_m": 0.10727526775638047,
      "horizontal_p50_m": 0.08958852515815083,
      "horizontal_p95_m": 0.1584235961526616,
      "position_3d_rmse_m": 0.11168239485749464
    },
    "forecast_0.5s": {
      "count": 40,
      "signed_xyz_mean_m": [
        -0.0037557327112917706,
        -0.11623338278984478,
        -0.02238120667709608
      ],
      "horizontal_rmse_m": 0.1273332980406708,
      "horizontal_p50_m": 0.12141689777548621,
      "horizontal_p95_m": 0.1630553833852521,
      "position_3d_rmse_m": 0.13334476189533911
    },
    "forecast_1s": {
      "count": 40,
      "signed_xyz_mean_m": [
        -0.07943797439831712,
        -0.18819030066773915,
        -0.039266338626337764
      ],
      "horizontal_rmse_m": 0.22302559354506216,
      "horizontal_p50_m": 0.22352175549125491,
      "horizontal_p95_m": 0.282345050932956,
      "position_3d_rmse_m": 0.2332376262122916
    },
    "forecast_2s": {
      "count": 40,
      "signed_xyz_mean_m": [
        -0.2850583069326955,
        -0.536453530415765,
        -0.03522198239405762
      ],
      "horizontal_rmse_m": 0.6887954216042604,
      "horizontal_p50_m": 0.6882197811061878,
      "horizontal_p95_m": 1.0005718071151624,
      "position_3d_rmse_m": 0.6989380048829554
    },
    "forecast_3s": {
      "count": 40,
      "signed_xyz_mean_m": [
        -0.515218135571401,
        -1.8229091010201919,
        0.011009875757588102
      ],
      "horizontal_rmse_m": 2.084462305464002,
      "horizontal_p50_m": 2.095404030087129,
      "horizontal_p95_m": 2.8895850647962606,
      "position_3d_rmse_m": 2.087695616211103
    }
  },
  "y_recovery_and_retry": {
    "rgbd": {
      "count": 233,
      "signed_xyz_mean_m": [
        -0.07320894908042029,
        0.11904365887271945,
        -0.09128815914947346
      ],
      "horizontal_rmse_m": 0.17369109512762324,
      "horizontal_p50_m": 0.17151629962400958,
      "horizontal_p95_m": 0.2223384093896597,
      "position_3d_rmse_m": 0.2074788291246325
    },
    "kf": {
      "count": 483,
      "signed_xyz_mean_m": [
        -0.03180485991833883,
        0.0943014071635564,
        -0.09209266706336776
      ],
      "horizontal_rmse_m": 0.1346518675278331,
      "horizontal_p50_m": 0.12447685795967954,
      "horizontal_p95_m": 0.18854352101476607,
      "position_3d_rmse_m": 0.17685215273298072
    },
    "forecast_0.3s": {
      "count": 233,
      "signed_xyz_mean_m": [
        0.019946318061621133,
        0.05517026814707588,
        -0.09228027669627162
      ],
      "horizontal_rmse_m": 0.13642389595777782,
      "horizontal_p50_m": 0.13340436846019516,
      "horizontal_p95_m": 0.2017326561361395,
      "position_3d_rmse_m": 0.1807821789545381
    },
    "forecast_0.5s": {
      "count": 233,
      "signed_xyz_mean_m": [
        0.055061817480092215,
        0.0315149976606007,
        -0.09217285591349432
      ],
      "horizontal_rmse_m": 0.1889704374252163,
      "horizontal_p50_m": 0.18418805174792674,
      "horizontal_p95_m": 0.2789785152748676,
      "position_3d_rmse_m": 0.22523271114760635
    },
    "forecast_1s": {
      "count": 233,
      "signed_xyz_mean_m": [
        0.14240728341788222,
        -0.015178003882915994,
        -0.0904622955798991
      ],
      "horizontal_rmse_m": 0.394020277778128,
      "horizontal_p50_m": 0.34575729426596197,
      "horizontal_p95_m": 0.6160987138162777,
      "position_3d_rmse_m": 0.4170016408864135
    },
    "forecast_2s": {
      "count": 233,
      "signed_xyz_mean_m": [
        0.3048204440891563,
        -0.0294881612488202,
        -0.09194834502794735
      ],
      "horizontal_rmse_m": 1.0934497315166527,
      "horizontal_p50_m": 0.8311972526357252,
      "horizontal_p95_m": 1.8245629685262115,
      "position_3d_rmse_m": 1.1058673599830753
    },
    "forecast_3s": {
      "count": 233,
      "signed_xyz_mean_m": [
        0.7466103575090522,
        0.11736618851651108,
        -0.1013805941685
      ],
      "horizontal_rmse_m": 2.4882534451115466,
      "horizontal_p50_m": 1.9087888246449365,
      "horizontal_p95_m": 4.169897842450901,
      "position_3d_rmse_m": 2.4933064926527218
    }
  }
}
