FF                                                                       [100%]
=================================== FAILURES ===================================
______ test_terminal_budget_uses_short_prediction_after_lower_preparation ______

    def test_terminal_budget_uses_short_prediction_after_lower_preparation():
        config = yaml.safe_load(CONFIG_FILE.read_text(encoding='utf-8'))
        planner = parameters(config, 'intercept_planner_node')
        tracker = parameters(config, 'trajectory_tracker_node')
        assert planner['maximum_duration'] <= 1.5
        # Rest-to-rest quintic descent: max acceleration = 10/sqrt(3) * dz/T^2.
        # The former 1.5 m preparation needed the entire vertical budget, leaving
        # no room for the measured pose/velocity at a rolling handover.
        import math
        descent = tracker['approach_preparation_clearance'] - planner['preferred_clearance']
        peak = 10. / math.sqrt(3.) * descent / planner['maximum_duration'] ** 2
>       assert peak < .8 * planner['maximum_vertical_acceleration']
E       assert 3.002221399786054 < (0.8 * 3.0)

test/test_modular_configuration.py:123: AssertionError
______ test_y_preparation_has_a_feasible_short_plan_without_slow_closing _______

    def test_y_preparation_has_a_feasible_short_plan_without_slow_closing():
        """A 2 m standoff must admit a 1.5 s interception at 4 m/s target speed."""
        from uav_control.guidance.fast_minco_planner import FastMincoPlanner
    
        config = yaml.safe_load(CONFIG_FILE.read_text())
        planner = parameters(config, 'intercept_planner_node')
        tracker = parameters(config, 'trajectory_tracker_node')
        constructor = {name: planner[name] for name in (
            'minimum_duration', 'maximum_duration', 'duration_margin', 'sample_step',
            'maximum_horizontal_speed', 'maximum_vertical_speed',
            'maximum_horizontal_acceleration', 'maximum_vertical_acceleration',
            'preferred_closing_speed', 'conservative_closing_speed', 'sea_surface_z',
            'contact_clearance', 'preferred_clearance', 'target_curve_weight',
        )}
        constructor.update(capture_radius=planner['planned_capture_radius'],
                           piece_count=3, deadline_seconds=.08)
        solver = FastMincoPlanner(**constructor)
        outcome = solver.plan(
            initial_position=(0., 0., -tracker['approach_preparation_clearance']),
            initial_velocity=(4., 0., 0.), initial_acceleration=(0., 0., 0.),
            target_state_at_time=lambda t: ((2. + 4. * t, 0., 0.),
                                          (4., 0., 0.), (0., 0., 0.)),
        )
>       assert outcome.plan is not None
E       AssertionError: assert None is not None
E        +  where None = FastPlanningOutcome(plan=None, failure=<FastPlanningFailure.DYNAMIC_LIMIT_VERTICAL: 'DYNAMIC_LIMIT_VERTICAL'>, diagnos...n_phase='MIDDLE', failure='DYNAMIC_LIMIT_VERTICAL', violations=('HORIZONTAL_ACCELERATION', 'VERTICAL_ACCELERATION'))))).plan

test/test_modular_configuration.py:153: AssertionError
=========================== short test summary info ============================
FAILED test/test_modular_configuration.py::test_terminal_budget_uses_short_prediction_after_lower_preparation
FAILED test/test_modular_configuration.py::test_y_preparation_has_a_feasible_short_plan_without_slow_closing
2 failed, 17 deselected in 0.17s
