PHASE INIT Y elapsed None
PHASE GROUND_HOLD Y elapsed None
X SENT 2
PHASE TAKEOFF Y elapsed None
X SENT 1
X SENT 0
PHASE FOLLOW Y elapsed None
Y SENT after stable FOLLOW
PHASE FAR_GUIDANCE Y elapsed 0.002
PLAN 1 769 HORIZON_INSUFFICIENT   age 0.0546 0.0726 0.0728 t_go 0.0
PLAN 2 774 HORIZON_INSUFFICIENT   age 0.0489 0.0657 0.0665 t_go 0.0
PLAN 3 779 HORIZON_INSUFFICIENT   age 0.0737 0.0865 0.0867 t_go 0.0
PLAN 4 784 HORIZON_INSUFFICIENT   age 0.0512 0.0606 0.0608 t_go 0.0
PLAN 5 789 HORIZON_INSUFFICIENT   age 0.0601 0.0744 0.0804 t_go 0.0
PLAN 6 794 HORIZON_INSUFFICIENT   age 0.0562 0.0717 0.072 t_go 0.0
PLAN 7 799 HORIZON_INSUFFICIENT   age 0.0728 0.0969 0.0971 t_go 0.0
PLAN 8 804 HORIZON_INSUFFICIENT   age 0.0482 0.0637 0.0645 t_go 0.0
PLAN 9 808 HORIZON_INSUFFICIENT   age 0.0509 0.0783 0.0786 t_go 0.0
PLAN 10 812 HORIZON_INSUFFICIENT   age 0.0558 0.0807 0.0824 t_go 0.0
PLAN 11 817 DYNAMIC_LIMIT_HORIZONTAL   age 0.0527 0.0808 0.081 t_go 0.0
PLAN 12 821 DYNAMIC_LIMIT_HORIZONTAL   age 0.0545 0.0827 0.0904 t_go 0.0
PLAN 13 825 HORIZON_INSUFFICIENT   age 0.0707 0.1196 0.1204 t_go 0.0
PLAN 14 830 HORIZON_INSUFFICIENT   age 0.0467 0.0665 0.0725 t_go 0.0
PLAN 15 834 HORIZON_INSUFFICIENT   age 0.055 0.0901 0.0944 t_go 0.0
PLAN 16 839 DYNAMIC_LIMIT_HORIZONTAL   age 0.0554 0.0841 0.0905 t_go 0.0
PLAN 17 844 DYNAMIC_LIMIT_HORIZONTAL   age 0.0474 0.0747 0.0753 t_go 0.0
PLAN 18 849 NONE   age 0.0502 0.0692 0.0704 t_go 1.5
PLAN 19 853 NONE   age 0.0519 0.0643 0.0705 t_go 1.5
PLAN 20 858 NONE   age 0.0386 0.049 0.0525 t_go 1.5
PLAN 21 862 NONE   age 0.0546 0.0757 0.0762 t_go 1.5
PLAN 22 867 NONE   age 0.0458 0.0604 0.0607 t_go 1.5
PHASE MINCO_READY Y elapsed 4.938
PHASE MINCO_TRACKING Y elapsed 4.942
PLAN 23 871 NONE   age 0.0483 0.0602 0.0905 t_go 1.249
PHASE MINCO_READY Y elapsed 5.196
PHASE MINCO_TRACKING Y elapsed 5.242
PLAN 24 875 NONE   age 0.0365 0.0435 0.0753 t_go 1.046
PHASE TERMINAL_MINCO Y elapsed 5.393
PLAN 25 877 NONE   age 0.0542 0.0621 0.0952 t_go 0.929
PLAN 26 880 NONE   age 0.0509 0.0577 0.0972 t_go 0.784
PLAN 27 882 NONE   age 0.0639 0.0717 0.1072 t_go 0.828
PLAN 28 885 NONE   age 0.0479 0.0601 0.0952 t_go 0.895
PLAN 29 888 DYNAMIC_LIMIT_HORIZONTAL   age 0.0431 0.0564 0.0572 t_go 0.0
PLAN 30 890 DYNAMIC_LIMIT_HORIZONTAL   age 0.0601 0.0757 0.0772 t_go 0.0
RESULT {'stamp': {'sec': 1791250388, 'nanosec': 555450201}, 'mission_id': 1, 'success': True, 'outcome': 'SUCCESS', 'reason': 'CAPTURE_RADIUS_REACHED', 'detail': 'determined by simulation truth in evaluator only', 'elapsed_time': 6.335782527923584, 'capture_radius': 0.5, 'minimum_distance': 0.47803217768678824, 'horizontal_distance': 0.31390040288920157, 'vertical_error': 0.3605291943379482, 'relative_speed': 2.2773660042340733, 'closing_speed': 1.344491991447228, 'max_horizontal_speed': 6.403275203804674, 'max_vertical_speed': 2.752715411968376, 'max_horizontal_acceleration': 3.6817334395810986, 'max_vertical_acceleration': 3.970618703828826}
PHASE SAFE_RECOVERY Y elapsed 6.431
