{
  "role": "READ_ONLY_TERMINAL_FREEZE_EVIDENCE",
  "pause_seen": true,
  "native_pose_snapshots": [
    {
      "receipt": 62542.493772859,
      "sim_stamp": 55.056,
      "models": {
        "x500_mono_cam_0": [
          -2.7634336732809537,
          87.93375429101917,
          0.32108150238486227,
          0.9981927565526406,
          -0.0034393610614407598,
          -0.05576607131353921,
          0.022125479691589914
        ],
        "usv_target": [
          -2.2857555119732726,
          87.93442310351737,
          0.4286338743024099,
          1.0,
          0.0,
          0.0,
          0.0
        ]
      }
    },
    {
      "receipt": 62548.97218946,
      "sim_stamp": 55.056,
      "models": {
        "x500_mono_cam_0": [
          -2.7634336732809537,
          87.93375429101917,
          0.32108150238486227,
          0.9981927565526406,
          -0.0034393610614407598,
          -0.05576607131353921,
          0.022125479691589914
        ],
        "usv_target": [
          -2.2857555119732726,
          87.93442310351737,
          0.4286338743024099,
          1.0,
          0.0,
          0.0,
          0.0
        ]
      }
    }
  ],
  "target_position_frozen": true,
  "target_velocity_zero": true,
  "world_clock_frozen": true,
  "native_uav_target_poses_frozen": true
}
target/world stats/native pose counts: 131 64 373
