{
  "follow_before_y": {
    "rgbd": {
      "count": 100,
      "signed_xyz_mean_m": [
        0.009205787516475682,
        -0.04759147660371833,
        -0.05899148661194114
      ],
      "horizontal_rmse_m": 0.06825726085197477,
      "horizontal_p50_m": 0.055195696071015835,
      "horizontal_p95_m": 0.12804395889778528,
      "position_3d_rmse_m": 0.09099536044716351
    },
    "kf": {
      "count": 200,
      "signed_xyz_mean_m": [
        0.004537641268637031,
        -0.019014345348995505,
        -0.05707823671596387
      ],
      "horizontal_rmse_m": 0.057408399590731934,
      "horizontal_p50_m": 0.047234832236763294,
      "horizontal_p95_m": 0.10877729208151,
      "position_3d_rmse_m": 0.0848813115022757
    },
    "forecast_0.3s": {
      "count": 100,
      "signed_xyz_mean_m": [
        0.002127953835554948,
        -0.007276958824112011,
        -0.05534340115731993
      ],
      "horizontal_rmse_m": 0.0784898365908228,
      "horizontal_p50_m": 0.05178402749908573,
      "horizontal_p95_m": 0.17690624535153543,
      "position_3d_rmse_m": 0.10465967101595837
    },
    "forecast_0.5s": {
      "count": 100,
      "signed_xyz_mean_m": [
        0.003248932761400738,
        -0.005570562350244567,
        -0.05402321662187586
      ],
      "horizontal_rmse_m": 0.08709995098272555,
      "horizontal_p50_m": 0.05647493689623134,
      "horizontal_p95_m": 0.19666276447661557,
      "position_3d_rmse_m": 0.11583550235250156
    },
    "forecast_1s": {
      "count": 100,
      "signed_xyz_mean_m": [
        0.011772027165540067,
        -0.020198344317426196,
        -0.052641710379833236
      ],
      "horizontal_rmse_m": 0.09813543476794453,
      "horizontal_p50_m": 0.06876924619963926,
      "horizontal_p95_m": 0.17079936060282644,
      "position_3d_rmse_m": 0.13861939405474197
    },
    "forecast_2s": {
      "count": 100,
      "signed_xyz_mean_m": [
        0.028153339734427688,
        -0.10265775170099353,
        -0.06227962483452615
      ],
      "horizontal_rmse_m": 0.2309774792107904,
      "horizontal_p50_m": 0.14348492027360843,
      "horizontal_p95_m": 0.4451559852964139,
      "position_3d_rmse_m": 0.2622769308630884
    },
    "forecast_3s": {
      "count": 100,
      "signed_xyz_mean_m": [
        0.01765598598050204,
        -0.2218741061521827,
        -0.07230220831174748
      ],
      "horizontal_rmse_m": 0.4821855011657867,
      "horizontal_p50_m": 0.2979120250969477,
      "horizontal_p95_m": 0.8906754499211909,
      "position_3d_rmse_m": 0.49433339229319184
    }
  },
  "y_early": {
    "rgbd": {
      "count": 40,
      "signed_xyz_mean_m": [
        -0.01125338873089401,
        -0.01786120679836014,
        -0.03502015646937883
      ],
      "horizontal_rmse_m": 0.03494916105694158,
      "horizontal_p50_m": 0.03590570326354976,
      "horizontal_p95_m": 0.04699366730097768,
      "position_3d_rmse_m": 0.050170471355709845
    },
    "kf": {
      "count": 80,
      "signed_xyz_mean_m": [
        -0.019334021693320304,
        -0.023956516890742498,
        -0.04434292048615686
      ],
      "horizontal_rmse_m": 0.0364468474611059,
      "horizontal_p50_m": 0.0402895862659159,
      "horizontal_p95_m": 0.046436988661688015,
      "position_3d_rmse_m": 0.05833160622276906
    },
    "forecast_0.3s": {
      "count": 40,
      "signed_xyz_mean_m": [
        -0.02502038119032566,
        -0.023413732821131773,
        -0.0544119547794323
      ],
      "horizontal_rmse_m": 0.04246575784310236,
      "horizontal_p50_m": 0.0461283205377398,
      "horizontal_p95_m": 0.056494782640364304,
      "position_3d_rmse_m": 0.07167164784381985
    },
    "forecast_0.5s": {
      "count": 40,
      "signed_xyz_mean_m": [
        -0.028215563864299752,
        -0.023909600717158863,
        -0.06349854022130344
      ],
      "horizontal_rmse_m": 0.04657017450157261,
      "horizontal_p50_m": 0.04917502099706724,
      "horizontal_p95_m": 0.0647648913950014,
      "position_3d_rmse_m": 0.08304167948489072
    },
    "forecast_1s": {
      "count": 40,
      "signed_xyz_mean_m": [
        -0.035638664146730295,
        -0.024761055815496303,
        -0.0858197368746954
      ],
      "horizontal_rmse_m": 0.05874810471200555,
      "horizontal_p50_m": 0.05192765030942288,
      "horizontal_p95_m": 0.08966277326698745,
      "position_3d_rmse_m": 0.1148484393941799
    },
    "forecast_2s": {
      "count": 40,
      "signed_xyz_mean_m": [
        -0.059634546783343546,
        -0.030330070826314514,
        -0.08896831866468222
      ],
      "horizontal_rmse_m": 0.11157294813024494,
      "horizontal_p50_m": 0.07547016310079172,
      "horizontal_p95_m": 0.20866534251017707,
      "position_3d_rmse_m": 0.17461619460246122
    },
    "forecast_3s": {
      "count": 40,
      "signed_xyz_mean_m": [
        -0.16551971183760444,
        -0.125716491634727,
        -0.043925212805029215
      ],
      "horizontal_rmse_m": 0.2590550081669585,
      "horizontal_p50_m": 0.18212741407475436,
      "horizontal_p95_m": 0.4618532373633904,
      "position_3d_rmse_m": 0.28149440868184894
    }
  },
  "y_approach": {
    "rgbd": {
      "count": 80,
      "signed_xyz_mean_m": [
        0.008540552204931995,
        0.07849555713212553,
        -0.02522690494698517
      ],
      "horizontal_rmse_m": 0.09388114080783024,
      "horizontal_p50_m": 0.08886108502520618,
      "horizontal_p95_m": 0.12760835525044759,
      "position_3d_rmse_m": 0.09723885241877578
    },
    "kf": {
      "count": 160,
      "signed_xyz_mean_m": [
        -0.004550376312609128,
        0.06392562630222286,
        -0.024639994070962207
      ],
      "horizontal_rmse_m": 0.0742714679980114,
      "horizontal_p50_m": 0.07695967002377949,
      "horizontal_p95_m": 0.1054352414696142,
      "position_3d_rmse_m": 0.07875315208939833
    },
    "forecast_0.3s": {
      "count": 80,
      "signed_xyz_mean_m": [
        -0.028281177070345186,
        0.048463662967238606,
        -0.024295617811049497
      ],
      "horizontal_rmse_m": 0.07049109902975942,
      "horizontal_p50_m": 0.055065369409317604,
      "horizontal_p95_m": 0.1197910499987373,
      "position_3d_rmse_m": 0.07759995198180458
    },
    "forecast_0.5s": {
      "count": 80,
      "signed_xyz_mean_m": [
        -0.04430333186923283,
        0.03140788539235799,
        -0.024083398457598004
      ],
      "horizontal_rmse_m": 0.07357586428999982,
      "horizontal_p50_m": 0.054866649099179335,
      "horizontal_p95_m": 0.13537999654087146,
      "position_3d_rmse_m": 0.08403860108873994
    },
    "forecast_1s": {
      "count": 80,
      "signed_xyz_mean_m": [
        -0.09457221258544735,
        -0.03269412297972427,
        -0.02365646201884031
      ],
      "horizontal_rmse_m": 0.13802955541658898,
      "horizontal_p50_m": 0.09037023822959385,
      "horizontal_p95_m": 0.2524261453241126,
      "position_3d_rmse_m": 0.15377102673548415
    },
    "forecast_2s": {
      "count": 80,
      "signed_xyz_mean_m": [
        -0.2459884259471677,
        -0.34405103199547205,
        -0.022996390321928892
      ],
      "horizontal_rmse_m": 0.542163604343504,
      "horizontal_p50_m": 0.33124762805158936,
      "horizontal_p95_m": 1.0725377195520747,
      "position_3d_rmse_m": 0.5529109520662451
    },
    "forecast_3s": {
      "count": 80,
      "signed_xyz_mean_m": [
        -0.4823853530904726,
        -1.3017153173690035,
        -0.022849132296165177
      ],
      "horizontal_rmse_m": 1.6994735467915862,
      "horizontal_p50_m": 1.0612059228973634,
      "horizontal_p95_m": 3.159561884655343,
      "position_3d_rmse_m": 1.7022045088641873
    }
  },
  "y_terminal": {
    "rgbd": {
      "count": 39,
      "signed_xyz_mean_m": [
        0.09820886620571201,
        0.1114645387092222,
        -0.016013098198926618
      ],
      "horizontal_rmse_m": 0.1562888752315282,
      "horizontal_p50_m": 0.13853139246647475,
      "horizontal_p95_m": 0.181638969953862,
      "position_3d_rmse_m": 0.1571173893699347
    },
    "kf": {
      "count": 79,
      "signed_xyz_mean_m": [
        0.08055116783927078,
        0.03540763198918663,
        -0.00996791285765484
      ],
      "horizontal_rmse_m": 0.1032356130913339,
      "horizontal_p50_m": 0.09617949818896657,
      "horizontal_p95_m": 0.14390266162734955,
      "position_3d_rmse_m": 0.10383512944006813
    },
    "forecast_0.3s": {
      "count": 39,
      "signed_xyz_mean_m": [
        0.08485146389577454,
        -0.09494631640331555,
        0.0014060220315311673
      ],
      "horizontal_rmse_m": 0.14543000746150503,
      "horizontal_p50_m": 0.13520852866381866,
      "horizontal_p95_m": 0.197107232912248,
      "position_3d_rmse_m": 0.1458970552329766
    },
    "forecast_0.5s": {
      "count": 39,
      "signed_xyz_mean_m": [
        0.09326830101152421,
        -0.19904031886806123,
        0.010908306671382918
      ],
      "horizontal_rmse_m": 0.2426563251826152,
      "horizontal_p50_m": 0.2369730172916395,
      "horizontal_p95_m": 0.3162230456195499,
      "position_3d_rmse_m": 0.243577087440408
    },
    "forecast_1s": {
      "count": 39,
      "signed_xyz_mean_m": [
        0.1374315358553767,
        -0.5212519081149336,
        0.03319111634359113
      ],
      "horizontal_rmse_m": 0.574905618626878,
      "horizontal_p50_m": 0.5778327608874191,
      "horizontal_p95_m": 0.7086113425597412,
      "position_3d_rmse_m": 0.5772675829218686
    },
    "forecast_2s": {
      "count": 39,
      "signed_xyz_mean_m": [
        0.41961342830433834,
        -1.4297044377527244,
        0.03289517481906556
      ],
      "horizontal_rmse_m": 1.5654305306551273,
      "horizontal_p50_m": 1.5624050516487005,
      "horizontal_p95_m": 1.909736573010065,
      "position_3d_rmse_m": 1.5685616555604107
    },
    "forecast_3s": {
      "count": 39,
      "signed_xyz_mean_m": [
        1.2962334994710203,
        -3.0098523922456257,
        -0.01340160128617968
      ],
      "horizontal_rmse_m": 3.4470641349278512,
      "horizontal_p50_m": 3.378981438847575,
      "horizontal_p95_m": 4.517693953151519,
      "position_3d_rmse_m": 3.4483566259661704
    }
  },
  "y_recovery_and_retry": {
    "rgbd": {
      "count": 186,
      "signed_xyz_mean_m": [
        0.012220787808958156,
        0.12996941006707294,
        -0.008874654245627066
      ],
      "horizontal_rmse_m": 0.15601406704656104,
      "horizontal_p50_m": 0.1370377035432386,
      "horizontal_p95_m": 0.2585132169524238,
      "position_3d_rmse_m": 0.1567350476823065
    },
    "kf": {
      "count": 241,
      "signed_xyz_mean_m": [
        0.08366315769788163,
        0.09450065230031883,
        -0.0008136524413981504
      ],
      "horizontal_rmse_m": 0.14630298756075913,
      "horizontal_p50_m": 0.14558991825921666,
      "horizontal_p95_m": 0.20517207941985194,
      "position_3d_rmse_m": 0.14669090970583865
    },
    "forecast_0.3s": {
      "count": 116,
      "signed_xyz_mean_m": [
        0.14440382984317998,
        0.037735285433361986,
        0.0008950390055790168
      ],
      "horizontal_rmse_m": 0.19705726864955608,
      "horizontal_p50_m": 0.1818067105991661,
      "horizontal_p95_m": 0.2794321707464987,
      "position_3d_rmse_m": 0.19837135533379407
    },
    "forecast_0.5s": {
      "count": 116,
      "signed_xyz_mean_m": [
        0.18892882113464673,
        0.007957427010312695,
        0.0015920951827871697
      ],
      "horizontal_rmse_m": 0.2568235152609689,
      "horizontal_p50_m": 0.21988933017871162,
      "horizontal_p95_m": 0.3868180113141483,
      "position_3d_rmse_m": 0.25908299182316996
    },
    "forecast_1s": {
      "count": 116,
      "signed_xyz_mean_m": [
        0.3018411485491104,
        -0.031989244105320835,
        0.0010086650417690311
      ],
      "horizontal_rmse_m": 0.41407006528187335,
      "horizontal_p50_m": 0.3574911336196735,
      "horizontal_p95_m": 0.687897084607292,
      "position_3d_rmse_m": 0.41929315279185564
    },
    "forecast_2s": {
      "count": 116,
      "signed_xyz_mean_m": [
        0.4649850056119736,
        0.017392321464849543,
        -0.008075244663992525
      ],
      "horizontal_rmse_m": 0.8104048056944994,
      "horizontal_p50_m": 0.4144387763937231,
      "horizontal_p95_m": 1.8329071857872297,
      "position_3d_rmse_m": 0.8173606109119169
    },
    "forecast_3s": {
      "count": 116,
      "signed_xyz_mean_m": [
        0.8102624924440368,
        0.10963514696355575,
        -0.012008096510665266
      ],
      "horizontal_rmse_m": 1.7126497838385193,
      "horizontal_p50_m": 0.7800755284873548,
      "horizontal_p95_m": 4.333984696952413,
      "position_3d_rmse_m": 1.7149532191257895
    }
  }
}
