./test/test_px4_navigation_audit.py:33:80: E501 line too long (85 > 79 characters)
./test/test_px4_navigation_audit.py:34:80: E501 line too long (83 > 79 characters)
./test/test_px4_navigation_audit.py:38:80: E501 line too long (85 > 79 characters)
./test/test_px4_navigation_audit.py:39:80: E501 line too long (84 > 79 characters)
./test/test_terminal_visual_yaw.py:1:80: E501 line too long (83 > 79 characters)
./test/test_terminal_visual_yaw.py:13:80: E501 line too long (87 > 79 characters)
./test/test_terminal_visual_yaw.py:19:80: E501 line too long (80 > 79 characters)
./test/test_terminal_visual_yaw.py:21:80: E501 line too long (81 > 79 characters)
./test/test_terminal_visual_yaw.py:42:80: E501 line too long (85 > 79 characters)
./test/test_run_logging.py:15:80: E501 line too long (82 > 79 characters)
./test/test_run_logging.py:17:80: E501 line too long (80 > 79 characters)
./test/test_run_logging.py:185:80: E501 line too long (80 > 79 characters)
./test/test_run_logging.py:208:80: E501 line too long (83 > 79 characters)
./test/test_run_logging.py:262:80: E501 line too long (83 > 79 characters)
./test/test_run_logging.py:282:80: E501 line too long (83 > 79 characters)
./test/test_run_logging.py:309:80: E501 line too long (82 > 79 characters)
./test/test_modular_pipeline_integration.py:284:80: E501 line too long (80 > 79 characters)
./test/test_follow_failure_audit.py:1:80: E501 line too long (81 > 79 characters)
./test/test_follow_failure_audit.py:27:80: E501 line too long (81 > 79 characters)
./test/test_follow_failure_audit.py:31:80: E501 line too long (82 > 79 characters)
./test/test_follow_failure_audit.py:38:80: E501 line too long (85 > 79 characters)
./test/test_navigation_sample_time.py:17:80: E501 line too long (80 > 79 characters)
./test/test_navigation_sample_time.py:41:80: E501 line too long (80 > 79 characters)
./test/test_modular_configuration.py:19:80: E501 line too long (85 > 79 characters)
./test/test_modular_configuration.py:26:80: E501 line too long (81 > 79 characters)
./test/test_modular_configuration.py:63:80: E501 line too long (80 > 79 characters)
./test/test_modular_configuration.py:85:80: E501 line too long (81 > 79 characters)
./test/test_modular_configuration.py:86:80: E501 line too long (80 > 79 characters)
./test/test_modular_configuration.py:105:80: E501 line too long (80 > 79 characters)
./test/test_modular_configuration.py:249:80: E501 line too long (87 > 79 characters)
./test/test_flight_guidance.py:37:80: E501 line too long (82 > 79 characters)
./test/test_flight_guidance.py:168:80: E501 line too long (80 > 79 characters)
./test/test_rgbd_target_localizer.py:115:80: E501 line too long (80 > 79 characters)
./test/test_rgbd_target_localizer.py:469:80: E501 line too long (80 > 79 characters)
./test/test_rgbd_target_localizer.py:850:80: E501 line too long (80 > 79 characters)
./test/test_rgbd_target_localizer.py:908:80: E501 line too long (84 > 79 characters)
./test/test_rgbd_target_localizer.py:914:80: E501 line too long (82 > 79 characters)
./test/test_rgbd_target_localizer.py:1614:80: E501 line too long (83 > 79 characters)
./test/test_rgbd_target_localizer.py:1615:80: E501 line too long (87 > 79 characters)
./test/test_rgbd_target_localizer.py:1653:80: E501 line too long (89 > 79 characters)
./test/test_prediction_observation_cadence.py:1:80: E501 line too long (81 > 79 characters)
./test/test_prediction_observation_cadence.py:24:80: E501 line too long (80 > 79 characters)
./test/test_visual_delivery_latency.py:9:80: E501 line too long (80 > 79 characters)
./test/test_visual_delivery_latency.py:11:80: E501 line too long (86 > 79 characters)
./test/test_visual_delivery_latency.py:13:80: E501 line too long (80 > 79 characters)
./test/test_visual_delivery_latency.py:50:80: E501 line too long (87 > 79 characters)
./test/test_visual_delivery_latency.py:84:80: E501 line too long (90 > 79 characters)
./test/test_visual_delivery_latency.py:105:80: E501 line too long (90 > 79 characters)
./test/test_visual_delivery_latency.py:113:80: E501 line too long (85 > 79 characters)
./test/test_visual_delivery_latency.py:145:80: E501 line too long (88 > 79 characters)
./test/test_visual_delivery_latency.py:153:80: E501 line too long (91 > 79 characters)
./test/test_visual_delivery_latency.py:154:80: E501 line too long (91 > 79 characters)
./test/test_visual_delivery_latency.py:165:80: E501 line too long (84 > 79 characters)
./test/test_fast_minco_planner.py:194:80: E501 line too long (82 > 79 characters)
./test/test_gz_gnss_initialization.py:15:80: E501 line too long (84 > 79 characters)
./test/test_gz_gnss_initialization.py:20:80: E501 line too long (91 > 79 characters)
./test/test_gz_gnss_initialization.py:76:80: E501 line too long (82 > 79 characters)
./test/test_gz_magnetic_initialization.py:1:80: E501 line too long (82 > 79 characters)
./test/test_gz_magnetic_initialization.py:16:80: E501 line too long (89 > 79 characters)
./test/test_gz_magnetic_initialization.py:17:80: E501 line too long (87 > 79 characters)
./test/test_gz_magnetic_initialization.py:25:80: E501 line too long (82 > 79 characters)
./test/test_gz_magnetic_initialization.py:39:80: E501 line too long (82 > 79 characters)
./test/test_gz_magnetic_initialization.py:41:80: E501 line too long (97 > 79 characters)
./test/test_gz_magnetic_initialization.py:54:80: E501 line too long (85 > 79 characters)
./test/test_trajectory_tracking.py:237:80: E501 line too long (80 > 79 characters)
./test/test_trajectory_tracking.py:373:80: E501 line too long (84 > 79 characters)
./test/test_target_bearing.py:42:80: E501 line too long (81 > 79 characters)
./test/test_target_bearing.py:56:80: E501 line too long (80 > 79 characters)
./test/test_target_bearing.py:71:80: E501 line too long (81 > 79 characters)
./test/test_target_bearing.py:73:80: E501 line too long (84 > 79 characters)
./test/test_target_bearing.py:92:80: E501 line too long (80 > 79 characters)
./test/test_y_position_audit.py:1:80: E501 line too long (81 > 79 characters)
./test/test_y_position_audit.py:11:80: E501 line too long (87 > 79 characters)
./test/test_y_position_audit.py:20:80: E501 line too long (84 > 79 characters)
./test/test_copyright.py:20:80: E501 line too long (93 > 79 characters)
./test/test_bearing_approach.py:1:80: E501 line too long (80 > 79 characters)
./test/test_bearing_approach.py:11:80: E501 line too long (88 > 79 characters)
./test/test_bearing_approach.py:45:80: E501 line too long (82 > 79 characters)
./test/test_bearing_approach.py:64:80: E501 line too long (83 > 79 characters)
./test/test_bearing_approach.py:78:80: E501 line too long (91 > 79 characters)
./test/test_bearing_approach.py:164:80: E501 line too long (90 > 79 characters)
./test/test_bearing_approach.py:169:80: E501 line too long (89 > 79 characters)
./test/test_bearing_approach.py:170:80: E501 line too long (90 > 79 characters)
./test/test_bearing_approach.py:185:80: E501 line too long (81 > 79 characters)
./test/test_target_visibility.py:1:80: E501 line too long (81 > 79 characters)
./test/test_target_visibility.py:11:80: E501 line too long (81 > 79 characters)
./test/test_target_visibility.py:53:80: E501 line too long (82 > 79 characters)
./test/test_target_visibility.py:73:80: E501 line too long (85 > 79 characters)
./test/test_target_visibility.py:76:80: E501 line too long (83 > 79 characters)
./test/test_target_visibility.py:150:80: E501 line too long (82 > 79 characters)
./test/test_target_visibility.py:157:80: E501 line too long (82 > 79 characters)
./test/test_target_visibility.py:165:80: E501 line too long (86 > 79 characters)
./test/test_target_visibility.py:233:80: E501 line too long (83 > 79 characters)
./test/test_intercept_yaw_feedforward.py:18:80: E501 line too long (80 > 79 characters)
./test/test_workspace_discovery.py:14:80: E501 line too long (84 > 79 characters)
./test/test_workspace_discovery.py:16:80: E501 line too long (80 > 79 characters)
./test/test_trajectory_tracker_node.py:382:80: E501 line too long (82 > 79 characters)
./test/test_strict_visual_control.py:11:80: E501 line too long (80 > 79 characters)
./test/test_strict_visual_control.py:31:80: E501 line too long (80 > 79 characters)
./test/test_strict_visual_control.py:67:80: E501 line too long (84 > 79 characters)
./test/test_approach_continuity.py:1:80: E501 line too long (80 > 79 characters)
./test/test_approach_continuity.py:10:80: E501 line too long (88 > 79 characters)
./test/test_approach_continuity.py:16:80: E501 line too long (90 > 79 characters)
./test/test_approach_continuity.py:17:80: E501 line too long (80 > 79 characters)
./test/test_approach_continuity.py:31:80: E501 line too long (85 > 79 characters)
./test/test_approach_continuity.py:159:80: E501 line too long (82 > 79 characters)
./test/test_approach_continuity.py:162:80: E501 line too long (87 > 79 characters)
./test/test_approach_continuity.py:172:80: E501 line too long (84 > 79 characters)
./test/test_approach_continuity.py:180:80: E501 line too long (85 > 79 characters)
./test/test_approach_continuity.py:191:80: E501 line too long (98 > 79 characters)
./test/test_approach_continuity.py:215:80: E501 line too long (85 > 79 characters)
./test/test_approach_continuity.py:221:80: E501 line too long (94 > 79 characters)
./test/test_approach_continuity.py:225:80: E501 line too long (86 > 79 characters)
./test/test_gz_magnetometer_frame.py:31:80: E501 line too long (86 > 79 characters)
./test/test_gz_magnetometer_frame.py:44:80: E501 line too long (82 > 79 characters)
./test/test_gz_magnetometer_frame.py:47:80: E501 line too long (87 > 79 characters)
./test/test_gz_magnetometer_frame.py:48:80: E501 line too long (88 > 79 characters)
./test/test_gz_magnetometer_frame.py:49:80: E501 line too long (86 > 79 characters)
./test/test_gz_magnetometer_frame.py:57:80: E501 line too long (83 > 79 characters)
./test/test_continuous_follow.py:11:80: E501 line too long (80 > 79 characters)
./uav_control/predictive_intercept.py:30:80: E501 line too long (80 > 79 characters)
./uav_control/pure_pursuit.py:30:80: E501 line too long (80 > 79 characters)
./uav_control/trajectory_impact_sim.py:183:80: E501 line too long (80 > 79 characters)
./uav_control/perception/target_bearing_node.py:225:80: E501 line too long (80 > 79 characters)
./uav_control/perception/target_bearing_node.py:231:80: E501 line too long (80 > 79 characters)
./uav_control/perception/target_bearing_node.py:256:80: E501 line too long (80 > 79 characters)
./uav_control/perception/target_bearing_node.py:273:80: E501 line too long (81 > 79 characters)
./uav_control/perception/target_bearing_node.py:277:80: E501 line too long (80 > 79 characters)
./uav_control/perception/rgbd_target_localizer.py:49:80: E501 line too long (85 > 79 characters)
./uav_control/perception/rgbd_target_localizer.py:1344:80: E501 line too long (80 > 79 characters)
./uav_control/perception/rgbd_target_localizer.py:1345:80: E501 line too long (82 > 79 characters)
./uav_control/perception/rgbd_target_localizer.py:1396:80: E501 line too long (80 > 79 characters)
./uav_control/perception/rgbd_target_localizer.py:1399:80: E501 line too long (81 > 79 characters)
./uav_control/perception/dual_tof_selector.py:100:80: E501 line too long (80 > 79 characters)
./uav_control/mission/target_visibility.py:73:80: E501 line too long (84 > 79 characters)
./uav_control/mission/target_visibility.py:87:80: E501 line too long (80 > 79 characters)
./uav_control/mission/target_visibility.py:88:80: E501 line too long (81 > 79 characters)
./uav_control/mission/target_visibility.py:113:80: E501 line too long (90 > 79 characters)
./uav_control/mission/target_visibility.py:125:80: E501 line too long (91 > 79 characters)
./uav_control/mission/target_visibility.py:127:80: E501 line too long (88 > 79 characters)
./uav_control/mission/target_visibility.py:141:80: E501 line too long (91 > 79 characters)
./uav_control/mission/target_visibility.py:145:80: E501 line too long (86 > 79 characters)
./uav_control/mission/target_visibility.py:148:80: E501 line too long (82 > 79 characters)
./uav_control/mission/target_visibility.py:168:80: E501 line too long (93 > 79 characters)
./uav_control/mission/target_visibility.py:174:80: E501 line too long (91 > 79 characters)
./uav_control/mission/target_visibility.py:188:80: E501 line too long (82 > 79 characters)
./uav_control/mission/target_visibility.py:194:80: E501 line too long (85 > 79 characters)
./uav_control/mission/target_visibility.py:197:80: E501 line too long (90 > 79 characters)
./uav_control/mission/target_visibility.py:201:80: E501 line too long (85 > 79 characters)
./uav_control/mission/target_visibility.py:203:80: E501 line too long (81 > 79 characters)
./uav_control/mission/target_visibility.py:207:80: E501 line too long (87 > 79 characters)
./uav_control/mission/target_visibility.py:210:80: E501 line too long (99 > 79 characters)
./uav_control/mission/target_visibility.py:217:80: E501 line too long (96 > 79 characters)
./uav_control/mission/target_visibility.py:231:80: E501 line too long (91 > 79 characters)
./uav_control/mission/target_visibility.py:243:80: E501 line too long (81 > 79 characters)
./uav_control/mission/target_visibility.py:262:80: E501 line too long (82 > 79 characters)
./uav_control/mission/target_visibility.py:266:80: E501 line too long (82 > 79 characters)
./uav_control/mission/target_visibility.py:277:80: E501 line too long (96 > 79 characters)
./uav_control/mission/target_visibility.py:281:80: E501 line too long (96 > 79 characters)
./uav_control/mission/target_visibility.py:283:80: E501 line too long (88 > 79 characters)
./uav_control/mission/target_visibility.py:286:80: E501 line too long (87 > 79 characters)
./uav_control/mission/target_visibility.py:290:80: E501 line too long (81 > 79 characters)
./uav_control/mission/target_visibility.py:312:80: E501 line too long (84 > 79 characters)
./uav_control/mission/target_visibility.py:319:80: E501 line too long (95 > 79 characters)
./uav_control/mission/mission_manager.py:125:80: E501 line too long (83 > 79 characters)
./uav_control/control/trajectory_tracker_node.py:144:80: E501 line too long (81 > 79 characters)
./uav_control/control/trajectory_tracker_node.py:397:80: E501 line too long (88 > 79 characters)
./uav_control/control/trajectory_tracker_node.py:405:80: E501 line too long (95 > 79 characters)
./uav_control/control/trajectory_tracker_node.py:406:80: E501 line too long (96 > 79 characters)
./uav_control/control/trajectory_tracker_node.py:407:80: E501 line too long (82 > 79 characters)
./uav_control/control/trajectory_tracker_node.py:771:80: E501 line too long (83 > 79 characters)
./uav_control/control/trajectory_tracker_node.py:817:80: E501 line too long (87 > 79 characters)
./uav_control/control/trajectory_tracker_node.py:1112:80: E501 line too long (81 > 79 characters)
./uav_control/control/trajectory_tracker_node.py:1119:80: E501 line too long (90 > 79 characters)
./uav_control/control/trajectory_tracker_node.py:1207:80: E501 line too long (82 > 79 characters)
./uav_control/control/trajectory_tracker_node.py:1233:80: E501 line too long (81 > 79 characters)
./uav_control/control/trajectory_tracker_node.py:1248:80: E501 line too long (80 > 79 characters)
./uav_control/control/trajectory_tracker_node.py:1249:80: E501 line too long (80 > 79 characters)
./uav_control/control/trajectory_tracker_node.py:1265:80: E501 line too long (82 > 79 characters)
./uav_control/control/trajectory_tracker_node.py:1274:80: E501 line too long (82 > 79 characters)
./uav_control/control/trajectory_tracker_node.py:1285:80: E501 line too long (81 > 79 characters)
./uav_control/control/trajectory_tracker_node.py:1287:80: E501 line too long (81 > 79 characters)
./uav_control/control/trajectory_tracker_node.py:1288:80: E501 line too long (82 > 79 characters)
./uav_control/control/trajectory_tracker_node.py:1289:80: E501 line too long (83 > 79 characters)
./uav_control/control/trajectory_tracker_node.py:1303:80: E501 line too long (81 > 79 characters)
./uav_control/control/trajectory_tracker_node.py:1510:80: E501 line too long (84 > 79 characters)
./uav_control/control/trajectory_tracker_node.py:1528:80: E501 line too long (90 > 79 characters)
./uav_control/control/trajectory_tracker_node.py:1594:80: E501 line too long (80 > 79 characters)
./uav_control/control/flight_guidance.py:122:80: E501 line too long (83 > 79 characters)
./uav_control/control/flight_guidance.py:283:80: E501 line too long (84 > 79 characters)
./uav_control/control/flight_guidance.py:294:80: E501 line too long (85 > 79 characters)
./uav_control/control/flight_guidance.py:299:80: E501 line too long (80 > 79 characters)
./uav_control/control/flight_guidance.py:314:80: E501 line too long (81 > 79 characters)
./uav_control/common/runtime_performance.py:8:80: E501 line too long (80 > 79 characters)
./uav_control/common/navigation_state.py:7:80: E501 line too long (80 > 79 characters)
./uav_control/common/navigation_state.py:14:80: E501 line too long (80 > 79 characters)
./uav_control/common/navigation_state.py:15:80: E501 line too long (80 > 79 characters)
./uav_control/evaluation/intercept_evaluator_node.py:247:80: E501 line too long (89 > 79 characters)
./uav_control/evaluation/intercept_evaluator_node.py:787:80: E501 line too long (87 > 79 characters)
./uav_control/evaluation/intercept_evaluator_node.py:1072:80: E501 line too long (86 > 79 characters)
./uav_control/evaluation/intercept_evaluator_node.py:1084:80: E501 line too long (86 > 79 characters)
./uav_control/evaluation/intercept_evaluator_node.py:1105:80: E501 line too long (86 > 79 characters)
./uav_control/evaluation/intercept_evaluator_node.py:1322:80: E501 line too long (82 > 79 characters)
./uav_control/evaluation/intercept_evaluator_node.py:1402:80: E501 line too long (82 > 79 characters)
./uav_control/evaluation/intercept_evaluator_node.py:1420:80: E501 line too long (84 > 79 characters)
./uav_control/evaluation/intercept_evaluator_node.py:1448:80: E501 line too long (93 > 79 characters)
./uav_control/evaluation/intercept_evaluator_node.py:1499:80: E501 line too long (89 > 79 characters)
./uav_control/evaluation/intercept_evaluator_node.py:1816:80: E501 line too long (82 > 79 characters)
./uav_control/evaluation/intercept_evaluator_node.py:1817:80: E501 line too long (80 > 79 characters)
./uav_control/evaluation/intercept_evaluator_node.py:1868:80: E501 line too long (82 > 79 characters)
./uav_control/evaluation/intercept_evaluator_node.py:1874:80: E501 line too long (81 > 79 characters)
./uav_control/evaluation/run_metrics.py:121:80: E501 line too long (92 > 79 characters)
./uav_control/evaluation/run_metrics.py:123:80: E501 line too long (90 > 79 characters)
./uav_control/evaluation/intercept_evaluator.py:39:80: E501 line too long (83 > 79 characters)
./uav_control/evaluation/intercept_evaluator.py:1048:80: E501 line too long (82 > 79 characters)
./uav_control/tracking/target_predictor_node.py:272:80: E501 line too long (81 > 79 characters)
./uav_control/tracking/target_predictor_node.py:274:80: E501 line too long (81 > 79 characters)
./uav_control/guidance/minco_trajectory.py:126:80: E501 line too long (81 > 79 characters)
./uav_control/guidance/minco_trajectory.py:132:80: E501 line too long (81 > 79 characters)
./uav_control/guidance/minco_trajectory.py:144:80: E501 line too long (81 > 79 characters)
./uav_control/guidance/minco_trajectory.py:145:80: E501 line too long (81 > 79 characters)
./uav_control/guidance/minco_trajectory.py:155:80: E501 line too long (83 > 79 characters)
./uav_control/guidance/intercept_planner_node.py:143:80: E501 line too long (81 > 79 characters)
./uav_control/archive/pure_pursuit_backup.py:19:80: E501 line too long (80 > 79 characters)
./uav_control/archive/predictive_intercept_v1.py:27:80: E501 line too long (80 > 79 characters)
