FFFF                                                                     [100%]
=================================== FAILURES ===================================
________ test_online_sphere_geometry_rejects_unreliable_surfaces[tiny] _________

bad_kind = 'tiny'

    @pytest.mark.parametrize('bad_kind', ('tiny', 'invalid', 'background'))
    def test_online_sphere_geometry_rejects_unreliable_surfaces(bad_kind):
        mask, depth = _render_forward_depth_sphere((.45, -.08, .12), .25)
        if bad_kind == 'tiny':
            visible = np.argwhere(mask)
            mask[:] = False
            for row, column in visible[:5]:
                mask[row, column] = True
        elif bad_kind == 'invalid':
            depth[mask] = np.nan
        else:
            rows, columns = np.nonzero(mask)
            depth[rows[::5], columns[::5]] = 2.
>       geometry = target_geometry_from_rgbd(
            mask, depth, 1.74, .05, 25., .25, require_valid_sphere=True,
        )
E       TypeError: target_geometry_from_rgbd() got an unexpected keyword argument 'require_valid_sphere'

test/test_rgbd_target_localizer.py:146: TypeError
_______ test_online_sphere_geometry_rejects_unreliable_surfaces[invalid] _______

bad_kind = 'invalid'

    @pytest.mark.parametrize('bad_kind', ('tiny', 'invalid', 'background'))
    def test_online_sphere_geometry_rejects_unreliable_surfaces(bad_kind):
        mask, depth = _render_forward_depth_sphere((.45, -.08, .12), .25)
        if bad_kind == 'tiny':
            visible = np.argwhere(mask)
            mask[:] = False
            for row, column in visible[:5]:
                mask[row, column] = True
        elif bad_kind == 'invalid':
            depth[mask] = np.nan
        else:
            rows, columns = np.nonzero(mask)
            depth[rows[::5], columns[::5]] = 2.
>       geometry = target_geometry_from_rgbd(
            mask, depth, 1.74, .05, 25., .25, require_valid_sphere=True,
        )
E       TypeError: target_geometry_from_rgbd() got an unexpected keyword argument 'require_valid_sphere'

test/test_rgbd_target_localizer.py:146: TypeError
_____ test_online_sphere_geometry_rejects_unreliable_surfaces[background] ______

bad_kind = 'background'

    @pytest.mark.parametrize('bad_kind', ('tiny', 'invalid', 'background'))
    def test_online_sphere_geometry_rejects_unreliable_surfaces(bad_kind):
        mask, depth = _render_forward_depth_sphere((.45, -.08, .12), .25)
        if bad_kind == 'tiny':
            visible = np.argwhere(mask)
            mask[:] = False
            for row, column in visible[:5]:
                mask[row, column] = True
        elif bad_kind == 'invalid':
            depth[mask] = np.nan
        else:
            rows, columns = np.nonzero(mask)
            depth[rows[::5], columns[::5]] = 2.
>       geometry = target_geometry_from_rgbd(
            mask, depth, 1.74, .05, 25., .25, require_valid_sphere=True,
        )
E       TypeError: target_geometry_from_rgbd() got an unexpected keyword argument 'require_valid_sphere'

test/test_rgbd_target_localizer.py:146: TypeError
__________ test_online_partial_sphere_remains_precise_after_near_clip __________

    def test_online_partial_sphere_remains_precise_after_near_clip():
        expected = np.array((.36, -.07, .08))
        mask, depth = _render_forward_depth_sphere(expected, .25)
        mask &= depth >= .15
        mask[:, :120] = False
>       geometry = target_geometry_from_rgbd(
            mask, depth, 1.74, .15, 25., .25, require_valid_sphere=True,
        )
E       TypeError: target_geometry_from_rgbd() got an unexpected keyword argument 'require_valid_sphere'

test/test_rgbd_target_localizer.py:158: TypeError
=========================== short test summary info ============================
FAILED test/test_rgbd_target_localizer.py::test_online_sphere_geometry_rejects_unreliable_surfaces[tiny]
FAILED test/test_rgbd_target_localizer.py::test_online_sphere_geometry_rejects_unreliable_surfaces[invalid]
FAILED test/test_rgbd_target_localizer.py::test_online_sphere_geometry_rejects_unreliable_surfaces[background]
FAILED test/test_rgbd_target_localizer.py::test_online_partial_sphere_remains_precise_after_near_clip
4 failed, 81 deselected in 0.38s
