.....................................................................FFF [ 84%]
F..F.....F...                                                            [100%]
=================================== FAILURES ===================================
_______ test_synthetic_synchronized_red_rgbd_produces_valid_observation ________

    def test_synthetic_synchronized_red_rgbd_produces_valid_observation():
        node = object.__new__(rgbd_target_localizer.RgbdTargetLocalizer)
        now = [100.12]
        node._ros_seconds = lambda: now[0]
        node.maximum_rgb_depth_skew = 0.02
        node.data_timeout = 0.5
        node.image_pair_buffer = RgbDepthPairBuffer(0.02, 4)
        node.pending_image_pairs = __import__('collections').deque(maxlen=4)
        node.image_clock_mapper = GazeboImageClockMapper()
        node.px4_clock_mapper = Px4RosClockMapper(0.05, calibration_samples=4)
        node.image_clock_mapper.add_anchor(10.0, 100.0, 100.01, 1.0)
        node.image_clock_mapper.add_anchor(10.2, 100.2, 100.21, 1.2)
        node.image_clock_wait_timeout = 0.15
        node.position_history = TimestampedVectorHistory(1.0)
        node.attitude_history = TimestampedVectorHistory(1.0)
        node.position_history.add(100.0, (0.0, 0.0, -5.0))
        node.position_history.add(100.2, (0.0, 0.0, -5.0))
        node.attitude_history.add(100.0, (1.0, 0.0, 0.0, 0.0))
        node.attitude_history.add(100.2, (1.0, 0.0, 0.0, 0.0))
        node.color_time = node.depth_time = -math.inf
        node.last_pair_rejection = ''
        node.last_image_timeout_report = -math.inf
        node.last_time_diagnostic = {}
        node.frame_id = 'local_ned'
        node.horizontal_fov = math.pi / 2.0
        node.minimum_red_pixels = 3
        node.minimum_depth = 0.2
        node.maximum_depth = 25.0
        node.minimum_depth_ratio = 0.5
        node.maximum_depth_mad = 0.25
        node.camera_translation_flu = (0.0, 0.0, 0.0)
        node.camera_pitch_down = 0.0
        node.target_radius = 0.0
        node.target_reference_z_offset = 0.0
        node.base_position_std = 0.08
        node.range_position_std_scale = 0.01
        node.geometry_diagnostics_enabled = True
        observations = []
        positions = []
        node.observation_pub = SimpleNamespace(
            publish=lambda message: observations.append(message)
        )
        node.target_position_pub = SimpleNamespace(
            publish=lambda message: positions.append(message)
        )
    
        color_array = np.zeros((4, 4, 3), dtype=np.uint8)
        color_array[1:3, 1:3, 2] = 255
        depth_array = np.full((4, 4), 5.0, dtype='<f4')
        color = Image()
        color.header.stamp.sec = 10
        color.header.stamp.nanosec = 100_000_000
        color.width = color.height = 4
        color.step = 12
        color.encoding = 'bgr8'
        color.data = color_array.tobytes()
        depth = Image()
        depth.header.stamp.sec = 10
        depth.header.stamp.nanosec = 100_000_000
        depth.width = depth.height = 4
        depth.step = 16
        depth.encoding = '32FC1'
        depth.data = depth_array.tobytes()
    
        node.color_callback(color)
        now[0] = 100.13
        node.depth_callback(depth)
        node.localize()
    
        assert len(observations) == 1
>       assert observations[0].valid
E       assert False
E        +  where False = uav_usv_interfaces.msg.TargetObservation(stamp=builtin_interfaces.msg.Time(sec=100, nanosec=100000000), received_stamp...d_attitude_x=0.0, interpolated_attitude_y=0.0, interpolated_attitude_z=0.0, target_reference_z_offset=0.0, valid=False).valid

test/test_rgbd_target_localizer.py:1270: AssertionError
________ test_large_depth_mad_rejects_observation_with_quality_evidence ________

    def test_large_depth_mad_rejects_observation_with_quality_evidence():
        now = [100.0]
        node, observations = _make_synthetic_localizer(now)
        positions = []
        node.target_position_pub = SimpleNamespace(
            publish=lambda message: positions.append(message)
        )
        node.position_history.add(100.0, (0.0, 0.0, -5.0))
        node.position_history.add(100.5, (0.0, 0.0, -5.0))
        node.attitude_history.add(100.0, (1.0, 0.0, 0.0, 0.0))
        node.attitude_history.add(100.5, (1.0, 0.0, 0.0, 0.0))
        color, depth = _rgbd_messages(100.10)
        depth_array = np.full((4, 4), 5.0, dtype='<f4')
        depth_array[1:3, 1:3] = np.array(((4.0, 4.0), (5.0, 5.0)))
        depth.data = depth_array.tobytes()
        now[0] = 100.12
        node.color_callback(color)
        now[0] = 100.13
        node.depth_callback(depth)
        node.localize()
    
        assert len(observations) == 1
        message = observations[0]
        assert not message.valid
>       assert message.rejection_reason == 'DEPTH_MAD_HIGH'
E       AssertionError: assert 'TARGET_VECTOR_INVALID' == 'DEPTH_MAD_HIGH'
E         - DEPTH_MAD_HIGH
E         + TARGET_VECTOR_INVALID

test/test_rgbd_target_localizer.py:1390: AssertionError
____ test_localizer_processes_latest_complete_pair_instead_of_fifo_backlog _____

    def test_localizer_processes_latest_complete_pair_instead_of_fifo_backlog():
        now = [100.0]
        node, observations = _make_synthetic_localizer(now)
        node.position_history.add(100.0, (0.0, 0.0, -5.0))
        node.position_history.add(100.5, (0.0, 0.0, -5.0))
        node.attitude_history.add(100.0, (1.0, 0.0, 0.0, 0.0))
        node.attitude_history.add(100.5, (1.0, 0.0, 0.0, 0.0))
        for stamp in (100.10, 100.15, 100.20):
            _enqueue_rgbd(node, now, stamp, 0.02, 0.03)
    
        now[0] = 100.24
        node.localize()
    
        assert len(observations) == 1
>       assert observations[0].valid
E       assert False
E        +  where False = uav_usv_interfaces.msg.TargetObservation(stamp=builtin_interfaces.msg.Time(sec=100, nanosec=200000000), received_stamp...d_attitude_x=0.0, interpolated_attitude_y=0.0, interpolated_attitude_z=0.0, target_reference_z_offset=0.0, valid=False).valid

test/test_rgbd_target_localizer.py:1436: AssertionError
______ test_continuous_rgbd_batches_produce_monotonic_valid_observations _______

    def test_continuous_rgbd_batches_produce_monotonic_valid_observations():
        now = [100.0]
        node, observations = _make_synthetic_localizer(now)
        node.position_history.add(100.0, (0.0, 0.0, -5.0))
        node.position_history.add(100.6, (0.6, 0.0, -5.0))
        node.attitude_history.add(100.0, (1.0, 0.0, 0.0, 0.0))
        node.attitude_history.add(100.6, (1.0, 0.0, 0.0, 0.0))
        for first, second, delays in (
            (100.10, 100.15, (0.02, 0.04)),
            (100.20, 100.25, (0.05, 0.03)),
            (100.30, 100.35, (0.01, 0.06)),
        ):
            _enqueue_rgbd(node, now, first, *delays)
            _enqueue_rgbd(node, now, second, *delays)
            now[0] = second + max(delays) + 0.01
            node.localize()
    
        stamps = [
            item.stamp.sec + item.stamp.nanosec * 1e-9
            for item in observations
        ]
>       assert all(item.valid for item in observations)
E       assert False
E        +  where False = all(<generator object test_continuous_rgbd_batches_produce_monotonic_valid_observations.<locals>.<genexpr> at 0x79814fafdd20>)

test/test_rgbd_target_localizer.py:1463: AssertionError
____________ test_image_waits_for_slightly_late_pose_then_localizes ____________

    def test_image_waits_for_slightly_late_pose_then_localizes():
        now = [100.0]
        node, observations = _make_synthetic_localizer(now)
        node.position_history.add(100.00, (0.0, 0.0, -5.0))
        node.position_history.add(100.08, (0.08, 0.0, -5.0))
        node.attitude_history.add(100.00, (1.0, 0.0, 0.0, 0.0))
        node.attitude_history.add(100.08, (1.0, 0.0, 0.0, 0.0))
        _enqueue_rgbd(node, now, 100.10, 0.02, 0.03)
    
        node.localize()
    
        assert observations == []
        assert node.waiting_image_pair is not None
    
        node.position_history.add(100.12, (0.12, 0.0, -5.0))
        node.attitude_history.add(100.12, (1.0, 0.0, 0.0, 0.0))
        now[0] = 100.16
        node.localize()
    
        assert len(observations) == 1
>       assert observations[0].valid
E       assert False
E        +  where False = uav_usv_interfaces.msg.TargetObservation(stamp=builtin_interfaces.msg.Time(sec=100, nanosec=100000000), received_stamp...d_attitude_x=0.0, interpolated_attitude_y=0.0, interpolated_attitude_z=0.0, target_reference_z_offset=0.0, valid=False).valid

test/test_rgbd_target_localizer.py:1516: AssertionError
____________ test_image_waits_for_next_clock_anchor_then_localizes _____________

    def test_image_waits_for_next_clock_anchor_then_localizes():
        now = [100.0]
        node, observations = _make_synthetic_localizer(now)
        node.image_clock_mapper = GazeboImageClockMapper()
        node.image_clock_mapper.add_anchor(100.00, 100.00, 100.01, 1.0)
        node.image_clock_mapper.add_anchor(100.08, 100.08, 100.09, 1.08)
        node.position_history.add(100.0, (0.0, 0.0, -5.0))
        node.position_history.add(100.2, (0.0, 0.0, -5.0))
        node.attitude_history.add(100.0, (1.0, 0.0, 0.0, 0.0))
        node.attitude_history.add(100.2, (1.0, 0.0, 0.0, 0.0))
        _enqueue_rgbd(node, now, 100.10, 0.02, 0.03)
    
        node.localize()
    
        assert observations == []
        assert node.waiting_image_pair is not None
    
        node.image_clock_mapper.add_anchor(100.20, 100.20, 100.21, 1.2)
        now[0] = 100.14
        node.localize()
    
        assert len(observations) == 1
>       assert observations[0].valid
E       assert False
E        +  where False = uav_usv_interfaces.msg.TargetObservation(stamp=builtin_interfaces.msg.Time(sec=100, nanosec=100000000), received_stamp...d_attitude_x=0.0, interpolated_attitude_y=0.0, interpolated_attitude_z=0.0, target_reference_z_offset=0.0, valid=False).valid

test/test_rgbd_target_localizer.py:1637: AssertionError
=========================== short test summary info ============================
FAILED test/test_rgbd_target_localizer.py::test_synthetic_synchronized_red_rgbd_produces_valid_observation
FAILED test/test_rgbd_target_localizer.py::test_large_depth_mad_rejects_observation_with_quality_evidence
FAILED test/test_rgbd_target_localizer.py::test_localizer_processes_latest_complete_pair_instead_of_fifo_backlog
FAILED test/test_rgbd_target_localizer.py::test_continuous_rgbd_batches_produce_monotonic_valid_observations
FAILED test/test_rgbd_target_localizer.py::test_image_waits_for_slightly_late_pose_then_localizes
FAILED test/test_rgbd_target_localizer.py::test_image_waits_for_next_clock_anchor_then_localizes
6 failed, 79 passed in 0.45s
