{
  "follow_before_y": {
    "rgbd": {
      "count": 100,
      "signed_xyz_mean_m": [
        0.09367165694647245,
        -0.04161576349166724,
        0.006896376230111849
      ],
      "horizontal_rmse_m": 0.146193966517306,
      "horizontal_p50_m": 0.13524760382614442,
      "horizontal_p95_m": 0.20855925251662352,
      "position_3d_rmse_m": 0.14683098587084334
    },
    "kf": {
      "count": 201,
      "signed_xyz_mean_m": [
        0.1745552067369358,
        -0.1023610943104639,
        0.005134906109448236
      ],
      "horizontal_rmse_m": 0.250319023887774,
      "horizontal_p50_m": 0.16174988281801797,
      "horizontal_p95_m": 0.49716615982362705,
      "position_3d_rmse_m": 0.2506461278530234
    },
    "forecast_0.3s": {
      "count": 101,
      "signed_xyz_mean_m": [
        0.22539664120317043,
        -0.14669447736565297,
        0.0016841703081261442
      ],
      "horizontal_rmse_m": 0.39092475997496773,
      "horizontal_p50_m": 0.1673752505053111,
      "horizontal_p95_m": 0.9293203267985437,
      "position_3d_rmse_m": 0.3916065545574315
    },
    "forecast_0.5s": {
      "count": 101,
      "signed_xyz_mean_m": [
        0.2523281359283244,
        -0.1644998392153655,
        -0.0012451995439237964
      ],
      "horizontal_rmse_m": 0.48175313833042505,
      "horizontal_p50_m": 0.17276845106861366,
      "horizontal_p95_m": 1.2744649560308199,
      "position_3d_rmse_m": 0.48294577739851824
    },
    "forecast_1s": {
      "count": 101,
      "signed_xyz_mean_m": [
        0.29211479653508954,
        -0.17022568716028524,
        -0.008887146373588185
      ],
      "horizontal_rmse_m": 0.6777322566308964,
      "horizontal_p50_m": 0.17040820610376461,
      "horizontal_p95_m": 1.9187289839257404,
      "position_3d_rmse_m": 0.6807580940263984
    },
    "forecast_2s": {
      "count": 101,
      "signed_xyz_mean_m": [
        0.2962583389908034,
        -0.07687570176011008,
        -0.013712240824892561
      ],
      "horizontal_rmse_m": 1.105378328775091,
      "horizontal_p50_m": 0.21909360299115085,
      "horizontal_p95_m": 2.8833224634706753,
      "position_3d_rmse_m": 1.1099073262793464
    },
    "forecast_3s": {
      "count": 101,
      "signed_xyz_mean_m": [
        0.27264575985489253,
        0.09137424974472516,
        -0.0016355410346970281
      ],
      "horizontal_rmse_m": 1.704283667572114,
      "horizontal_p50_m": 0.3911961555026385,
      "horizontal_p95_m": 4.109574102225213,
      "position_3d_rmse_m": 1.7062443785535502
    }
  },
  "y_early": {
    "rgbd": {
      "count": 40,
      "signed_xyz_mean_m": [
        0.07377581241641522,
        -0.1462129930635293,
        0.026228963071170803
      ],
      "horizontal_rmse_m": 0.1691268527367826,
      "horizontal_p50_m": 0.1612046378499522,
      "horizontal_p95_m": 0.21180354677125027,
      "position_3d_rmse_m": 0.1712062098611797
    },
    "kf": {
      "count": 79,
      "signed_xyz_mean_m": [
        0.0741511047528852,
        -0.1448914910590961,
        0.030205395200324097
      ],
      "horizontal_rmse_m": 0.16417616946696784,
      "horizontal_p50_m": 0.16530721587011,
      "horizontal_p95_m": 0.1894180041409844,
      "position_3d_rmse_m": 0.16777527156099148
    },
    "forecast_0.3s": {
      "count": 39,
      "signed_xyz_mean_m": [
        0.07521094462312962,
        -0.14031048530959925,
        0.042450943412990196
      ],
      "horizontal_rmse_m": 0.16177434487693648,
      "horizontal_p50_m": 0.16084542490416553,
      "horizontal_p95_m": 0.1973002498724993,
      "position_3d_rmse_m": 0.16946631135037046
    },
    "forecast_0.5s": {
      "count": 39,
      "signed_xyz_mean_m": [
        0.07694447213129835,
        -0.13779805401522202,
        0.05203451067017413
      ],
      "horizontal_rmse_m": 0.16087717093779888,
      "horizontal_p50_m": 0.15979902352266218,
      "horizontal_p95_m": 0.19644635006543568,
      "position_3d_rmse_m": 0.1728698044790209
    },
    "forecast_1s": {
      "count": 39,
      "signed_xyz_mean_m": [
        0.08002483512428646,
        -0.12957401145813427,
        0.08123943528297144
      ],
      "horizontal_rmse_m": 0.15859368274641092,
      "horizontal_p50_m": 0.15857888040792892,
      "horizontal_p95_m": 0.20259706372411662,
      "position_3d_rmse_m": 0.18619723308433997
    },
    "forecast_2s": {
      "count": 39,
      "signed_xyz_mean_m": [
        0.0709099333612301,
        -0.10253379548251076,
        0.1311257180582879
      ],
      "horizontal_rmse_m": 0.16407068579320427,
      "horizontal_p50_m": 0.14240896662497382,
      "horizontal_p95_m": 0.25813351189859723,
      "position_3d_rmse_m": 0.21721334225688252
    },
    "forecast_3s": {
      "count": 39,
      "signed_xyz_mean_m": [
        0.03680708970363666,
        -0.1044996925521886,
        0.11326492303231689
      ],
      "horizontal_rmse_m": 0.22651133772464452,
      "horizontal_p50_m": 0.17882008418260775,
      "horizontal_p95_m": 0.41238852067368204,
      "position_3d_rmse_m": 0.258006742694481
    }
  },
  "y_approach": {
    "rgbd": {
      "count": 80,
      "signed_xyz_mean_m": [
        0.043470093567341994,
        -0.04513686668791076,
        0.047737370092505005
      ],
      "horizontal_rmse_m": 0.09036610999694582,
      "horizontal_p50_m": 0.04750835972716175,
      "horizontal_p95_m": 0.17440457078122193,
      "position_3d_rmse_m": 0.10289876568435055
    },
    "kf": {
      "count": 161,
      "signed_xyz_mean_m": [
        0.03828069716894051,
        -0.047877724836808855,
        0.04789626460116972
      ],
      "horizontal_rmse_m": 0.08254612940666019,
      "horizontal_p50_m": 0.066863021247868,
      "horizontal_p95_m": 0.14672570228304194,
      "position_3d_rmse_m": 0.09639955855545077
    },
    "forecast_0.3s": {
      "count": 81,
      "signed_xyz_mean_m": [
        0.024721384887007782,
        -0.04447234597980611,
        0.04898125713115299
      ],
      "horizontal_rmse_m": 0.0772440307149047,
      "horizontal_p50_m": 0.05885800136916209,
      "horizontal_p95_m": 0.14086323191382016,
      "position_3d_rmse_m": 0.09399646143146266
    },
    "forecast_0.5s": {
      "count": 81,
      "signed_xyz_mean_m": [
        0.014928629359634234,
        -0.04433766902314592,
        0.04958676267078002
      ],
      "horizontal_rmse_m": 0.07637731298857489,
      "horizontal_p50_m": 0.06310019388255124,
      "horizontal_p95_m": 0.12236896250675018,
      "position_3d_rmse_m": 0.09615393052571136
    },
    "forecast_1s": {
      "count": 81,
      "signed_xyz_mean_m": [
        -0.014093632378980028,
        -0.0509785698743285,
        0.05061208286670781
      ],
      "horizontal_rmse_m": 0.09385196369917444,
      "horizontal_p50_m": 0.08569930441949127,
      "horizontal_p95_m": 0.14352088102595648,
      "position_3d_rmse_m": 0.12250343451494293
    },
    "forecast_2s": {
      "count": 81,
      "signed_xyz_mean_m": [
        -0.10101749383044831,
        -0.1146630211646756,
        0.05072401743794328
      ],
      "horizontal_rmse_m": 0.22718106509597166,
      "horizontal_p50_m": 0.21542799295315276,
      "horizontal_p95_m": 0.36582086951097936,
      "position_3d_rmse_m": 0.256180248196927
    },
    "forecast_3s": {
      "count": 81,
      "signed_xyz_mean_m": [
        -0.2971655068246636,
        -0.3307866089861008,
        0.049887590225329105
      ],
      "horizontal_rmse_m": 0.5570415061740295,
      "horizontal_p50_m": 0.527931170623344,
      "horizontal_p95_m": 0.9545913543135399,
      "position_3d_rmse_m": 0.5684424451592265
    }
  },
  "y_terminal": {
    "rgbd": {
      "count": 40,
      "signed_xyz_mean_m": [
        0.00797374350960709,
        0.0112337256408773,
        0.05167543945709946
      ],
      "horizontal_rmse_m": 0.04284125043289447,
      "horizontal_p50_m": 0.04219538418061952,
      "horizontal_p95_m": 0.051448635689969574,
      "position_3d_rmse_m": 0.06713704602163671
    },
    "kf": {
      "count": 79,
      "signed_xyz_mean_m": [
        -0.003865295071910505,
        -0.0063601041327750445,
        0.04824043379880828
      ],
      "horizontal_rmse_m": 0.017768948190294374,
      "horizontal_p50_m": 0.01540106814123621,
      "horizontal_p95_m": 0.028575060595555885,
      "position_3d_rmse_m": 0.05156492613198076
    },
    "forecast_0.3s": {
      "count": 39,
      "signed_xyz_mean_m": [
        -0.02251833677845055,
        -0.032516347660824625,
        0.04054037470020612
      ],
      "horizontal_rmse_m": 0.045132840015451536,
      "horizontal_p50_m": 0.044162221358660124,
      "horizontal_p95_m": 0.05578274164615827,
      "position_3d_rmse_m": 0.061998196233306095
    },
    "forecast_0.5s": {
      "count": 39,
      "signed_xyz_mean_m": [
        -0.037005754266495945,
        -0.054062853215289836,
        0.03304359304638896
      ],
      "horizontal_rmse_m": 0.06987172218372237,
      "horizontal_p50_m": 0.06945468848599712,
      "horizontal_p95_m": 0.08834790440627224,
      "position_3d_rmse_m": 0.07992334300638494
    },
    "forecast_1s": {
      "count": 39,
      "signed_xyz_mean_m": [
        -0.08003471762002298,
        -0.12379051967253173,
        0.007180839811834048
      ],
      "horizontal_rmse_m": 0.15247670574468475,
      "horizontal_p50_m": 0.14424371762916807,
      "horizontal_p95_m": 0.1997153016736398,
      "position_3d_rmse_m": 0.15688569695235452
    },
    "forecast_2s": {
      "count": 39,
      "signed_xyz_mean_m": [
        -0.2182841617860294,
        -0.41191915491168957,
        -0.03984573363177765
      ],
      "horizontal_rmse_m": 0.48566644478323995,
      "horizontal_p50_m": 0.43014923782961484,
      "horizontal_p95_m": 0.7072231486734446,
      "position_3d_rmse_m": 0.4889317912192782
    },
    "forecast_3s": {
      "count": 39,
      "signed_xyz_mean_m": [
        -0.5173731438450488,
        -1.3700086645494547,
        -0.02114751063254294
      ],
      "horizontal_rmse_m": 1.5316468646317085,
      "horizontal_p50_m": 1.3592713067263367,
      "horizontal_p95_m": 2.2656571848429183,
      "position_3d_rmse_m": 1.5326375550054465
    }
  },
  "y_recovery_and_retry": {
    "rgbd": {
      "count": 244,
      "signed_xyz_mean_m": [
        0.014521562282366061,
        0.09861000330309701,
        0.052956102425396355
      ],
      "horizontal_rmse_m": 0.12257942981827265,
      "horizontal_p50_m": 0.10192362999154705,
      "horizontal_p95_m": 0.2044293896357633,
      "position_3d_rmse_m": 0.13417355230514963
    },
    "kf": {
      "count": 342,
      "signed_xyz_mean_m": [
        0.05619972303136447,
        0.047889196582268125,
        0.0570600088892128
      ],
      "horizontal_rmse_m": 0.10063043621440007,
      "horizontal_p50_m": 0.09010343767098342,
      "horizontal_p95_m": 0.1577170351043752,
      "position_3d_rmse_m": 0.11617995000936461
    },
    "forecast_0.3s": {
      "count": 167,
      "signed_xyz_mean_m": [
        0.09337386668565648,
        -0.0269313444971934,
        0.058663398648876305
      ],
      "horizontal_rmse_m": 0.1625212128259835,
      "horizontal_p50_m": 0.15081541023580264,
      "horizontal_p95_m": 0.24034989108402655,
      "position_3d_rmse_m": 0.17343355546831662
    },
    "forecast_0.5s": {
      "count": 167,
      "signed_xyz_mean_m": [
        0.12189719199135635,
        -0.07687761410664967,
        0.06020017904827592
      ],
      "horizontal_rmse_m": 0.23271743079246965,
      "horizontal_p50_m": 0.1960514556081701,
      "horizontal_p95_m": 0.35709779999658114,
      "position_3d_rmse_m": 0.24147167095351546
    },
    "forecast_1s": {
      "count": 167,
      "signed_xyz_mean_m": [
        0.19513786715271694,
        -0.1942561048011504,
        0.06367204328019892
      ],
      "horizontal_rmse_m": 0.4294970492461996,
      "horizontal_p50_m": 0.3466050228164398,
      "horizontal_p95_m": 0.6962538648781855,
      "position_3d_rmse_m": 0.43706934093048694
    },
    "forecast_2s": {
      "count": 167,
      "signed_xyz_mean_m": [
        0.31447059466295724,
        -0.4326798411270704,
        0.0637360233097262
      ],
      "horizontal_rmse_m": 0.9689263219155666,
      "horizontal_p50_m": 0.5516401549222785,
      "horizontal_p95_m": 1.7932069484167636,
      "position_3d_rmse_m": 0.9753841576974616
    },
    "forecast_3s": {
      "count": 167,
      "signed_xyz_mean_m": [
        0.6910865244069061,
        -0.9118857755823638,
        0.05674092897749494
      ],
      "horizontal_rmse_m": 2.2002662173800918,
      "horizontal_p50_m": 0.9172831578133432,
      "horizontal_p95_m": 4.085496161160274,
      "position_3d_rmse_m": 2.202674020500441
    }
  }
}
