PHASE INIT Y elapsed None
PHASE GROUND_HOLD Y elapsed None
X SENT 2
PHASE TAKEOFF Y elapsed None
X SENT 1
X SENT 0
PHASE FOLLOW Y elapsed None
Y SENT after stable FOLLOW
PHASE FAR_GUIDANCE Y elapsed 0.002
PLAN 1 627 HORIZON_INSUFFICIENT   age 0.0475 0.0626 0.0632 t_go 0.0
PLAN 2 631 HORIZON_INSUFFICIENT   age 0.0482 0.0654 0.0657 t_go 0.0
PLAN 3 636 HORIZON_INSUFFICIENT   age 0.05 0.0715 0.0718 t_go 0.0
PLAN 4 640 HORIZON_INSUFFICIENT   age 0.0538 0.0721 0.0723 t_go 0.0
PLAN 5 645 HORIZON_INSUFFICIENT   age 0.034 0.0447 0.045 t_go 0.0
PLAN 6 649 HORIZON_INSUFFICIENT   age 0.0372 0.0488 0.051 t_go 0.0
PLAN 7 653 HORIZON_INSUFFICIENT   age 0.0388 0.0475 0.0478 t_go 0.0
PLAN 8 657 HORIZON_INSUFFICIENT   age 0.0452 0.054 0.0548 t_go 0.0
PLAN 9 661 HORIZON_INSUFFICIENT   age 0.0572 0.0695 0.0711 t_go 0.0
PLAN 10 666 HORIZON_INSUFFICIENT   age 0.0513 0.0655 0.0658 t_go 0.0
PLAN 11 671 HORIZON_INSUFFICIENT   age 0.0403 0.0602 0.0611 t_go 0.0
PLAN 12 675 DYNAMIC_LIMIT_VERTICAL   age 0.0415 0.0546 0.0611 t_go 0.0
PLAN 13 679 DYNAMIC_LIMIT_VERTICAL   age 0.0428 0.0585 0.0611 t_go 0.0
PLAN 14 683 DYNAMIC_LIMIT_VERTICAL   age 0.0448 0.0657 0.0712 t_go 0.0
PLAN 15 688 DYNAMIC_LIMIT_VERTICAL   age 0.0539 0.0733 0.0791 t_go 0.0
PLAN 16 692 DYNAMIC_LIMIT_VERTICAL   age 0.0539 0.0687 0.0698 t_go 0.0
PLAN 17 697 DYNAMIC_LIMIT_VERTICAL   age 0.038 0.0512 0.0514 t_go 0.0
PLAN 18 702 DYNAMIC_LIMIT_VERTICAL   age 0.0396 0.056 0.0563 t_go 0.0
PLAN 19 706 DYNAMIC_LIMIT_VERTICAL   age 0.0453 0.0704 0.0707 t_go 0.0
PLAN 20 711 DYNAMIC_LIMIT_VERTICAL   age 0.0445 0.0668 0.0713 t_go 0.0
PLAN 21 716 DYNAMIC_LIMIT_VERTICAL   age 0.0631 0.0806 0.0817 t_go 0.0
PLAN 22 721 DYNAMIC_LIMIT_VERTICAL   age 0.0371 0.0611 0.0614 t_go 0.0
PLAN 23 726 DYNAMIC_LIMIT_VERTICAL   age 0.0408 0.0594 0.0597 t_go 0.0
PLAN 24 731 DYNAMIC_LIMIT_VERTICAL   age 0.0452 0.0595 0.0612 t_go 0.0
PLAN 25 735 DYNAMIC_LIMIT_VERTICAL   age 0.0461 0.0671 0.0716 t_go 0.0
PLAN 26 739 DYNAMIC_LIMIT_VERTICAL   age 0.057 0.0728 0.0731 t_go 0.0
PLAN 27 744 DYNAMIC_LIMIT_VERTICAL   age 0.0608 0.078 0.079 t_go 0.0
PLAN 28 748 DYNAMIC_LIMIT_VERTICAL   age 0.057 0.0825 0.0831 t_go 0.0
PLAN 29 753 DYNAMIC_LIMIT_VERTICAL   age 0.0326 0.0469 0.049 t_go 0.0
PLAN 30 757 DYNAMIC_LIMIT_VERTICAL   age 0.0393 0.0567 0.059 t_go 0.0
PLAN 31 761 DYNAMIC_LIMIT_VERTICAL   age 0.0479 0.0671 0.069 t_go 0.0
PLAN 32 766 DYNAMIC_LIMIT_VERTICAL   age 0.046 0.0746 0.0751 t_go 0.0
PLAN 33 771 DYNAMIC_LIMIT_VERTICAL   age 0.0395 0.0606 0.0612 t_go 0.0
PLAN 34 775 DYNAMIC_LIMIT_VERTICAL   age 0.0424 0.0633 0.069 t_go 0.0
PLAN 35 780 DYNAMIC_LIMIT_VERTICAL   age 0.0413 0.0564 0.061 t_go 0.0
PLAN 36 785 DYNAMIC_LIMIT_VERTICAL   age 0.0467 0.0723 0.079 t_go 0.0
PLAN 37 790 HORIZON_INSUFFICIENT   age 0.0426 0.0641 0.0648 t_go 0.0
PLAN 38 794 HORIZON_INSUFFICIENT   age 0.0444 0.0606 0.0609 t_go 0.0
PLAN 39 799 HORIZON_INSUFFICIENT   age 0.0336 0.0577 0.0589 t_go 0.0
PLAN 40 803 HORIZON_INSUFFICIENT   age 0.0374 0.0518 0.0522 t_go 0.0
PLAN 41 807 HORIZON_INSUFFICIENT   age 0.0465 0.0709 0.0711 t_go 0.0
PLAN 42 811 DYNAMIC_LIMIT_VERTICAL   age 0.0521 0.0705 0.079 t_go 0.0
PLAN 43 815 DYNAMIC_LIMIT_VERTICAL   age 0.0521 0.0709 0.079 t_go 0.0
PLAN 44 819 DYNAMIC_LIMIT_VERTICAL   age 0.0475 0.065 0.071 t_go 0.0
PLAN 45 823 DYNAMIC_LIMIT_VERTICAL   age 0.0486 0.0784 0.081 t_go 0.0
PLAN 46 828 DYNAMIC_LIMIT_VERTICAL   age 0.0424 0.0675 0.0689 t_go 0.0
PLAN 47 833 NONE   age 0.0341 0.0549 0.061 t_go 1.5
PLAN 48 837 NONE   age 0.04 0.0584 0.0611 t_go 1.5
PLAN 49 842 NONE   age 0.0421 0.0618 0.0621 t_go 1.5
PLAN 50 847 NONE   age 0.0434 0.0658 0.071 t_go 1.5
PLAN 51 851 NONE   age 0.0441 0.0608 0.0611 t_go 1.5
PLAN 52 855 NONE   age 0.0457 0.0577 0.0611 t_go 1.5
PLAN 53 860 NONE   age 0.0292 0.0484 0.0489 t_go 1.5
PHASE TERMINAL_MINCO Y elapsed 11.788
PLAN 54 862 NONE   age 0.0436 0.0573 0.079 t_go 1.365
PLAN 55 864 NONE   age 0.044 0.0525 0.0892 t_go 1.264
PLAN 56 867 NONE   age 0.043 0.0509 0.0811 t_go 1.117
PLAN 57 870 NONE   age 0.0493 0.0548 0.0901 t_go 0.959
PLAN 58 873 NONE   age 0.0423 0.0476 0.0811 t_go 0.818
PLAN 59 875 NONE   age 0.0479 0.0562 0.0909 t_go 1.104
PLAN 60 878 NONE   age 0.0445 0.0571 0.0891 t_go 1.16
PLAN 61 880 DYNAMIC_LIMIT_VERTICAL   age 0.0473 0.065 0.069 t_go 0.0
PLAN 62 883 NONE   age 0.0482 0.0636 0.091 t_go 1.5
PHASE SAFE_RECOVERY Y elapsed 13.048
RESULT {'stamp': {'sec': 1791192054, 'nanosec': 362665653}, 'mission_id': 1, 'success': True, 'outcome': 'SUCCESS', 'reason': 'CAPTURE_RADIUS_REACHED', 'detail': 'determined by simulation truth in evaluator only', 'elapsed_time': 13.12678074836731, 'capture_radius': 0.5, 'minimum_distance': 0.45255547057528484, 'horizontal_distance': 0.27849896830108234, 'vertical_error': 0.35671386096260715, 'relative_speed': 1.702950214472157, 'closing_speed': 1.2111308941719046, 'max_horizontal_speed': 6.373477334509304, 'max_vertical_speed': 2.605157521292766, 'max_horizontal_acceleration': 2.9870217829125503, 'max_vertical_acceleration': 3.9857790705325304}
PHASE REACQUIRE Y elapsed 14.648
PHASE TARGET_LOCK Y elapsed 14.749
PHASE FAR_GUIDANCE Y elapsed 14.805
PLAN 63 920 HORIZON_INSUFFICIENT   age 0.0286 0.0372 0.0374 t_go 0.0
PLAN 64 924 HORIZON_INSUFFICIENT   age 0.0332 0.0439 0.0443 t_go 0.0
PLAN 65 929 HORIZON_INSUFFICIENT   age 0.0335 0.0417 0.0422 t_go 0.0
PLAN 66 933 HORIZON_INSUFFICIENT   age 0.0385 0.0524 0.059 t_go 0.0
