PHASE GROUND_HOLD Y elapsed None
X SENT 2
PHASE TAKEOFF Y elapsed None
X SENT 1
X SENT 0
PHASE FOLLOW Y elapsed None
Y SENT after stable FOLLOW
PHASE FAR_GUIDANCE Y elapsed 0.002
PLAN 1 1075 HORIZON_INSUFFICIENT   age 0.0347 0.0518 0.0522 t_go 0.0
PLAN 2 1079 HORIZON_INSUFFICIENT   age 0.0475 0.0666 0.067 t_go 0.0
PLAN 3 1084 HORIZON_INSUFFICIENT   age 0.039 0.0505 0.0519 t_go 0.0
PLAN 4 1088 HORIZON_INSUFFICIENT   age 0.0403 0.0556 0.0557 t_go 0.0
PLAN 5 1092 HORIZON_INSUFFICIENT   age 0.0521 0.0635 0.0637 t_go 0.0
PLAN 6 1097 HORIZON_INSUFFICIENT   age 0.0392 0.0527 0.0601 t_go 0.0
PLAN 7 1101 HORIZON_INSUFFICIENT   age 0.0476 0.0614 0.0622 t_go 0.0
PLAN 8 1106 HORIZON_INSUFFICIENT   age 0.0499 0.0646 0.0652 t_go 0.0
PLAN 9 1110 HORIZON_INSUFFICIENT   age 0.0508 0.0715 0.0726 t_go 0.0
PLAN 10 1115 HORIZON_INSUFFICIENT   age 0.0456 0.0652 0.0654 t_go 0.0
PLAN 11 1120 HORIZON_INSUFFICIENT   age 0.036 0.0508 0.051 t_go 0.0
PLAN 12 1125 HORIZON_INSUFFICIENT   age 0.0354 0.0519 0.0523 t_go 0.0
PLAN 13 1129 HORIZON_INSUFFICIENT   age 0.0432 0.0562 0.06 t_go 0.0
PLAN 14 1133 HORIZON_INSUFFICIENT   age 0.0479 0.0689 0.0692 t_go 0.0
PLAN 15 1138 HORIZON_INSUFFICIENT   age 0.0382 0.0534 0.0539 t_go 0.0
PLAN 16 1142 HORIZON_INSUFFICIENT   age 0.0466 0.0607 0.062 t_go 0.0
PLAN 17 1146 HORIZON_INSUFFICIENT   age 0.0466 0.0677 0.0683 t_go 0.0
PLAN 18 1151 HORIZON_INSUFFICIENT   age 0.0478 0.0675 0.0678 t_go 0.0
PLAN 19 1155 DYNAMIC_LIMIT_VERTICAL   age 0.049 0.0651 0.0701 t_go 0.0
PLAN 20 1160 DYNAMIC_LIMIT_VERTICAL   age 0.0396 0.0542 0.0621 t_go 0.0
PLAN 21 1164 DYNAMIC_LIMIT_VERTICAL   age 0.0459 0.064 0.0644 t_go 0.0
PLAN 22 1168 DYNAMIC_LIMIT_VERTICAL   age 0.0473 0.0647 0.0722 t_go 0.0
PLAN 23 1173 DYNAMIC_LIMIT_VERTICAL   age 0.0559 0.0785 0.08 t_go 0.0
PLAN 24 1178 DYNAMIC_LIMIT_VERTICAL   age 0.0433 0.0699 0.0726 t_go 0.0
PLAN 25 1182 DYNAMIC_LIMIT_VERTICAL   age 0.0476 0.0655 0.0721 t_go 0.0
PLAN 26 1187 DYNAMIC_LIMIT_VERTICAL   age 0.0414 0.0599 0.0601 t_go 0.0
PLAN 27 1192 DYNAMIC_LIMIT_VERTICAL   age 0.0419 0.0612 0.0621 t_go 0.0
PLAN 28 1196 DYNAMIC_LIMIT_VERTICAL   age 0.0477 0.0663 0.0665 t_go 0.0
PLAN 29 1201 DYNAMIC_LIMIT_VERTICAL   age 0.0489 0.0719 0.0801 t_go 0.0
PLAN 30 1206 DYNAMIC_LIMIT_VERTICAL   age 0.0456 0.0638 0.0721 t_go 0.0
PLAN 31 1210 DYNAMIC_LIMIT_VERTICAL   age 0.0576 0.0788 0.0821 t_go 0.0
PLAN 32 1215 DYNAMIC_LIMIT_VERTICAL   age 0.0374 0.0611 0.0617 t_go 0.0
PLAN 33 1219 DYNAMIC_LIMIT_VERTICAL   age 0.048 0.0714 0.072 t_go 0.0
PLAN 34 1224 DYNAMIC_LIMIT_VERTICAL   age 0.0381 0.0536 0.0621 t_go 0.0
PLAN 35 1228 DYNAMIC_LIMIT_VERTICAL   age 0.0505 0.0739 0.0741 t_go 0.0
PLAN 36 1232 DYNAMIC_LIMIT_VERTICAL   age 0.0514 0.0696 0.072 t_go 0.0
PLAN 37 1237 DYNAMIC_LIMIT_VERTICAL   age 0.049 0.0693 0.0701 t_go 0.0
PLAN 38 1241 DYNAMIC_LIMIT_VERTICAL   age 0.0515 0.0726 0.0802 t_go 0.0
PLAN 39 1246 DYNAMIC_LIMIT_VERTICAL   age 0.039 0.063 0.0725 t_go 0.0
PLAN 40 1250 DYNAMIC_LIMIT_VERTICAL   age 0.0462 0.0636 0.0637 t_go 0.0
PLAN 41 1255 DYNAMIC_LIMIT_VERTICAL   age 0.0413 0.0631 0.0636 t_go 0.0
PLAN 42 1259 DYNAMIC_LIMIT_VERTICAL   age 0.0481 0.0658 0.0701 t_go 0.0
PLAN 43 1264 DYNAMIC_LIMIT_VERTICAL   age 0.0406 0.0619 0.0621 t_go 0.0
PLAN 44 1269 DYNAMIC_LIMIT_VERTICAL   age 0.0349 0.0612 0.062 t_go 0.0
PLAN 45 1273 DYNAMIC_LIMIT_VERTICAL   age 0.0518 0.0768 0.0802 t_go 0.0
PLAN 46 1278 DYNAMIC_LIMIT_VERTICAL   age 0.0366 0.0559 0.0562 t_go 0.0
PLAN 47 1282 DYNAMIC_LIMIT_VERTICAL   age 0.0557 0.0783 0.0786 t_go 0.0
PLAN 48 1287 DYNAMIC_LIMIT_VERTICAL   age 0.0535 0.0757 0.0802 t_go 0.0
PLAN 49 1292 DYNAMIC_LIMIT_VERTICAL   age 0.0468 0.0672 0.0721 t_go 0.0
PLAN 50 1296 DYNAMIC_LIMIT_VERTICAL   age 0.0549 0.0736 0.0746 t_go 0.0
PLAN 51 1301 DYNAMIC_LIMIT_VERTICAL   age 0.0381 0.0572 0.0599 t_go 0.0
PLAN 52 1306 HORIZON_INSUFFICIENT   age 0.0468 0.0613 0.0621 t_go 0.0
PLAN 53 1310 HORIZON_INSUFFICIENT   age 0.0535 0.0709 0.0723 t_go 0.0
PLAN 54 1315 DYNAMIC_LIMIT_VERTICAL   age 0.0524 0.0751 0.0803 t_go 0.0
PLAN 55 1320 DYNAMIC_LIMIT_VERTICAL   age 0.0462 0.07 0.0722 t_go 0.0
PLAN 56 1325 DYNAMIC_LIMIT_VERTICAL   age 0.0497 0.0679 0.0701 t_go 0.0
PLAN 57 1330 DYNAMIC_LIMIT_VERTICAL   age 0.0466 0.0711 0.0715 t_go 0.0
PLAN 58 1334 DYNAMIC_LIMIT_VERTICAL   age 0.0507 0.0771 0.0821 t_go 0.0
PLAN 59 1339 NONE   age 0.0385 0.0611 0.0619 t_go 1.5
PLAN 60 1343 NONE   age 0.0413 0.056 0.0601 t_go 1.5
PLAN 61 1348 NONE   age 0.0414 0.0544 0.0622 t_go 1.5
PLAN 62 1352 NONE   age 0.0503 0.077 0.0773 t_go 1.5
PLAN 63 1357 NONE   age 0.0336 0.0509 0.0512 t_go 1.5
PLAN 64 1361 NONE   age 0.0416 0.061 0.0617 t_go 1.5
PLAN 65 1366 NONE   age 0.0469 0.0676 0.0721 t_go 1.5
PHASE TERMINAL_MINCO Y elapsed 14.596
PLAN 66 1369 NONE   age 0.0359 0.0454 0.08 t_go 1.335
PLAN 67 1371 NONE   age 0.0425 0.048 0.08 t_go 1.228
PLAN 68 1374 NONE   age 0.0472 0.0521 0.082 t_go 1.076
PLAN 69 1377 NONE   age 0.0425 0.0475 0.08 t_go 0.928
PLAN 70 1380 NONE   age 0.0387 0.0442 0.0821 t_go 0.835
PLAN 71 1382 NONE   age 0.0453 0.0559 0.0821 t_go 1.15
PLAN 72 1385 NONE   age 0.0546 0.0662 0.0899 t_go 1.117
PLAN 73 1388 NONE   age 0.0488 0.0592 0.0921 t_go 1.238
PHASE SAFE_RECOVERY Y elapsed 15.812
RESULT {'stamp': {'sec': 1791191714, 'nanosec': 945090532}, 'mission_id': 1, 'success': True, 'outcome': 'SUCCESS', 'reason': 'CAPTURE_RADIUS_REACHED', 'detail': 'determined by simulation truth in evaluator only', 'elapsed_time': 15.91244387626648, 'capture_radius': 0.5, 'minimum_distance': 0.47026346697300536, 'horizontal_distance': 0.293550628858894, 'vertical_error': 0.3673904689373675, 'relative_speed': 1.5839307133345162, 'closing_speed': 1.1103561119260925, 'max_horizontal_speed': 6.38831441890788, 'max_vertical_speed': 2.6032904519405182, 'max_horizontal_acceleration': 2.937643770980052, 'max_vertical_acceleration': 4.1288845620201675}
PHASE REACQUIRE Y elapsed 17.412
PHASE TARGET_LOCK Y elapsed 17.561
PHASE FAR_GUIDANCE Y elapsed 17.649
PLAN 74 1428 HORIZON_INSUFFICIENT   age 0.0353 0.0442 0.0444 t_go 0.0
PLAN 75 1433 HORIZON_INSUFFICIENT   age 0.0419 0.0501 0.052 t_go 0.0
