......FF                                                                 [100%]
=================================== FAILURES ===================================
_____ test_native_world_pause_freezes_target_state_and_visual_pose_updates _____

    def test_native_world_pause_freezes_target_state_and_visual_pose_updates():
        target, clock, states, visual_updates = paused_world_target()
        for delta in (0, 400_000_000, 800_000_000):
            clock[0] = 12_000_000_000 + delta
            MovingTarget.timer_callback(target)
>       assert (target.x, target.y, target.z) == pytest.approx((8., 0., .1))
E       assert (11.399999999999988, 0.0, 0.2126920607710439) == approx((8.0 ± 8.0e-06, 0.0 ± 1.0e-12, 0.1 ± 1.0e-07))
E        +  where approx((8.0 ± 8.0e-06, 0.0 ± 1.0e-12, 0.1 ± 1.0e-07)) = <function approx at 0x7fe0393af490>((8.0, 0.0, 0.1))
E        +    where <function approx at 0x7fe0393af490> = pytest.approx

test/test_moving_target_timebase.py:74: AssertionError
__________ test_world_resume_does_not_integrate_the_paused_wall_time ___________

    def test_world_resume_does_not_integrate_the_paused_wall_time():
        target, clock, _, visual_updates = paused_world_target()
        MovingTarget.timer_callback(target)
        clock[0] += 800_000_000
        MovingTarget.timer_callback(target)
        target.gazebo_visualizer.world_paused = False
        clock[0] += 50_000_000
        MovingTarget.timer_callback(target)
>       assert target.elapsed_time == pytest.approx(.05)
E       assert 0.9000000000000001 == 0.05 ± 5.0e-08
E        +  where 0.9000000000000001 = namespace(started=True, hit=False, gazebo_world_paused=False, gazebo_visualizer=namespace(world_paused=False), x=11.59...ct at 0x7fe0343a9740>), update_gazebo_visualization=<function paused_world_target.<locals>.<lambda> at 0x7fe0343777f0>).elapsed_time
E        +  and   0.05 ± 5.0e-08 = <function approx at 0x7fe0393af490>(0.05)
E        +    where <function approx at 0x7fe0393af490> = pytest.approx

test/test_moving_target_timebase.py:88: AssertionError
=========================== short test summary info ============================
FAILED test/test_moving_target_timebase.py::test_native_world_pause_freezes_target_state_and_visual_pose_updates
FAILED test/test_moving_target_timebase.py::test_world_resume_does_not_integrate_the_paused_wall_time
2 failed, 6 passed in 0.16s
