..........................F..........................                    [100%]
=================================== FAILURES ===================================
_ test_camera_calibration_projects_the_physical_optical_axis_to_image_center[follow_low_dynamic_diagnostics.yaml] _

name = 'follow_low_dynamic_diagnostics.yaml'

    @pytest.mark.parametrize('name', [
        'baseline.yaml', 'visual_geometry_diagnostics.yaml', 'follow_low_dynamic_diagnostics.yaml',
    ])
    def test_camera_calibration_projects_the_physical_optical_axis_to_image_center(name):
        """Changing the SDF mount without its calibration must cause a regression."""
        import math
        import xml.etree.ElementTree as ET
        from uav_control.perception.rgbd_target_localizer import local_ned_target_to_camera_flu
    
        model = CONFIG_FILE.parent.parent / 'models/x500_mono_cam/model.sdf'
        mount = ET.parse(model).find(".//link[@name='front_camera_link']/pose")
        physical_pitch = float(mount.text.split()[4])
        config = yaml.safe_load((CONFIG_FILE.parent / name).read_text())
        localizer = parameters(config, 'rgbd_target_localizer')
        translation = tuple(localizer['camera_translation_' + a] for a in 'xyz')
        # A point 3 m along the physical camera's forward axis, in level-body NED.
        target = (translation[0] + 3. * math.cos(physical_pitch),
                  -translation[1], -translation[2] + 3. * math.sin(physical_pitch))
        ray = local_ned_target_to_camera_flu(
            target, (0., 0., 0.), (1., 0., 0., 0.),
            translation, localizer['camera_pitch_down'])
        assert ray == pytest.approx((3., 0., 0.), abs=1e-10)
        assert parameters(config, 'front_tof_monitor')['camera_pitch_down'] == physical_pitch
        if 'target_bearing_node' in config:
>           assert parameters(config, 'target_bearing_node')['camera_pitch_down'] == physical_pitch
E           KeyError: 'camera_pitch_down'

test/test_modular_configuration.py:165: KeyError
=========================== short test summary info ============================
FAILED test/test_modular_configuration.py::test_camera_calibration_projects_the_physical_optical_axis_to_image_center[follow_low_dynamic_diagnostics.yaml]
1 failed, 52 passed in 0.74s
