PHASE GROUND_HOLD Y elapsed None
X SENT 2
PHASE TAKEOFF Y elapsed None
X SENT 1
X SENT 0
PHASE FOLLOW Y elapsed None
Y SENT after stable FOLLOW
PHASE FAR_GUIDANCE Y elapsed 0.003
PLAN 1 653 HORIZON_INSUFFICIENT   age 0.0455 0.0627 0.0631 t_go 0.0
PLAN 2 658 HORIZON_INSUFFICIENT   age 0.0394 0.0505 0.0507 t_go 0.0
PLAN 3 662 HORIZON_INSUFFICIENT   age 0.0422 0.0579 0.0582 t_go 0.0
PLAN 4 666 HORIZON_INSUFFICIENT   age 0.0447 0.0549 0.0551 t_go 0.0
PLAN 5 671 HORIZON_INSUFFICIENT   age 0.0488 0.0612 0.0619 t_go 0.0
PLAN 6 675 HORIZON_INSUFFICIENT   age 0.0537 0.0667 0.0669 t_go 0.0
PLAN 7 680 HORIZON_INSUFFICIENT   age 0.0387 0.0501 0.0594 t_go 0.0
PLAN 8 684 HORIZON_INSUFFICIENT   age 0.0469 0.0589 0.0592 t_go 0.0
PLAN 9 689 HORIZON_INSUFFICIENT   age 0.0362 0.0485 0.0511 t_go 0.0
PLAN 10 693 HORIZON_INSUFFICIENT   age 0.0431 0.0566 0.0614 t_go 0.0
PLAN 11 698 HORIZON_INSUFFICIENT   age 0.0463 0.0604 0.061 t_go 0.0
PLAN 12 702 HORIZON_INSUFFICIENT   age 0.0482 0.0601 0.0603 t_go 0.0
PLAN 13 706 HORIZON_INSUFFICIENT   age 0.05 0.0643 0.0646 t_go 0.0
PLAN 14 711 HORIZON_INSUFFICIENT   age 0.0449 0.0583 0.0612 t_go 0.0
PLAN 15 716 HORIZON_INSUFFICIENT   age 0.0425 0.0555 0.0593 t_go 0.0
PLAN 16 720 HORIZON_INSUFFICIENT   age 0.0441 0.0561 0.0593 t_go 0.0
PLAN 17 724 HORIZON_INSUFFICIENT   age 0.0495 0.0609 0.0611 t_go 0.0
PLAN 18 728 HORIZON_INSUFFICIENT   age 0.0518 0.0669 0.0692 t_go 0.0
PLAN 19 733 HORIZON_INSUFFICIENT   age 0.0446 0.0569 0.0613 t_go 0.0
PLAN 20 738 DYNAMIC_LIMIT_VERTICAL   age 0.0422 0.0638 0.0693 t_go 0.0
PLAN 21 743 DYNAMIC_LIMIT_VERTICAL   age 0.0374 0.0507 0.0512 t_go 0.0
PLAN 22 747 DYNAMIC_LIMIT_VERTICAL   age 0.0393 0.0497 0.0512 t_go 0.0
PLAN 23 751 DYNAMIC_LIMIT_VERTICAL   age 0.0404 0.0509 0.0512 t_go 0.0
PLAN 24 755 DYNAMIC_LIMIT_VERTICAL   age 0.042 0.0552 0.0613 t_go 0.0
PLAN 25 759 DYNAMIC_LIMIT_VERTICAL   age 0.0502 0.0664 0.0713 t_go 0.0
PLAN 26 764 DYNAMIC_LIMIT_VERTICAL   age 0.0457 0.0627 0.0693 t_go 0.0
PLAN 27 768 DYNAMIC_LIMIT_VERTICAL   age 0.0465 0.0658 0.0661 t_go 0.0
PLAN 28 773 DYNAMIC_LIMIT_VERTICAL   age 0.0453 0.0681 0.0684 t_go 0.0
PLAN 29 778 DYNAMIC_LIMIT_VERTICAL   age 0.0388 0.0569 0.0592 t_go 0.0
PLAN 30 782 DYNAMIC_LIMIT_VERTICAL   age 0.05 0.0733 0.0793 t_go 0.0
PLAN 31 786 DYNAMIC_LIMIT_VERTICAL   age 0.0582 0.0724 0.0792 t_go 0.0
PLAN 32 791 DYNAMIC_LIMIT_VERTICAL   age 0.034 0.0472 0.0512 t_go 0.0
PLAN 33 795 DYNAMIC_LIMIT_VERTICAL   age 0.0409 0.0558 0.0612 t_go 0.0
PLAN 34 799 DYNAMIC_LIMIT_VERTICAL   age 0.0451 0.0583 0.0612 t_go 0.0
PLAN 35 804 DYNAMIC_LIMIT_VERTICAL   age 0.0508 0.0652 0.0693 t_go 0.0
PLAN 36 809 DYNAMIC_LIMIT_VERTICAL   age 0.0437 0.0572 0.0613 t_go 0.0
PLAN 37 814 DYNAMIC_LIMIT_VERTICAL   age 0.0437 0.0599 0.0602 t_go 0.0
PLAN 38 818 DYNAMIC_LIMIT_VERTICAL   age 0.0458 0.0609 0.0693 t_go 0.0
PLAN 39 823 DYNAMIC_LIMIT_VERTICAL   age 0.0467 0.06 0.0613 t_go 0.0
PLAN 40 828 DYNAMIC_LIMIT_VERTICAL   age 0.044 0.0585 0.0593 t_go 0.0
PLAN 41 832 DYNAMIC_LIMIT_VERTICAL   age 0.0604 0.0757 0.0792 t_go 0.0
PLAN 42 837 DYNAMIC_LIMIT_VERTICAL   age 0.0463 0.0623 0.0631 t_go 0.0
PLAN 43 842 DYNAMIC_LIMIT_VERTICAL   age 0.0382 0.0517 0.0593 t_go 0.0
PLAN 44 846 DYNAMIC_LIMIT_VERTICAL   age 0.0501 0.0688 0.0694 t_go 0.0
PLAN 45 851 DYNAMIC_LIMIT_VERTICAL   age 0.0432 0.0617 0.0621 t_go 0.0
PLAN 46 855 DYNAMIC_LIMIT_VERTICAL   age 0.0529 0.0706 0.0712 t_go 0.0
PLAN 47 860 DYNAMIC_LIMIT_VERTICAL   age 0.0437 0.0632 0.0692 t_go 0.0
PLAN 48 865 DYNAMIC_LIMIT_VERTICAL   age 0.038 0.056 0.0614 t_go 0.0
PLAN 49 870 DYNAMIC_LIMIT_VERTICAL   age 0.0409 0.0631 0.0693 t_go 0.0
PLAN 50 874 DYNAMIC_LIMIT_VERTICAL   age 0.0426 0.0673 0.0693 t_go 0.0
PLAN 51 878 DYNAMIC_LIMIT_VERTICAL   age 0.0459 0.0712 0.0714 t_go 0.0
PLAN 52 882 DYNAMIC_LIMIT_VERTICAL   age 0.0533 0.0723 0.0726 t_go 0.0
PLAN 53 887 HORIZON_INSUFFICIENT   age 0.0427 0.06 0.0612 t_go 0.0
PLAN 54 891 HORIZON_INSUFFICIENT   age 0.0452 0.0587 0.0613 t_go 0.0
PLAN 55 896 HORIZON_INSUFFICIENT   age 0.0471 0.0619 0.0623 t_go 0.0
PLAN 56 900 HORIZON_INSUFFICIENT   age 0.0495 0.0638 0.0641 t_go 0.0
PLAN 57 905 HORIZON_INSUFFICIENT   age 0.044 0.0745 0.0748 t_go 0.0
PLAN 58 910 DYNAMIC_LIMIT_VERTICAL   age 0.0528 0.0713 0.0792 t_go 0.0
PLAN 59 915 DYNAMIC_LIMIT_VERTICAL   age 0.0351 0.0502 0.0513 t_go 0.0
PLAN 60 920 DYNAMIC_LIMIT_VERTICAL   age 0.034 0.0546 0.0593 t_go 0.0
PLAN 61 924 DYNAMIC_LIMIT_VERTICAL   age 0.0384 0.0621 0.0623 t_go 0.0
PLAN 62 928 NONE   age 0.0468 0.0636 0.0641 t_go 1.5
PLAN 63 933 NONE   age 0.0399 0.057 0.0572 t_go 1.5
PLAN 64 937 NONE   age 0.0409 0.0545 0.055 t_go 1.5
PLAN 65 942 NONE   age 0.0428 0.0622 0.0693 t_go 1.5
PLAN 66 947 NONE   age 0.0333 0.0508 0.0511 t_go 1.5
PLAN 67 951 NONE   age 0.0388 0.0614 0.062 t_go 1.5
PLAN 68 955 NONE   age 0.05 0.0623 0.0713 t_go 1.5
PHASE TERMINAL_MINCO Y elapsed 15.173
PLAN 69 957 NONE   age 0.0506 0.0613 0.0913 t_go 1.38
PLAN 70 960 NONE   age 0.0477 0.0543 0.0892 t_go 1.231
PLAN 71 963 NONE   age 0.0396 0.0468 0.0812 t_go 1.091
PLAN 72 965 NONE   age 0.0433 0.0477 0.0812 t_go 0.988
PLAN 73 968 NONE   age 0.0459 0.0485 0.0793 t_go 0.833
PLAN 74 971 NONE   age 0.0492 0.0586 0.0914 t_go 1.143
PLAN 75 973 NONE   age 0.0509 0.0623 0.0913 t_go 1.167
PLAN 76 976 DYNAMIC_LIMIT_VERTICAL   age 0.0507 0.0643 0.0693 t_go 0.0
PHASE SAFE_RECOVERY Y elapsed 16.38
RESULT {'stamp': {'sec': 1791193269, 'nanosec': 714719772}, 'mission_id': 1, 'success': True, 'outcome': 'SUCCESS', 'reason': 'CAPTURE_RADIUS_REACHED', 'detail': 'determined by simulation truth in evaluator only', 'elapsed_time': 16.489755392074585, 'capture_radius': 0.5, 'minimum_distance': 0.486806650005653, 'horizontal_distance': 0.32717854965301213, 'vertical_error': 0.3604648542322508, 'relative_speed': 1.578790353676926, 'closing_speed': 1.1476794188919148, 'max_horizontal_speed': 6.411789851388684, 'max_vertical_speed': 2.5916181524294934, 'max_horizontal_acceleration': 2.99726235852178, 'max_vertical_acceleration': 4.181323855191146}
