{"t": 1.7412025970006653, "phase": "GROUND_HOLD", "status": "GROUND_HOLD", "locked": true, "age": 0.1102457046508789, "bearing": -0.001852067976589872, "distance": 8.051960692805263, "continuous_follow": 0}
{"t": 3.787781140000334, "phase": "GROUND_HOLD", "status": "GROUND_HOLD", "locked": true, "age": 0.04450106620788574, "bearing": -0.001852067976589872, "distance": 8.059483845041948, "continuous_follow": 0}
{"t": 5.837654180000754, "phase": "GROUND_HOLD", "status": "GROUND_HOLD", "locked": true, "age": 0.04255318641662598, "bearing": -0.001852067976589872, "distance": 8.058007009948566, "continuous_follow": 0}
{"t": 7.838541514000099, "phase": "GROUND_HOLD", "status": "GROUND_HOLD", "locked": true, "age": 0.04274320602416992, "bearing": -0.001852067976589872, "distance": 8.059316978725386, "continuous_follow": 0}
{"t": 9.887650518000555, "phase": "GROUND_HOLD", "status": "GROUND_HOLD", "locked": true, "age": 0.044531822204589844, "bearing": -0.001852067976589872, "distance": 8.058385048147796, "continuous_follow": 0}
{"t": 11.93749598300019, "phase": "GROUND_HOLD", "status": "GROUND_HOLD", "locked": true, "age": 0.04253125190734863, "bearing": -0.001852067976589872, "distance": 8.05822594206697, "continuous_follow": 0}
{"t": 13.987472787000115, "phase": "GROUND_HOLD", "status": "GROUND_HOLD", "locked": true, "age": 0.04453134536743164, "bearing": -0.001852067976589872, "distance": 8.055290494247773, "continuous_follow": 0}
{"t": 15.98767123900052, "phase": "TAKEOFF", "status": "TAKEOFF", "locked": true, "age": 0.04453539848327637, "bearing": 0.07997319161944909, "distance": 8.072978741371283, "continuous_follow": 0}
{"t": 17.987742320000507, "phase": "TAKEOFF", "status": "TAKEOFF", "locked": true, "age": 0.04453897476196289, "bearing": 0.5597721038053307, "distance": 9.585562380336482, "continuous_follow": 0}
{"t": 19.987747279999894, "phase": "TAKEOFF", "status": "TAKEOFF", "locked": false, "age": Infinity, "bearing": 0.86733126923846, "distance": Infinity, "continuous_follow": 0}
{"t": 22.037557652000032, "phase": "TAKEOFF", "status": "TAKEOFF", "locked": true, "age": 0.04253244400024414, "bearing": 0.10774204613764411, "distance": 24.25857625289697, "continuous_follow": 0}
{"t": 24.08767468499991, "phase": "REACQUIRE", "status": "BEARING_APPROACH", "locked": false, "age": Infinity, "bearing": -0.08940124632292415, "distance": Infinity, "continuous_follow": 0}
{"t": 26.137623796000298, "phase": "REACQUIRE", "status": "BEARING_APPROACH", "locked": false, "age": Infinity, "bearing": -0.10475571702848475, "distance": Infinity, "continuous_follow": 0}
{"t": 28.187609522999992, "phase": "FOLLOW", "status": "FOLLOW", "locked": true, "age": 0.03957486152648926, "bearing": -0.1627641600787695, "distance": 22.930311904569926, "continuous_follow": 0.7500714519992471}
{"t": 30.187939753000137, "phase": "FOLLOW", "status": "FOLLOW", "locked": true, "age": 0.03959250450134277, "bearing": -0.1831319178015668, "distance": 16.078046680389832, "continuous_follow": 2.750401681999392}
{"t": 32.18810846500037, "phase": "FOLLOW", "status": "FOLLOW", "locked": true, "age": 0.03959989547729492, "bearing": -0.1728117540946145, "distance": 11.269376768942559, "continuous_follow": 4.750570393999624}
{"t": 34.23786046400073, "phase": "FOLLOW", "status": "FOLLOW", "locked": true, "age": 0.04165315628051758, "bearing": -0.06203259055521726, "distance": 7.199448439547929, "continuous_follow": 6.800322392999988}
{"t": 36.28814130899991, "phase": "FOLLOW", "status": "FOLLOW", "locked": true, "age": 0.03966403007507324, "bearing": 0.04027121569964243, "distance": 7.035887404885595, "continuous_follow": 8.850603237999167}
{"t": 38.33755653700064, "phase": "FOLLOW", "status": "FOLLOW", "locked": true, "age": 0.041573524475097656, "bearing": 0.05430079798268861, "distance": 7.038723620630055, "continuous_follow": 10.900018465999892}
{"t": 40.337565752000046, "phase": "FOLLOW", "status": "FOLLOW", "locked": true, "age": 0.04158306121826172, "bearing": 0.15908171006545274, "distance": 7.080306274362109, "continuous_follow": 12.900027680999301}
{"t": 42.337570493000385, "phase": "FOLLOW", "status": "FOLLOW", "locked": true, "age": 0.08960747718811035, "bearing": 0.402569954973717, "distance": 6.9734978431663786, "continuous_follow": 14.90003242199964}
{"t": 44.337643324000055, "phase": "FOLLOW", "status": "FOLLOW", "locked": true, "age": 0.04158902168273926, "bearing": 0.2881708002821757, "distance": 7.109523225467625, "continuous_follow": 16.90010525299931}
{"t": 46.337889155000084, "phase": "FOLLOW", "status": "FOLLOW", "locked": true, "age": 0.04166555404663086, "bearing": 0.1166879064896706, "distance": 6.794472480155584, "continuous_follow": 18.90035108399934}
{"t": 48.387847161000536, "phase": "FOLLOW", "status": "FOLLOW", "locked": true, "age": 0.039583444595336914, "bearing": 0.09623531641524465, "distance": 6.986506129300972, "continuous_follow": 20.95030908999979}
{"t": 50.4375883470002, "phase": "FOLLOW", "status": "FOLLOW", "locked": true, "age": 0.041604042053222656, "bearing": 0.1230266785605288, "distance": 6.926217599611763, "continuous_follow": 23.000050275999456}
{"t": 52.43788716800009, "phase": "FOLLOW", "status": "FOLLOW", "locked": true, "age": 0.04162120819091797, "bearing": 0.27576007191905394, "distance": 6.97611530298886, "continuous_follow": 25.000349096999344}
{"t": 54.43800441900021, "phase": "FOLLOW", "status": "FOLLOW", "locked": true, "age": 0.06654620170593262, "bearing": 0.44561246232749374, "distance": 7.0708616947177605, "continuous_follow": 27.000466347999463}
{"t": 56.48784300800071, "phase": "REACQUIRE", "status": "BEARING_APPROACH", "locked": false, "age": 0.05032491683959961, "bearing": 0.20292531961507468, "distance": 7.253839844661921, "continuous_follow": 0}
{"t": 58.53825234600026, "phase": "REACQUIRE", "status": "VISUAL_BRAKING", "locked": false, "age": Infinity, "bearing": 0.06240346425180382, "distance": Infinity, "continuous_follow": 0}
{"t": 60.587798887000645, "phase": "REACQUIRE", "status": "BEARING_APPROACH", "locked": false, "age": 0.04535198211669922, "bearing": -0.24302188266036306, "distance": 8.767628236606232, "continuous_follow": 0}
{"t": 62.58797169100035, "phase": "FOLLOW", "status": "FOLLOW", "locked": true, "age": 0.045506954193115234, "bearing": 0.0030654857259978393, "distance": 11.4310057629964, "continuous_follow": 1.4502440260002913}
{"t": 64.58841579300042, "phase": "FOLLOW", "status": "FOLLOW", "locked": true, "age": 0.045857906341552734, "bearing": 0.02569181826897322, "distance": 7.659629896272317, "continuous_follow": 3.4506881280003654}
{"t": 66.63771590600027, "phase": "FOLLOW", "status": "FOLLOW", "locked": true, "age": 0.04739642143249512, "bearing": -0.038063840996611004, "distance": 6.871803020597732, "continuous_follow": 5.49998824100021}
{"t": 68.63877239400063, "phase": "FOLLOW", "status": "FOLLOW", "locked": true, "age": 0.04824352264404297, "bearing": -0.05116905934138851, "distance": 7.08349934044946, "continuous_follow": 7.501044729000569}
{"t": 70.6881041330007, "phase": "FOLLOW", "status": "FOLLOW", "locked": true, "age": 0.0457763671875, "bearing": -0.1502217821094586, "distance": 7.011000830332168, "continuous_follow": 9.55037646800065}
{"t": 72.68812738700035, "phase": "FOLLOW", "status": "FOLLOW", "locked": true, "age": 0.09772634506225586, "bearing": -0.3896388022456962, "distance": 6.960228353575443, "continuous_follow": 11.550399722000293}
{"t": 74.68940174, "phase": "REACQUIRE", "status": "BEARING_APPROACH", "locked": false, "age": 0.08412504196166992, "bearing": -0.46620719236183245, "distance": 6.5723748409546525, "continuous_follow": 0}
{"t": 76.73783142699995, "phase": "REACQUIRE", "status": "VISUAL_BRAKING", "locked": false, "age": Infinity, "bearing": -0.17416404757145015, "distance": Infinity, "continuous_follow": 0}
{"t": 78.73799772500024, "phase": "SAFE_WAIT", "status": "VISUAL_BRAKING", "locked": false, "age": Infinity, "bearing": -0.17416404757145015, "distance": Infinity, "continuous_follow": 0}
{"t": 80.73803583300014, "phase": "FOLLOW", "status": "FOLLOW", "locked": true, "age": 0.03360152244567871, "bearing": -0.1359205523395449, "distance": 11.126839344685099, "continuous_follow": 1.050028569999995}
{"t": 82.73820164500012, "phase": "FOLLOW", "status": "FOLLOW", "locked": true, "age": 0.08563756942749023, "bearing": -0.3203950635714486, "distance": 8.111091870983119, "continuous_follow": 3.0501943819999724}
{"t": 84.78831512200031, "phase": "FOLLOW", "status": "FOLLOW", "locked": true, "age": 0.0360262393951416, "bearing": -0.4357588609518228, "distance": 7.3319335883103625, "continuous_follow": 5.100307859000168}
{"t": 86.83781042800001, "phase": "FOLLOW", "status": "FOLLOW", "locked": true, "age": 0.03351640701293945, "bearing": -0.1662377518782175, "distance": 6.971203907308169, "continuous_follow": 7.149803164999867}
{"t": 88.83997443600038, "phase": "FOLLOW", "status": "FOLLOW", "locked": true, "age": 0.08631277084350586, "bearing": -0.046842499238451886, "distance": 6.821949019044161, "continuous_follow": 9.15196717300023}
{"t": 90.88838974900045, "phase": "FOLLOW", "status": "FOLLOW", "locked": true, "age": 0.08364558219909668, "bearing": -0.033160993691445234, "distance": 6.867636479517852, "continuous_follow": 11.200382486000308}
{"t": 92.8884412440002, "phase": "FOLLOW", "status": "FOLLOW", "locked": true, "age": 0.06344485282897949, "bearing": -0.02094421134118391, "distance": 6.990574703980776, "continuous_follow": 1.4996000099999947}
{"t": 94.88911598100003, "phase": "FOLLOW", "status": "FOLLOW", "locked": true, "age": 0.06354713439941406, "bearing": -0.014898884834581658, "distance": 6.944362235967453, "continuous_follow": 3.500274746999821}
{"t": 96.93795203900027, "phase": "FOLLOW", "status": "FOLLOW", "locked": true, "age": 0.05185747146606445, "bearing": 0.017811582710031575, "distance": 7.0741157413301865, "continuous_follow": 5.549110805000055}
{"t": 98.93841824100036, "phase": "FOLLOW", "status": "FOLLOW", "locked": true, "age": 0.0519101619720459, "bearing": 0.058745005555372966, "distance": 7.037988381027726, "continuous_follow": 7.549577007000153}
{"t": 100.93855297800019, "phase": "FOLLOW", "status": "FOLLOW", "locked": true, "age": 0.051836252212524414, "bearing": 0.13357821131071004, "distance": 7.026981869208378, "continuous_follow": 9.549711743999978}
{"t": 102.9388936510004, "phase": "FOLLOW", "status": "FOLLOW", "locked": true, "age": 0.05193448066711426, "bearing": 0.36559331852451366, "distance": 7.065240420299131, "continuous_follow": 11.550052417000188}
{"t": 104.98780506300045, "phase": "FOLLOW", "status": "FOLLOW", "locked": true, "age": 0.04986143112182617, "bearing": 0.34010073511167027, "distance": 7.073021876083976, "continuous_follow": 13.59896382900024}
{"t": 106.98867896699994, "phase": "FOLLOW", "status": "FOLLOW", "locked": true, "age": 0.04987740516662598, "bearing": 0.12889777365818683, "distance": 6.868239025244544, "continuous_follow": 15.599837732999731}
{"t": 109.03815772400048, "phase": "FOLLOW", "status": "FOLLOW", "locked": true, "age": 0.05191469192504883, "bearing": 0.09705851761238687, "distance": 6.8715003285904785, "continuous_follow": 17.649316490000274}
{"t": 111.08826273000068, "phase": "FOLLOW", "status": "FOLLOW", "locked": true, "age": 0.094940185546875, "bearing": 0.11708636961350753, "distance": 6.8787981167908505, "continuous_follow": 19.69942149600047}
{"t": 113.08875945, "phase": "FOLLOW", "status": "FOLLOW", "locked": true, "age": 0.043314218521118164, "bearing": 0.23834907280848017, "distance": 6.971896079914499, "continuous_follow": 21.699918215999787}
{"t": 115.13767179700062, "phase": "FOLLOW", "status": "FOLLOW", "locked": true, "age": 0.04481911659240723, "bearing": 0.4356274881257395, "distance": 7.036261967026157, "continuous_follow": 23.74883056300041}
{"t": 117.13768111800073, "phase": "FOLLOW", "status": "FOLLOW", "locked": true, "age": 0.04483151435852051, "bearing": 0.2111448253527776, "distance": 6.93771034308215, "continuous_follow": 25.748839884000517}
{"t": 119.18805089800026, "phase": "FOLLOW", "status": "FOLLOW", "locked": true, "age": 0.042899370193481445, "bearing": 0.05022188284800415, "distance": 6.877844828074794, "continuous_follow": 27.799209664000045}
{"t": 121.1895372200006, "phase": "FOLLOW", "status": "FOLLOW", "locked": true, "age": 0.04288458824157715, "bearing": 0.032744819579432864, "distance": 6.9361564606289745, "continuous_follow": 29.80069598600039}
{"t": 123.23773457800053, "phase": "FOLLOW", "status": "FOLLOW", "locked": true, "age": 0.04478573799133301, "bearing": 0.020155752037080588, "distance": 6.971599330291858, "continuous_follow": 31.848893344000317}
{"t": 125.23789774400029, "phase": "FOLLOW", "status": "FOLLOW", "locked": true, "age": 0.04483819007873535, "bearing": 0.019828300016787242, "distance": 6.975848123150942, "continuous_follow": 33.84905651000008}
