{"t": 0.4070128550001755, "phase": "", "status": "GROUND_HOLD", "locked": true, "age": 0.07352805137634277, "bearing": -0.001852067976589872, "distance": 8.058693864103295, "continuous_follow": 0}
{"t": 2.4536453250002523, "phase": "GROUND_HOLD", "status": "GROUND_HOLD", "locked": true, "age": 0.07366394996643066, "bearing": -0.001852067976589872, "distance": 8.052889077769636, "continuous_follow": 0}
{"t": 4.455273046000002, "phase": "GROUND_HOLD", "status": "GROUND_HOLD", "locked": true, "age": 0.07385110855102539, "bearing": -0.001852067976589872, "distance": 8.055559610652251, "continuous_follow": 0}
{"t": 6.503927947000193, "phase": "GROUND_HOLD", "status": "GROUND_HOLD", "locked": true, "age": 0.07231402397155762, "bearing": -0.001852067976589872, "distance": 8.05595596011132, "continuous_follow": 0}
{"t": 8.553202747999421, "phase": "GROUND_HOLD", "status": "GROUND_HOLD", "locked": true, "age": 0.0743563175201416, "bearing": -0.001852067976589872, "distance": 8.06144232412903, "continuous_follow": 0}
{"t": 10.554613643000266, "phase": "GROUND_HOLD", "status": "GROUND_HOLD", "locked": true, "age": 0.07423615455627441, "bearing": -0.001852067976589872, "distance": 8.064900684357408, "continuous_follow": 0}
{"t": 12.605331433000174, "phase": "GROUND_HOLD", "status": "GROUND_HOLD", "locked": true, "age": 0.07217741012573242, "bearing": -0.001852067976589872, "distance": 8.055530945942293, "continuous_follow": 0}
{"t": 14.655490436000036, "phase": "GROUND_HOLD", "status": "GROUND_HOLD", "locked": true, "age": 0.06630110740661621, "bearing": -0.001852067976589872, "distance": 8.054658836401149, "continuous_follow": 0}
{"t": 16.704374592000022, "phase": "TAKEOFF", "status": "TAKEOFF", "locked": true, "age": 0.06494498252868652, "bearing": 0.08602771069418085, "distance": 8.083094569008447, "continuous_follow": 0}
{"t": 18.75820282999939, "phase": "TAKEOFF", "status": "TAKEOFF", "locked": true, "age": 0.06834816932678223, "bearing": 0.5873698353990952, "distance": 9.767469933959656, "continuous_follow": 0}
{"t": 20.80438527699971, "phase": "TAKEOFF", "status": "TAKEOFF", "locked": false, "age": 0.0657649040222168, "bearing": 0.8626538341100694, "distance": 16.581120093957473, "continuous_follow": 0}
{"t": 22.85607529400022, "phase": "TAKEOFF", "status": "TAKEOFF", "locked": true, "age": 0.06679725646972656, "bearing": 0.01697567836126636, "distance": 25.053899256726766, "continuous_follow": 0}
{"t": 24.904184397999416, "phase": "REACQUIRE", "status": "BEARING_APPROACH", "locked": false, "age": Infinity, "bearing": -0.10151371108016653, "distance": Infinity, "continuous_follow": 0}
{"t": 26.954761168000005, "phase": "REACQUIRE", "status": "BEARING_APPROACH", "locked": false, "age": Infinity, "bearing": -0.12601037418883682, "distance": Infinity, "continuous_follow": 0}
{"t": 29.004444845999387, "phase": "FOLLOW", "status": "FOLLOW", "locked": true, "age": 0.07885241508483887, "bearing": -0.14561844108548327, "distance": 20.142940957556494, "continuous_follow": 1.4508960779994595}
{"t": 31.05434854899977, "phase": "FOLLOW", "status": "FOLLOW", "locked": true, "age": 0.07358479499816895, "bearing": -0.20985232062425865, "distance": 13.78142783727868, "continuous_follow": 3.5007997809998415}
{"t": 33.054633091999676, "phase": "FOLLOW", "status": "FOLLOW", "locked": true, "age": 0.06857132911682129, "bearing": -0.1644053058159136, "distance": 9.452583175825055, "continuous_follow": 5.5010843239997484}
{"t": 35.05608322199987, "phase": "FOLLOW", "status": "FOLLOW", "locked": true, "age": 0.07024693489074707, "bearing": -0.003758684290912205, "distance": 6.799796830751295, "continuous_follow": 7.502534453999942}
{"t": 37.10306111799946, "phase": "FOLLOW", "status": "FOLLOW", "locked": true, "age": 0.07041072845458984, "bearing": 0.03939342536745501, "distance": 7.120523205713752, "continuous_follow": 9.549512349999532}
{"t": 39.15416817000005, "phase": "FOLLOW", "status": "FOLLOW", "locked": true, "age": 0.06876397132873535, "bearing": 0.06128376508335643, "distance": 7.123007361507079, "continuous_follow": 11.60061940200012}
{"t": 41.15461346899974, "phase": "FOLLOW", "status": "FOLLOW", "locked": true, "age": 0.06807613372802734, "bearing": 0.17439898693021158, "distance": 7.1586723977243665, "continuous_follow": 13.601064700999814}
{"t": 43.15484903699962, "phase": "FOLLOW", "status": "FOLLOW", "locked": true, "age": 0.06857109069824219, "bearing": 0.4169999937868018, "distance": 7.13915563031315, "continuous_follow": 15.601300268999694}
{"t": 45.20353881600022, "phase": "FOLLOW", "status": "FOLLOW", "locked": true, "age": 0.06534147262573242, "bearing": 0.2674012361278683, "distance": 7.1723848185465835, "continuous_follow": 17.64999004800029}
{"t": 47.20423188899986, "phase": "FOLLOW", "status": "FOLLOW", "locked": true, "age": 0.06593585014343262, "bearing": 0.11434660163278323, "distance": 6.8550226105261425, "continuous_follow": 19.65068312099993}
{"t": 49.25258262499938, "phase": "FOLLOW", "status": "FOLLOW", "locked": true, "age": 0.0670170783996582, "bearing": 0.09974301206044295, "distance": 6.90587434700291, "continuous_follow": 21.69903385699945}
{"t": 51.2559265230002, "phase": "FOLLOW", "status": "FOLLOW", "locked": true, "age": 0.06746149063110352, "bearing": 0.14011524499643283, "distance": 6.8072388159652615, "continuous_follow": 23.70237775500027}
{"t": 53.30482670499987, "phase": "FOLLOW", "status": "FOLLOW", "locked": true, "age": 0.06695556640625, "bearing": 0.29798646254269756, "distance": 6.938889448669821, "continuous_follow": 25.75127793699994}
{"t": 55.35346586899959, "phase": "REACQUIRE", "status": "BEARING_APPROACH", "locked": false, "age": 0.05334138870239258, "bearing": 0.5072131027802255, "distance": 6.861131211666258, "continuous_follow": 0}
{"t": 57.354601172, "phase": "REACQUIRE", "status": "VISUAL_BRAKING", "locked": false, "age": Infinity, "bearing": 0.3201181602700563, "distance": Infinity, "continuous_follow": 0}
{"t": 59.40371295499972, "phase": "SAFE_WAIT", "status": "VISUAL_BRAKING", "locked": false, "age": Infinity, "bearing": 0.3201181602700563, "distance": Infinity, "continuous_follow": 0}
{"t": 61.45650878499964, "phase": "FOLLOW", "status": "FOLLOW", "locked": true, "age": 0.05345416069030762, "bearing": 0.07210550947859942, "distance": 11.909557673701727, "continuous_follow": 0.3528321349995167}
{"t": 63.50446045599983, "phase": "FOLLOW", "status": "FOLLOW", "locked": true, "age": 0.1049501895904541, "bearing": 0.1038243998124227, "distance": 9.756917632335435, "continuous_follow": 2.4007838059997084}
{"t": 65.55323821099955, "phase": "FOLLOW", "status": "FOLLOW", "locked": true, "age": 0.05321621894836426, "bearing": 0.004034041723242052, "distance": 6.826036739412642, "continuous_follow": 4.4495615609994275}
{"t": 67.55389378699965, "phase": "FOLLOW", "status": "FOLLOW", "locked": true, "age": 0.05339241027832031, "bearing": -0.03248103028755527, "distance": 6.964551149426123, "continuous_follow": 6.450217136999527}
{"t": 69.60316380099994, "phase": "FOLLOW", "status": "FOLLOW", "locked": true, "age": 0.05534839630126953, "bearing": -0.0624000404333153, "distance": 7.041680195627551, "continuous_follow": 8.499487150999812}
{"t": 71.65257832099996, "phase": "FOLLOW", "status": "FOLLOW", "locked": true, "age": 0.05314326286315918, "bearing": -0.18254060144076908, "distance": 7.026949897781046, "continuous_follow": 10.54890167099984}
{"t": 73.65281536099974, "phase": "FOLLOW", "status": "FOLLOW", "locked": true, "age": 0.053346872329711914, "bearing": -0.4205886462341173, "distance": 7.035343442121879, "continuous_follow": 12.549138710999614}
{"t": 75.65371632999995, "phase": "FOLLOW", "status": "FOLLOW", "locked": true, "age": 0.05321311950683594, "bearing": -0.2836418250453066, "distance": 7.039181154992844, "continuous_follow": 14.550039679999827}
{"t": 77.70256714599964, "phase": "FOLLOW", "status": "FOLLOW", "locked": true, "age": 0.05514836311340332, "bearing": -0.11059959705087091, "distance": 6.836956706498392, "continuous_follow": 16.598890495999512}
{"t": 79.75323005599967, "phase": "FOLLOW", "status": "FOLLOW", "locked": true, "age": 0.053388357162475586, "bearing": -0.09774971006872386, "distance": 6.8892859767619905, "continuous_follow": 18.64955340599954}
{"t": 81.80272025500017, "phase": "FOLLOW", "status": "FOLLOW", "locked": true, "age": 0.05516219139099121, "bearing": -0.13902152135882695, "distance": 6.872245509926152, "continuous_follow": 20.699043605000043}
{"t": 83.80306283699974, "phase": "FOLLOW", "status": "FOLLOW", "locked": true, "age": 0.05521512031555176, "bearing": -0.2987598542724611, "distance": 6.9540417314464715, "continuous_follow": 22.699386186999618}
{"t": 85.85285695499988, "phase": "FOLLOW", "status": "FOLLOW", "locked": true, "age": 0.05318951606750488, "bearing": -0.4149038474407461, "distance": 7.116755608996364, "continuous_follow": 24.749180304999754}
{"t": 87.85449263699957, "phase": "FOLLOW", "status": "FOLLOW", "locked": true, "age": 0.05390357971191406, "bearing": -0.14742871707537586, "distance": 6.9535043927386235, "continuous_follow": 26.75081598699944}
{"t": 89.90230710699961, "phase": "FOLLOW", "status": "FOLLOW", "locked": true, "age": 0.055092573165893555, "bearing": -0.04485577598501657, "distance": 6.845485395489861, "continuous_follow": 28.79863045699949}
{"t": 91.90253226099958, "phase": "FOLLOW", "status": "FOLLOW", "locked": true, "age": 0.055313825607299805, "bearing": -0.029451952236973545, "distance": 6.936694726834438, "continuous_follow": 30.798855610999453}
{"t": 93.9536876559996, "phase": "FOLLOW", "status": "FOLLOW", "locked": true, "age": 0.05350828170776367, "bearing": -0.027496716938565566, "distance": 6.9878993538070615, "continuous_follow": 32.85001100599948}
{"t": 96.00260610500027, "phase": "FOLLOW", "status": "FOLLOW", "locked": true, "age": 0.05514836311340332, "bearing": -0.01448103358015722, "distance": 7.005052011584765, "continuous_follow": 34.89892945500014}
{"t": 98.00430849999975, "phase": "FOLLOW", "status": "FOLLOW", "locked": true, "age": 0.04937577247619629, "bearing": 0.02962445224377309, "distance": 6.982781089408834, "continuous_follow": 36.90063184999963}
{"t": 100.05250225399959, "phase": "FOLLOW", "status": "FOLLOW", "locked": true, "age": 0.046886444091796875, "bearing": 0.0617668119124865, "distance": 7.076908424304557, "continuous_follow": 38.94882560399947}
{"t": 102.05421880099948, "phase": "REACQUIRE", "status": "BEARING_APPROACH", "locked": false, "age": 0.08035802841186523, "bearing": 0.16852673748789232, "distance": 7.137813011682002, "continuous_follow": 0}
{"t": 104.10295074299938, "phase": "REACQUIRE", "status": "BEARING_APPROACH", "locked": false, "age": 0.08281922340393066, "bearing": 0.6020315758992387, "distance": 6.540980890642392, "continuous_follow": 0}
{"t": 106.15374953599985, "phase": "REACQUIRE", "status": "VISUAL_BRAKING", "locked": false, "age": Infinity, "bearing": 0.6498000385329958, "distance": Infinity, "continuous_follow": 0}
{"t": 108.20327725900006, "phase": "REACQUIRE", "status": "BEARING_APPROACH", "locked": false, "age": 0.08281660079956055, "bearing": 0.18124636923098805, "distance": 12.147259741171096, "continuous_follow": 0}
{"t": 110.2043026679994, "phase": "FOLLOW", "status": "FOLLOW", "locked": true, "age": 0.08302140235900879, "bearing": 0.08554715793444352, "distance": 10.994090738451513, "continuous_follow": 1.7500616190000073}
{"t": 112.25411195000015, "phase": "FOLLOW", "status": "FOLLOW", "locked": true, "age": 0.07651901245117188, "bearing": 0.26665279614581755, "distance": 7.045173842195727, "continuous_follow": 3.7998709010007587}
{"t": 114.2555526569995, "phase": "FOLLOW", "status": "FOLLOW", "locked": true, "age": 0.07820796966552734, "bearing": 0.22425208070495137, "distance": 6.789321718408742, "continuous_follow": 5.8013116080001055}
{"t": 116.25565851899955, "phase": "FOLLOW", "status": "FOLLOW", "locked": true, "age": 0.0774543285369873, "bearing": 0.4265446949931523, "distance": 7.0272520453218625, "continuous_follow": 7.80141747000016}
{"t": 118.25858718000018, "phase": "REACQUIRE", "status": "BEARING_APPROACH", "locked": false, "age": 0.13860201835632324, "bearing": 0.18854429185452903, "distance": Infinity, "continuous_follow": 0}
{"t": 120.30369697599963, "phase": "FOLLOW", "status": "FOLLOW", "locked": true, "age": 0.0757601261138916, "bearing": 0.005189711318896861, "distance": 7.160068342103653, "continuous_follow": 0.3472482199995284}
{"t": 122.30582594599946, "phase": "FOLLOW", "status": "BEARING_APPROACH", "locked": false, "age": 0.14704179763793945, "bearing": 0.04972634152758617, "distance": Infinity, "continuous_follow": 0}
{"t": 124.35252012399997, "phase": "FOLLOW", "status": "FOLLOW", "locked": true, "age": 0.04492473602294922, "bearing": 0.025179595485776467, "distance": 6.987749113377992, "continuous_follow": 1.9000997330003884}
{"t": 126.35343370400005, "phase": "FOLLOW", "status": "FOLLOW", "locked": true, "age": 0.04528355598449707, "bearing": 0.019464674647591645, "distance": 6.9455333361114615, "continuous_follow": 3.901013313000476}
{"t": 128.35538979299963, "phase": "FOLLOW", "status": "FOLLOW", "locked": true, "age": 0.09695649147033691, "bearing": -0.024913605464492068, "distance": 6.917173539292538, "continuous_follow": 5.902969402000053}
{"t": 130.40246298500006, "phase": "FOLLOW", "status": "FOLLOW", "locked": true, "age": 0.04687380790710449, "bearing": -0.057002904942859374, "distance": 6.978759328876159, "continuous_follow": 7.950042594000479}
{"t": 132.45229297399965, "phase": "FOLLOW", "status": "FOLLOW", "locked": true, "age": 0.0448298454284668, "bearing": -0.15715982465832137, "distance": 7.039095477290758, "continuous_follow": 9.99987258300007}
{"t": 134.4528068009995, "phase": "FOLLOW", "status": "FOLLOW", "locked": true, "age": 0.04513716697692871, "bearing": -0.4081145158096256, "distance": 7.02543759561841, "continuous_follow": 12.00038640999992}
