{"t": 0.08240252599989617, "phase": "", "status": "GROUND_HOLD", "locked": true, "age": 0.03062725067138672, "bearing": -0.001852067976589872, "distance": 8.056850819584156, "continuous_follow": 0}
{"t": 2.082643564999671, "phase": "GROUND_HOLD", "status": "GROUND_HOLD", "locked": true, "age": 0.030614852905273438, "bearing": -0.001852067976589872, "distance": 8.057394062411873, "continuous_follow": 0}
{"t": 4.133751360000133, "phase": "GROUND_HOLD", "status": "GROUND_HOLD", "locked": true, "age": 0.08087825775146484, "bearing": -0.001852067976589872, "distance": 8.057862202541289, "continuous_follow": 0}
{"t": 6.136511476999658, "phase": "GROUND_HOLD", "status": "GROUND_HOLD", "locked": false, "age": 0.1270277500152588, "bearing": -0.001852067976589872, "distance": Infinity, "continuous_follow": 0}
{"t": 8.183131503000368, "phase": "TAKEOFF", "status": "TAKEOFF", "locked": true, "age": 0.048789262771606445, "bearing": 0.07837598407091187, "distance": 8.076110749896703, "continuous_follow": 0}
{"t": 10.232676419999734, "phase": "TAKEOFF", "status": "TAKEOFF", "locked": true, "age": 0.050894975662231445, "bearing": 0.5728444715256751, "distance": 9.675666750611272, "continuous_follow": 0}
{"t": 12.232903072999761, "phase": "TAKEOFF", "status": "TAKEOFF", "locked": false, "age": Infinity, "bearing": 0.867876917711133, "distance": Infinity, "continuous_follow": 0}
{"t": 14.28272735399969, "phase": "TAKEOFF", "status": "TAKEOFF", "locked": true, "age": 0.04874229431152344, "bearing": 0.056560038747023506, "distance": 24.46810550868422, "continuous_follow": 0}
{"t": 16.33237531800023, "phase": "REACQUIRE", "status": "BEARING_APPROACH", "locked": false, "age": Infinity, "bearing": -0.09160557509692725, "distance": Infinity, "continuous_follow": 0}
{"t": 18.33262696699967, "phase": "REACQUIRE", "status": "BEARING_APPROACH", "locked": false, "age": Infinity, "bearing": -0.11263992994057463, "distance": Infinity, "continuous_follow": 0}
{"t": 20.38256644500052, "phase": "FOLLOW", "status": "FOLLOW", "locked": true, "age": 0.04877901077270508, "bearing": -0.15181979505170948, "distance": 21.664014520667983, "continuous_follow": 1.0500003670003935}
{"t": 22.3827279369998, "phase": "FOLLOW", "status": "FOLLOW", "locked": true, "age": 0.04854130744934082, "bearing": -0.20110663860087963, "distance": 15.042826685951969, "continuous_follow": 3.0501618589996724}
{"t": 24.433271531000173, "phase": "FOLLOW", "status": "FOLLOW", "locked": true, "age": 0.05081653594970703, "bearing": -0.17350812267678692, "distance": 10.342634809011237, "continuous_follow": 5.100705453000046}
{"t": 26.483267691000037, "phase": "FOLLOW", "status": "FOLLOW", "locked": true, "age": 0.04876065254211426, "bearing": -0.03314220133349322, "distance": 6.948892862132694, "continuous_follow": 7.15070161299991}
{"t": 28.532662616999914, "phase": "FOLLOW", "status": "FOLLOW", "locked": true, "age": 0.0507655143737793, "bearing": 0.0361080846507936, "distance": 7.084902720383764, "continuous_follow": 9.200096538999787}
{"t": 30.582558920000338, "phase": "FOLLOW", "status": "FOLLOW", "locked": true, "age": 0.04878497123718262, "bearing": 0.049053517368631255, "distance": 7.071904738671281, "continuous_follow": 11.24999284200021}
{"t": 32.58263573499971, "phase": "FOLLOW", "status": "FOLLOW", "locked": true, "age": 0.04877495765686035, "bearing": 0.16290307708656898, "distance": 7.125492833931306, "continuous_follow": 13.250069656999585}
{"t": 34.63293768600033, "phase": "FOLLOW", "status": "FOLLOW", "locked": true, "age": 0.050986528396606445, "bearing": 0.4108479352456006, "distance": 7.118116056921777, "continuous_follow": 15.300371608000205}
{"t": 36.68273928800045, "phase": "FOLLOW", "status": "FOLLOW", "locked": true, "age": 0.04873347282409668, "bearing": 0.27751523705001097, "distance": 7.09998037827946, "continuous_follow": 17.35017321000032}
{"t": 38.73311698100042, "phase": "FOLLOW", "status": "FOLLOW", "locked": true, "age": 0.0507349967956543, "bearing": 0.11399270215915387, "distance": 6.872882688288673, "continuous_follow": 19.400550903000294}
AUTOMATIC Y after 20 s locked FOLLOW
{"t": 40.78294318400003, "phase": "MINCO_TRACKING", "status": "TRACKING", "locked": true, "age": 0.04879951477050781, "bearing": 0.176610729167817, "distance": 5.9918567285529605, "continuous_follow": 0}
{"t": 42.79846052100038, "phase": "TERMINAL_MINCO", "status": "PLAN_REJECTED", "locked": true, "age": 0.06325197219848633, "bearing": 0.7719748332535769, "distance": 1.0458694933187045, "continuous_follow": 0}
{"t": 44.832928542000445, "phase": "REACQUIRE", "status": "REACQUIRE", "locked": false, "age": Infinity, "bearing": 0.8201492698824034, "distance": Infinity, "continuous_follow": 0}
{"t": 46.88241049699991, "phase": "SAFE_RECOVERY", "status": "SAFE_RECOVERY", "locked": false, "age": Infinity, "bearing": 0.8201492698824034, "distance": Infinity, "continuous_follow": 0}
{"t": 48.932323328000166, "phase": "SAFE_WAIT", "status": "SAFE_WAIT", "locked": false, "age": Infinity, "bearing": 0.8201492698824034, "distance": Infinity, "continuous_follow": 0}
{"t": 50.93281825400027, "phase": "SAFE_WAIT", "status": "SAFE_WAIT", "locked": false, "age": Infinity, "bearing": 0.8201492698824034, "distance": Infinity, "continuous_follow": 0}
{"t": 52.9829183540005, "phase": "SAFE_WAIT", "status": "SAFE_WAIT", "locked": false, "age": Infinity, "bearing": 0.8201492698824034, "distance": Infinity, "continuous_follow": 0}
{"t": 55.03304932100036, "phase": "SAFE_WAIT", "status": "SAFE_WAIT", "locked": false, "age": Infinity, "bearing": 0.8201492698824034, "distance": Infinity, "continuous_follow": 0}
{"t": 57.08241509999971, "phase": "SAFE_WAIT", "status": "SAFE_WAIT", "locked": false, "age": Infinity, "bearing": 0.8201492698824034, "distance": Infinity, "continuous_follow": 0}
{"t": 59.132497522999984, "phase": "SAFE_WAIT", "status": "SAFE_WAIT", "locked": false, "age": Infinity, "bearing": 0.8201492698824034, "distance": Infinity, "continuous_follow": 0}
{"t": 61.18259025200041, "phase": "SAFE_WAIT", "status": "SAFE_WAIT", "locked": false, "age": Infinity, "bearing": 0.8201492698824034, "distance": Infinity, "continuous_follow": 0}
{"t": 63.23256114099968, "phase": "SAFE_WAIT", "status": "SAFE_WAIT", "locked": false, "age": Infinity, "bearing": 0.8201492698824034, "distance": Infinity, "continuous_follow": 0}
{"t": 65.23261876400011, "phase": "SAFE_RECOVERY", "status": "SAFE_RECOVERY", "locked": false, "age": Infinity, "bearing": 0.8201492698824034, "distance": Infinity, "continuous_follow": 0}
{"t": 67.23265851100041, "phase": "SAFE_WAIT", "status": "SAFE_WAIT", "locked": false, "age": Infinity, "bearing": 0.8201492698824034, "distance": Infinity, "continuous_follow": 0}
{"t": 69.23276178800006, "phase": "SAFE_WAIT", "status": "SAFE_WAIT", "locked": false, "age": Infinity, "bearing": 0.8201492698824034, "distance": Infinity, "continuous_follow": 0}
{"t": 71.28231759000028, "phase": "SAFE_WAIT", "status": "SAFE_WAIT", "locked": false, "age": Infinity, "bearing": 0.8201492698824034, "distance": Infinity, "continuous_follow": 0}
{"t": 73.28257595000014, "phase": "SAFE_RECOVERY", "status": "SAFE_RECOVERY", "locked": false, "age": Infinity, "bearing": 0.8201492698824034, "distance": Infinity, "continuous_follow": 0}
{"t": 75.33267004400022, "phase": "SAFE_WAIT", "status": "SAFE_WAIT", "locked": false, "age": Infinity, "bearing": 0.8201492698824034, "distance": Infinity, "continuous_follow": 0}
{"t": 77.38247086200045, "phase": "SAFE_WAIT", "status": "SAFE_WAIT", "locked": false, "age": Infinity, "bearing": 0.8201492698824034, "distance": Infinity, "continuous_follow": 0}
{"t": 79.43242045399984, "phase": "SAFE_WAIT", "status": "SAFE_WAIT", "locked": false, "age": Infinity, "bearing": 0.8201492698824034, "distance": Infinity, "continuous_follow": 0}
{"t": 81.43293875200015, "phase": "SAFE_WAIT", "status": "SAFE_WAIT", "locked": false, "age": Infinity, "bearing": 0.8201492698824034, "distance": Infinity, "continuous_follow": 0}
{"t": 83.43512171699967, "phase": "SAFE_WAIT", "status": "SAFE_WAIT", "locked": false, "age": Infinity, "bearing": 0.8201492698824034, "distance": Infinity, "continuous_follow": 0}
{"t": 85.48352143200009, "phase": "SAFE_WAIT", "status": "SAFE_WAIT", "locked": false, "age": Infinity, "bearing": 0.8201492698824034, "distance": Infinity, "continuous_follow": 0}
{"t": 87.53458791200046, "phase": "SAFE_WAIT", "status": "SAFE_WAIT", "locked": false, "age": Infinity, "bearing": 0.8201492698824034, "distance": Infinity, "continuous_follow": 0}
{"t": 89.58260642000005, "phase": "SAFE_WAIT", "status": "SAFE_WAIT", "locked": false, "age": Infinity, "bearing": 0.8201492698824034, "distance": Infinity, "continuous_follow": 0}
{"t": 91.5826528790003, "phase": "SAFE_RECOVERY", "status": "SAFE_RECOVERY", "locked": false, "age": Infinity, "bearing": 0.8201492698824034, "distance": Infinity, "continuous_follow": 0}
{"t": 93.63268671700007, "phase": "SAFE_WAIT", "status": "SAFE_WAIT", "locked": false, "age": Infinity, "bearing": 0.8201492698824034, "distance": Infinity, "continuous_follow": 0}
{"t": 95.63464492300045, "phase": "SAFE_WAIT", "status": "SAFE_WAIT", "locked": false, "age": Infinity, "bearing": 0.8201492698824034, "distance": Infinity, "continuous_follow": 0}
{"t": 97.68313897500047, "phase": "SAFE_WAIT", "status": "SAFE_WAIT", "locked": false, "age": Infinity, "bearing": 0.8201492698824034, "distance": Infinity, "continuous_follow": 0}
{"t": 99.7328442879998, "phase": "SAFE_WAIT", "status": "SAFE_RECOVERY", "locked": false, "age": Infinity, "bearing": 0.8201492698824034, "distance": Infinity, "continuous_follow": 0}
{"t": 101.73296563300028, "phase": "SAFE_WAIT", "status": "SAFE_WAIT", "locked": false, "age": Infinity, "bearing": 0.8201492698824034, "distance": Infinity, "continuous_follow": 0}
{"t": 103.73302091599999, "phase": "SAFE_WAIT", "status": "SAFE_WAIT", "locked": false, "age": Infinity, "bearing": 0.8201492698824034, "distance": Infinity, "continuous_follow": 0}
{"t": 105.78358973900049, "phase": "REACQUIRE", "status": "REACQUIRE", "locked": false, "age": 0.04023098945617676, "bearing": 0.6946715974186698, "distance": 2.30575855731941, "continuous_follow": 0}
{"t": 107.83426742899974, "phase": "SAFE_RECOVERY", "status": "SAFE_RECOVERY", "locked": false, "age": 0.03808116912841797, "bearing": 0.2546490732710622, "distance": 10.67914520725572, "continuous_follow": 0}
{"t": 109.88269423299971, "phase": "REACQUIRE", "status": "SAFE_RECOVERY", "locked": false, "age": 0.035738229751586914, "bearing": 0.2045312503658362, "distance": 17.743243420103866, "continuous_follow": 0}
{"t": 111.8828555199998, "phase": "REACQUIRE", "status": "REACQUIRE", "locked": false, "age": 0.08777093887329102, "bearing": 0.04318809716781506, "distance": 24.845339318022727, "continuous_follow": 0}
{"t": 113.93352119500014, "phase": "REACQUIRE", "status": "REACQUIRE", "locked": false, "age": Infinity, "bearing": 0.23627207782793186, "distance": Infinity, "continuous_follow": 0}
{"t": 115.93353192199993, "phase": "SAFE_WAIT", "status": "SAFE_WAIT", "locked": false, "age": Infinity, "bearing": 0.23627207782793186, "distance": Infinity, "continuous_follow": 0}
{"t": 117.98453082700053, "phase": "SAFE_WAIT", "status": "SAFE_WAIT", "locked": false, "age": Infinity, "bearing": 0.23627207782793186, "distance": Infinity, "continuous_follow": 0}
{"t": 120.03379705000043, "phase": "SAFE_WAIT", "status": "SAFE_WAIT", "locked": false, "age": Infinity, "bearing": 0.23627207782793186, "distance": Infinity, "continuous_follow": 0}
{"t": 122.03549580300023, "phase": "SAFE_WAIT", "status": "SAFE_WAIT", "locked": false, "age": Infinity, "bearing": 0.23627207782793186, "distance": Infinity, "continuous_follow": 0}
{"t": 124.08340350599974, "phase": "SAFE_WAIT", "status": "SAFE_WAIT", "locked": false, "age": Infinity, "bearing": 0.23627207782793186, "distance": Infinity, "continuous_follow": 0}
{"t": 126.13478508200023, "phase": "SAFE_WAIT", "status": "SAFE_WAIT", "locked": false, "age": Infinity, "bearing": 0.23627207782793186, "distance": Infinity, "continuous_follow": 0}
{"t": 128.1841692930002, "phase": "SAFE_WAIT", "status": "SAFE_WAIT", "locked": false, "age": Infinity, "bearing": 0.23627207782793186, "distance": Infinity, "continuous_follow": 0}
