{"t": 0.08465762900050322, "phase": "", "status": "GROUND_HOLD", "locked": true, "age": 0.05411243438720703, "bearing": -0.001852067976589872, "distance": 8.062938066318711, "continuous_follow": 0}
{"t": 2.135721129000558, "phase": "GROUND_HOLD", "status": "GROUND_HOLD", "locked": true, "age": 0.05218911170959473, "bearing": -0.001852067976589872, "distance": 8.05189093470284, "continuous_follow": 0}
{"t": 4.135805341000378, "phase": "GROUND_HOLD", "status": "GROUND_HOLD", "locked": true, "age": 0.05235481262207031, "bearing": -0.001852067976589872, "distance": 8.054812003444814, "continuous_follow": 0}
{"t": 6.136909415000446, "phase": "GROUND_HOLD", "status": "GROUND_HOLD", "locked": true, "age": 0.052263736724853516, "bearing": -0.001852067976589872, "distance": 8.057994700446894, "continuous_follow": 0}
{"t": 8.184492627000509, "phase": "GROUND_HOLD", "status": "GROUND_HOLD", "locked": true, "age": 0.05417990684509277, "bearing": -0.001852067976589872, "distance": 8.0551884086205, "continuous_follow": 0}
{"t": 10.184519477000322, "phase": "GROUND_HOLD", "status": "GROUND_HOLD", "locked": true, "age": 0.054125308990478516, "bearing": -0.001852067976589872, "distance": 8.057045759888435, "continuous_follow": 0}
{"t": 12.184604736999972, "phase": "GROUND_HOLD", "status": "GROUND_HOLD", "locked": true, "age": 0.05413460731506348, "bearing": -0.001852067976589872, "distance": 8.058947247485824, "continuous_follow": 0}
{"t": 14.185467066000456, "phase": "GROUND_HOLD", "status": "GROUND_HOLD", "locked": true, "age": 0.054193973541259766, "bearing": -0.001852067976589872, "distance": 8.056118930159023, "continuous_follow": 0}
{"t": 16.23595299600038, "phase": "GROUND_HOLD", "status": "GROUND_HOLD", "locked": true, "age": 0.05224728584289551, "bearing": -0.001852067976589872, "distance": 8.058512381098055, "continuous_follow": 0}
{"t": 18.236303071000293, "phase": "GROUND_HOLD", "status": "GROUND_HOLD", "locked": true, "age": 0.05221247673034668, "bearing": -0.001852067976589872, "distance": 8.060217488031936, "continuous_follow": 0}
{"t": 20.23781401800079, "phase": "GROUND_HOLD", "status": "GROUND_HOLD", "locked": true, "age": 0.05229449272155762, "bearing": -0.001852067976589872, "distance": 8.058865236773856, "continuous_follow": 0}
{"t": 22.28476811100063, "phase": "GROUND_HOLD", "status": "GROUND_HOLD", "locked": true, "age": 0.054163455963134766, "bearing": -0.001852067976589872, "distance": 8.058761439920147, "continuous_follow": 0}
{"t": 24.336975662999976, "phase": "GROUND_HOLD", "status": "GROUND_HOLD", "locked": true, "age": 0.05227947235107422, "bearing": -0.001852067976589872, "distance": 8.057561843547553, "continuous_follow": 0}
{"t": 26.38520030000018, "phase": "GROUND_HOLD", "status": "GROUND_HOLD", "locked": true, "age": 0.05413961410522461, "bearing": -0.001852067976589872, "distance": 8.058888834833207, "continuous_follow": 0}
{"t": 28.3853603940006, "phase": "GROUND_HOLD", "status": "GROUND_HOLD", "locked": true, "age": 0.05419111251831055, "bearing": -0.001852067976589872, "distance": 8.061473813105263, "continuous_follow": 0}
{"t": 30.435073762000684, "phase": "GROUND_HOLD", "status": "GROUND_HOLD", "locked": true, "age": 0.05224275588989258, "bearing": -0.001852067976589872, "distance": 8.059483181613558, "continuous_follow": 0}
{"t": 32.439739383000415, "phase": "GROUND_HOLD", "status": "GROUND_HOLD", "locked": true, "age": 0.05237174034118652, "bearing": -0.001852067976589872, "distance": 8.056457632165127, "continuous_follow": 0}
{"t": 34.48482218300069, "phase": "GROUND_HOLD", "status": "GROUND_HOLD", "locked": true, "age": 0.05416440963745117, "bearing": -0.001852067976589872, "distance": 8.057129711471912, "continuous_follow": 0}
{"t": 36.48494276400015, "phase": "GROUND_HOLD", "status": "GROUND_HOLD", "locked": true, "age": 0.05403923988342285, "bearing": -0.001852067976589872, "distance": 8.054993021931262, "continuous_follow": 0}
{"t": 38.48509541700059, "phase": "TAKEOFF", "status": "TAKEOFF", "locked": true, "age": 0.053292036056518555, "bearing": 0.022310935768042186, "distance": 8.056196536780174, "continuous_follow": 0}
{"t": 40.53507312500005, "phase": "TAKEOFF", "status": "TAKEOFF", "locked": true, "age": 0.052154541015625, "bearing": 0.4355472631035417, "distance": 8.91550822035278, "continuous_follow": 0}
{"t": 42.53549334500076, "phase": "TAKEOFF", "status": "TAKEOFF", "locked": true, "age": 0.07562851905822754, "bearing": 0.859792136066963, "distance": 14.080277421961096, "continuous_follow": 0}
{"t": 44.53615420500046, "phase": "TAKEOFF", "status": "TAKEOFF", "locked": false, "age": 0.07212495803833008, "bearing": 0.6617490083245721, "distance": 22.088263881148883, "continuous_follow": 0}
{"t": 46.58579821300009, "phase": "TAKEOFF", "status": "TAKEOFF", "locked": false, "age": Infinity, "bearing": -0.07160300287880662, "distance": Infinity, "continuous_follow": 0}
{"t": 48.58599376800066, "phase": "REACQUIRE", "status": "BEARING_APPROACH", "locked": false, "age": Infinity, "bearing": -0.10090265648414014, "distance": Infinity, "continuous_follow": 0}
{"t": 50.634868611000456, "phase": "REACQUIRE", "status": "BEARING_APPROACH", "locked": false, "age": Infinity, "bearing": -0.13542542095808263, "distance": Infinity, "continuous_follow": 0}
{"t": 52.63566371900015, "phase": "FOLLOW", "status": "FOLLOW", "locked": true, "age": 0.07113075256347656, "bearing": -0.12710391251021985, "distance": 20.593639915486094, "continuous_follow": 1.40049098199961}
{"t": 54.685989124000116, "phase": "FOLLOW", "status": "FOLLOW", "locked": true, "age": 0.06966257095336914, "bearing": -0.17348255133199084, "distance": 14.581917176771096, "continuous_follow": 3.450816386999577}
{"t": 56.687577706999946, "phase": "FOLLOW", "status": "FOLLOW", "locked": true, "age": 0.06992244720458984, "bearing": -0.13063647919402083, "distance": 10.024799658981706, "continuous_follow": 5.452404969999407}
{"t": 58.73471471500034, "phase": "FOLLOW", "status": "FOLLOW", "locked": true, "age": 0.04290127754211426, "bearing": -0.002282621170139992, "distance": 7.0041659910965395, "continuous_follow": 7.499541977999797}
{"t": 60.734915666000234, "phase": "FOLLOW", "status": "FOLLOW", "locked": true, "age": 0.04310417175292969, "bearing": 0.04373263836189777, "distance": 7.02151426895784, "continuous_follow": 9.499742928999694}
{"t": 62.78534006500013, "phase": "FOLLOW", "status": "FOLLOW", "locked": true, "age": 0.04095888137817383, "bearing": 0.11349736227736591, "distance": 7.138503400790667, "continuous_follow": 11.550167327999588}
{"t": 64.83452338999996, "phase": "FOLLOW", "status": "FOLLOW", "locked": true, "age": 0.04295825958251953, "bearing": 0.34417402562752153, "distance": 7.091451377573074, "continuous_follow": 13.59935065299942}
{"t": 66.83462382000016, "phase": "FOLLOW", "status": "FOLLOW", "locked": true, "age": 0.04291868209838867, "bearing": 0.3657921790249361, "distance": 7.203980202507829, "continuous_follow": 15.599451082999622}
{"t": 68.88472799900046, "phase": "FOLLOW", "status": "FOLLOW", "locked": true, "age": 0.04097700119018555, "bearing": 0.14241653736342644, "distance": 6.872609187848013, "continuous_follow": 17.64955526199992}
{"t": 70.88495605600019, "phase": "FOLLOW", "status": "FOLLOW", "locked": true, "age": 0.040962934494018555, "bearing": 0.09281787544597589, "distance": 6.894198602240616, "continuous_follow": 19.649783318999653}
AUTOMATIC Y after 20 s locked FOLLOW
{"t": 72.93470807500034, "phase": "MINCO_TRACKING", "status": "TRACKING", "locked": true, "age": 0.04294538497924805, "bearing": 0.1657571253137444, "distance": 6.065847638353114, "continuous_follow": 0}
{"t": 74.98499975600043, "phase": "TERMINAL_MINCO", "status": "TRACKING", "locked": true, "age": 0.04098010063171387, "bearing": 0.8342529545650048, "distance": 1.6957426292798894, "continuous_follow": 0}
{"t": 76.98533013399992, "phase": "REACQUIRE", "status": "REACQUIRE", "locked": false, "age": Infinity, "bearing": 0.8615699780894168, "distance": Infinity, "continuous_follow": 0}
{"t": 79.03441784300048, "phase": "SAFE_RECOVERY", "status": "SAFE_RECOVERY", "locked": false, "age": Infinity, "bearing": 0.8615699780894168, "distance": Infinity, "continuous_follow": 0}
{"t": 81.03465883200079, "phase": "SAFE_WAIT", "status": "SAFE_WAIT", "locked": false, "age": Infinity, "bearing": 0.8615699780894168, "distance": Infinity, "continuous_follow": 0}
{"t": 83.03482075300053, "phase": "SAFE_WAIT", "status": "SAFE_WAIT", "locked": false, "age": Infinity, "bearing": 0.8615699780894168, "distance": Infinity, "continuous_follow": 0}
{"t": 85.08743295400018, "phase": "SAFE_WAIT", "status": "SAFE_WAIT", "locked": false, "age": Infinity, "bearing": 0.8615699780894168, "distance": Infinity, "continuous_follow": 0}
{"t": 87.13597665100042, "phase": "SAFE_WAIT", "status": "SAFE_WAIT", "locked": false, "age": Infinity, "bearing": 0.8615699780894168, "distance": Infinity, "continuous_follow": 0}
{"t": 89.13706586200078, "phase": "SAFE_WAIT", "status": "SAFE_WAIT", "locked": false, "age": Infinity, "bearing": 0.8615699780894168, "distance": Infinity, "continuous_follow": 0}
{"t": 91.13712277600007, "phase": "SAFE_WAIT", "status": "SAFE_WAIT", "locked": false, "age": Infinity, "bearing": 0.8615699780894168, "distance": Infinity, "continuous_follow": 0}
{"t": 93.18583415500052, "phase": "SAFE_WAIT", "status": "SAFE_WAIT", "locked": false, "age": Infinity, "bearing": 0.8615699780894168, "distance": Infinity, "continuous_follow": 0}
{"t": 95.23674678900079, "phase": "SAFE_WAIT", "status": "SAFE_WAIT", "locked": false, "age": Infinity, "bearing": 0.8615699780894168, "distance": Infinity, "continuous_follow": 0}
{"t": 97.28524108500005, "phase": "SAFE_WAIT", "status": "SAFE_WAIT", "locked": false, "age": Infinity, "bearing": 0.8615699780894168, "distance": Infinity, "continuous_follow": 0}
{"t": 99.28643394200026, "phase": "SAFE_WAIT", "status": "SAFE_WAIT", "locked": false, "age": Infinity, "bearing": 0.8615699780894168, "distance": Infinity, "continuous_follow": 0}
{"t": 101.33532666000065, "phase": "SAFE_WAIT", "status": "SAFE_WAIT", "locked": false, "age": Infinity, "bearing": 0.8615699780894168, "distance": Infinity, "continuous_follow": 0}
{"t": 103.33586708700022, "phase": "SAFE_WAIT", "status": "SAFE_WAIT", "locked": false, "age": Infinity, "bearing": 0.8615699780894168, "distance": Infinity, "continuous_follow": 0}
{"t": 105.38530913700015, "phase": "SAFE_WAIT", "status": "SAFE_WAIT", "locked": false, "age": Infinity, "bearing": 0.8615699780894168, "distance": Infinity, "continuous_follow": 0}
{"t": 107.43732794600055, "phase": "SAFE_WAIT", "status": "SAFE_WAIT", "locked": false, "age": Infinity, "bearing": 0.8615699780894168, "distance": Infinity, "continuous_follow": 0}
{"t": 109.48632496000027, "phase": "SAFE_WAIT", "status": "SAFE_WAIT", "locked": false, "age": Infinity, "bearing": 0.8615699780894168, "distance": Infinity, "continuous_follow": 0}
{"t": 111.53715580500011, "phase": "SAFE_WAIT", "status": "SAFE_WAIT", "locked": false, "age": Infinity, "bearing": 0.8615699780894168, "distance": Infinity, "continuous_follow": 0}
{"t": 113.58584713400069, "phase": "REACQUIRE", "status": "REACQUIRE", "locked": false, "age": Infinity, "bearing": 0.8347127013341021, "distance": Infinity, "continuous_follow": 0}
{"t": 115.63605908000045, "phase": "SAFE_WAIT", "status": "SAFE_WAIT", "locked": false, "age": Infinity, "bearing": 0.8347127013341021, "distance": Infinity, "continuous_follow": 0}
{"t": 117.6373060599999, "phase": "REACQUIRE", "status": "REACQUIRE", "locked": false, "age": Infinity, "bearing": 0.5239703959862752, "distance": Infinity, "continuous_follow": 0}
{"t": 119.63801978800075, "phase": "REACQUIRE", "status": "REACQUIRE", "locked": false, "age": Infinity, "bearing": 0.16516778830707293, "distance": Infinity, "continuous_follow": 0}
{"t": 121.68553512100061, "phase": "REACQUIRE", "status": "REACQUIRE", "locked": false, "age": Infinity, "bearing": 0.25717038539168247, "distance": Infinity, "continuous_follow": 0}
{"t": 123.68582643900027, "phase": "REACQUIRE", "status": "REACQUIRE", "locked": false, "age": Infinity, "bearing": 0.055505032368945224, "distance": Infinity, "continuous_follow": 0}
{"t": 125.73555076200046, "phase": "REACQUIRE", "status": "REACQUIRE", "locked": false, "age": Infinity, "bearing": 0.16996924592857168, "distance": Infinity, "continuous_follow": 0}
{"t": 127.73597360800068, "phase": "SAFE_RECOVERY", "status": "SAFE_RECOVERY", "locked": false, "age": Infinity, "bearing": 0.1024301502237094, "distance": Infinity, "continuous_follow": 0}
{"t": 129.78635333200054, "phase": "REACQUIRE", "status": "REACQUIRE", "locked": false, "age": Infinity, "bearing": 0.05476645416432322, "distance": Infinity, "continuous_follow": 0}
{"t": 131.78728535100072, "phase": "FAR_GUIDANCE", "status": "FAR_GUIDANCE", "locked": true, "age": 0.06992435455322266, "bearing": 0.0423077697446642, "distance": 23.19970091528683, "continuous_follow": 0}
{"t": 133.787539725, "phase": "FAR_GUIDANCE", "status": "FAR_GUIDANCE", "locked": true, "age": 0.06993675231933594, "bearing": 0.07972062433968147, "distance": 7.926160377533348, "continuous_follow": 0}
{"t": 135.8408151020003, "phase": "REACQUIRE", "status": "REACQUIRE", "locked": false, "age": Infinity, "bearing": 0.11200593979564684, "distance": Infinity, "continuous_follow": 0}
{"t": 137.88638482100032, "phase": "SAFE_WAIT", "status": "SAFE_WAIT", "locked": false, "age": Infinity, "bearing": 0.11200593979564684, "distance": Infinity, "continuous_follow": 0}
{"t": 139.9365458760003, "phase": "SAFE_WAIT", "status": "SAFE_WAIT", "locked": false, "age": Infinity, "bearing": 0.11200593979564684, "distance": Infinity, "continuous_follow": 0}
{"t": 141.98528081400036, "phase": "SAFE_WAIT", "status": "SAFE_WAIT", "locked": false, "age": Infinity, "bearing": 0.11200593979564684, "distance": Infinity, "continuous_follow": 0}
{"t": 143.98536286000035, "phase": "SAFE_WAIT", "status": "SAFE_WAIT", "locked": false, "age": Infinity, "bearing": 0.11200593979564684, "distance": Infinity, "continuous_follow": 0}
{"t": 145.98557569900004, "phase": "SAFE_WAIT", "status": "SAFE_WAIT", "locked": false, "age": Infinity, "bearing": 0.11200593979564684, "distance": Infinity, "continuous_follow": 0}
{"t": 148.03481299600026, "phase": "SAFE_WAIT", "status": "SAFE_WAIT", "locked": false, "age": Infinity, "bearing": 0.11200593979564684, "distance": Infinity, "continuous_follow": 0}
{"t": 150.0368039320001, "phase": "SAFE_WAIT", "status": "SAFE_WAIT", "locked": false, "age": Infinity, "bearing": 0.11200593979564684, "distance": Infinity, "continuous_follow": 0}
{"t": 152.0847760380002, "phase": "SAFE_WAIT", "status": "SAFE_WAIT", "locked": false, "age": Infinity, "bearing": 0.11200593979564684, "distance": Infinity, "continuous_follow": 0}
{"t": 154.08570403800059, "phase": "SAFE_WAIT", "status": "SAFE_WAIT", "locked": false, "age": Infinity, "bearing": 0.11200593979564684, "distance": Infinity, "continuous_follow": 0}
{"t": 156.13513186100045, "phase": "SAFE_WAIT", "status": "SAFE_WAIT", "locked": false, "age": Infinity, "bearing": 0.11200593979564684, "distance": Infinity, "continuous_follow": 0}
{"t": 158.13566197100045, "phase": "SAFE_WAIT", "status": "SAFE_WAIT", "locked": false, "age": Infinity, "bearing": 0.11200593979564684, "distance": Infinity, "continuous_follow": 0}
{"t": 160.13579360099993, "phase": "SAFE_WAIT", "status": "SAFE_WAIT", "locked": false, "age": Infinity, "bearing": 0.11200593979564684, "distance": Infinity, "continuous_follow": 0}
{"t": 162.1369821340004, "phase": "SAFE_WAIT", "status": "SAFE_WAIT", "locked": false, "age": Infinity, "bearing": 0.11200593979564684, "distance": Infinity, "continuous_follow": 0}
{"t": 164.1437660850006, "phase": "SAFE_WAIT", "status": "SAFE_WAIT", "locked": false, "age": Infinity, "bearing": 0.11200593979564684, "distance": Infinity, "continuous_follow": 0}
{"t": 166.18509195300066, "phase": "SAFE_WAIT", "status": "SAFE_WAIT", "locked": false, "age": Infinity, "bearing": 0.11200593979564684, "distance": Infinity, "continuous_follow": 0}
{"t": 168.18528817700007, "phase": "SAFE_WAIT", "status": "SAFE_WAIT", "locked": false, "age": Infinity, "bearing": 0.11200593979564684, "distance": Infinity, "continuous_follow": 0}
