{"t": 0.9688430969999899, "phase": "GROUND_HOLD", "status": "GROUND_HOLD", "locked": true, "age": 0.0645902156829834, "bearing": -0.001852067976589872, "distance": 8.057255525810097, "continuous_follow": 0}
{"t": 3.0198734890000196, "phase": "GROUND_HOLD", "status": "GROUND_HOLD", "locked": true, "age": 0.06657004356384277, "bearing": -0.001852067976589872, "distance": 8.0605064695513, "continuous_follow": 0}
{"t": 5.068370042000424, "phase": "GROUND_HOLD", "status": "GROUND_HOLD", "locked": true, "age": 0.04404449462890625, "bearing": -0.001852067976589872, "distance": 8.05338994867648, "continuous_follow": 0}
{"t": 7.069391953000377, "phase": "GROUND_HOLD", "status": "GROUND_HOLD", "locked": true, "age": 0.04408907890319824, "bearing": -0.001852067976589872, "distance": 8.05656363423183, "continuous_follow": 0}
{"t": 9.118342525000116, "phase": "TAKEOFF", "status": "TAKEOFF", "locked": false, "age": Infinity, "bearing": 0.2624653487885149, "distance": Infinity, "continuous_follow": 0}
{"t": 11.168230924999989, "phase": "TAKEOFF", "status": "TAKEOFF", "locked": false, "age": Infinity, "bearing": 0.774197467151186, "distance": Infinity, "continuous_follow": 0}
{"t": 13.168277624000439, "phase": "TAKEOFF", "status": "TAKEOFF", "locked": false, "age": Infinity, "bearing": 0.8646086474409825, "distance": Infinity, "continuous_follow": 0}
{"t": 15.168442875000437, "phase": "TAKEOFF", "status": "TAKEOFF", "locked": false, "age": Infinity, "bearing": -0.012458735978394444, "distance": Infinity, "continuous_follow": 0}
{"t": 17.171427602999756, "phase": "REACQUIRE", "status": "BEARING_APPROACH", "locked": false, "age": Infinity, "bearing": -0.09784625809356032, "distance": Infinity, "continuous_follow": 0}
{"t": 19.218375510999977, "phase": "REACQUIRE", "status": "BEARING_APPROACH", "locked": false, "age": Infinity, "bearing": -0.12135246648725631, "distance": Infinity, "continuous_follow": 0}
{"t": 21.2186813039998, "phase": "REACQUIRE", "status": "BEARING_APPROACH", "locked": false, "age": 0.06638956069946289, "bearing": -0.15278632825437163, "distance": 23.15522409576524, "continuous_follow": 0}
{"t": 23.21892035200017, "phase": "REACQUIRE", "status": "BEARING_APPROACH", "locked": false, "age": 0.11840987205505371, "bearing": -0.17333142144490796, "distance": 16.43755874167725, "continuous_follow": 0}
{"t": 25.219087942999977, "phase": "FOLLOW", "status": "FOLLOW", "locked": true, "age": 0.06640458106994629, "bearing": -0.12422553059372667, "distance": 12.130238245781374, "continuous_follow": 0.5485776579998856}
{"t": 27.270372005000354, "phase": "FOLLOW", "status": "FOLLOW", "locked": true, "age": 0.06982827186584473, "bearing": -0.05794430500486757, "distance": 8.062813277588791, "continuous_follow": 0.25144861100034177}
{"t": 29.318904318000023, "phase": "FOLLOW", "status": "FOLLOW", "locked": true, "age": 0.06634712219238281, "bearing": 0.06530110155139139, "distance": 6.8741600648388745, "continuous_follow": 0.3000072349996117}
{"t": 31.369459589000144, "phase": "FOLLOW", "status": "FOLLOW", "locked": true, "age": 0.06856703758239746, "bearing": 0.078622145152645, "distance": 7.1284069582202765, "continuous_follow": 0.1505363509995732}
{"t": 33.4187698679998, "phase": "REACQUIRE", "status": "BEARING_APPROACH", "locked": false, "age": 0.1312274932861328, "bearing": 0.2063598127912221, "distance": Infinity, "continuous_follow": 0}
{"t": 35.46829922800043, "phase": "REACQUIRE", "status": "BEARING_APPROACH", "locked": false, "age": 0.0331876277923584, "bearing": 0.5551511697530689, "distance": 6.867539428951084, "continuous_follow": 0}
{"t": 37.469202833000054, "phase": "REACQUIRE", "status": "BEARING_APPROACH", "locked": false, "age": 0.0737454891204834, "bearing": 0.2140863773063241, "distance": 7.159415703325751, "continuous_follow": 0}
{"t": 39.469630116999724, "phase": "REACQUIRE", "status": "VISUAL_BRAKING", "locked": false, "age": Infinity, "bearing": -0.15252786492166961, "distance": Infinity, "continuous_follow": 0}
{"t": 41.51907986100014, "phase": "REACQUIRE", "status": "BEARING_APPROACH", "locked": false, "age": 0.07155609130859375, "bearing": 0.27979420414063877, "distance": 8.847924290449953, "continuous_follow": 0}
{"t": 43.56915985199976, "phase": "FOLLOW", "status": "FOLLOW", "locked": true, "age": 0.12156438827514648, "bearing": 0.15245827512905027, "distance": 10.742437015530998, "continuous_follow": 1.1497394009993513}
{"t": 45.61947657099972, "phase": "REACQUIRE", "status": "BEARING_APPROACH", "locked": false, "age": 0.12363457679748535, "bearing": 0.4892784393933375, "distance": 7.2272453074057985, "continuous_follow": 0}
{"t": 47.66974824800036, "phase": "REACQUIRE", "status": "VISUAL_BRAKING", "locked": false, "age": Infinity, "bearing": 0.5559008546880234, "distance": Infinity, "continuous_follow": 0}
{"t": 49.720009325999854, "phase": "SAFE_WAIT", "status": "VISUAL_BRAKING", "locked": false, "age": Infinity, "bearing": 0.5559008546880234, "distance": Infinity, "continuous_follow": 0}
{"t": 51.769414686000346, "phase": "FOLLOW", "status": "FOLLOW", "locked": true, "age": 0.07374167442321777, "bearing": 0.042273691226137416, "distance": 10.99462188169498, "continuous_follow": 0.4503564100004951}
{"t": 53.76952311800051, "phase": "FOLLOW", "status": "FOLLOW", "locked": true, "age": 0.07365775108337402, "bearing": 0.022984533030058426, "distance": 8.15960836227348, "continuous_follow": 1.7000960350005698}
{"t": 55.81926761300019, "phase": "FOLLOW", "status": "FOLLOW", "locked": true, "age": 0.12403559684753418, "bearing": -0.017692844185331874, "distance": 6.800202465916662, "continuous_follow": 0.950068660999932}
{"t": 57.86946408499989, "phase": "FOLLOW", "status": "FOLLOW", "locked": true, "age": 0.12155938148498535, "bearing": 0.0028790393955713724, "distance": 6.920419265239372, "continuous_follow": 0.9507704999996349}
{"t": 59.87013777100037, "phase": "FOLLOW", "status": "FOLLOW", "locked": true, "age": 0.07448816299438477, "bearing": -0.04065484983316671, "distance": 6.919205576001014, "continuous_follow": 0.05157820700060256}
{"t": 61.919071934000385, "phase": "FOLLOW", "status": "FOLLOW", "locked": true, "age": 0.07162952423095703, "bearing": -0.09987710738003384, "distance": 6.916524846862461, "continuous_follow": 0.8500987300003544}
{"t": 63.91929302600056, "phase": "REACQUIRE", "status": "BEARING_APPROACH", "locked": false, "age": 0.07154703140258789, "bearing": -0.3037188069904066, "distance": 6.870632649004937, "continuous_follow": 0}
{"t": 65.9195371830001, "phase": "REACQUIRE", "status": "VISUAL_BRAKING", "locked": false, "age": Infinity, "bearing": -0.4912592017339803, "distance": Infinity, "continuous_follow": 0}
{"t": 67.91974136299996, "phase": "SAFE_WAIT", "status": "VISUAL_BRAKING", "locked": false, "age": Infinity, "bearing": -0.4912592017339803, "distance": Infinity, "continuous_follow": 0}
{"t": 69.96958797800016, "phase": "SAFE_WAIT", "status": "VISUAL_BRAKING", "locked": false, "age": Infinity, "bearing": -0.4912592017339803, "distance": Infinity, "continuous_follow": 0}
{"t": 71.96961239200027, "phase": "SAFE_WAIT", "status": "VISUAL_BRAKING", "locked": false, "age": Infinity, "bearing": -0.4912592017339803, "distance": Infinity, "continuous_follow": 0}
{"t": 74.01948628100035, "phase": "SAFE_WAIT", "status": "SAFE_WAIT", "locked": false, "age": Infinity, "bearing": -0.4912592017339803, "distance": Infinity, "continuous_follow": 0}
{"t": 76.01966526900014, "phase": "SAFE_WAIT", "status": "SAFE_WAIT", "locked": false, "age": Infinity, "bearing": -0.4912592017339803, "distance": Infinity, "continuous_follow": 0}
{"t": 78.06890789800036, "phase": "SAFE_WAIT", "status": "SAFE_WAIT", "locked": false, "age": Infinity, "bearing": -0.4912592017339803, "distance": Infinity, "continuous_follow": 0}
{"t": 80.11879513900021, "phase": "SAFE_WAIT", "status": "SAFE_WAIT", "locked": false, "age": Infinity, "bearing": -0.4912592017339803, "distance": Infinity, "continuous_follow": 0}
{"t": 82.11886598799992, "phase": "SAFE_WAIT", "status": "SAFE_WAIT", "locked": false, "age": Infinity, "bearing": -0.4912592017339803, "distance": Infinity, "continuous_follow": 0}
{"t": 84.16880791099993, "phase": "SAFE_WAIT", "status": "SAFE_WAIT", "locked": false, "age": Infinity, "bearing": -0.4912592017339803, "distance": Infinity, "continuous_follow": 0}
{"t": 86.2189293399997, "phase": "SAFE_WAIT", "status": "SAFE_WAIT", "locked": false, "age": Infinity, "bearing": -0.4912592017339803, "distance": Infinity, "continuous_follow": 0}
{"t": 88.21914992100028, "phase": "SAFE_WAIT", "status": "SAFE_WAIT", "locked": false, "age": Infinity, "bearing": -0.4912592017339803, "distance": Infinity, "continuous_follow": 0}
{"t": 90.22204594200048, "phase": "SAFE_WAIT", "status": "SAFE_WAIT", "locked": false, "age": Infinity, "bearing": -0.4912592017339803, "distance": Infinity, "continuous_follow": 0}
{"t": 92.26858832700054, "phase": "SAFE_WAIT", "status": "SAFE_WAIT", "locked": false, "age": Infinity, "bearing": -0.4912592017339803, "distance": Infinity, "continuous_follow": 0}
{"t": 94.26874587299972, "phase": "SAFE_WAIT", "status": "SAFE_WAIT", "locked": false, "age": Infinity, "bearing": -0.4912592017339803, "distance": Infinity, "continuous_follow": 0}
{"t": 96.31883160100006, "phase": "SAFE_WAIT", "status": "SAFE_WAIT", "locked": false, "age": Infinity, "bearing": -0.4912592017339803, "distance": Infinity, "continuous_follow": 0}
{"t": 98.31900118500016, "phase": "SAFE_WAIT", "status": "SAFE_WAIT", "locked": false, "age": Infinity, "bearing": -0.4912592017339803, "distance": Infinity, "continuous_follow": 0}
{"t": 100.31926262700017, "phase": "SAFE_WAIT", "status": "SAFE_WAIT", "locked": false, "age": Infinity, "bearing": -0.4912592017339803, "distance": Infinity, "continuous_follow": 0}
{"t": 102.31993618900015, "phase": "SAFE_WAIT", "status": "SAFE_WAIT", "locked": false, "age": Infinity, "bearing": -0.4912592017339803, "distance": Infinity, "continuous_follow": 0}
{"t": 104.36886763999973, "phase": "SAFE_WAIT", "status": "SAFE_WAIT", "locked": false, "age": Infinity, "bearing": -0.4912592017339803, "distance": Infinity, "continuous_follow": 0}
{"t": 106.4196942260005, "phase": "SAFE_WAIT", "status": "SAFE_WAIT", "locked": false, "age": Infinity, "bearing": -0.4912592017339803, "distance": Infinity, "continuous_follow": 0}
{"t": 108.46861330800039, "phase": "SAFE_WAIT", "status": "SAFE_WAIT", "locked": false, "age": Infinity, "bearing": -0.4912592017339803, "distance": Infinity, "continuous_follow": 0}
{"t": 110.46880350900028, "phase": "SAFE_WAIT", "status": "SAFE_WAIT", "locked": false, "age": Infinity, "bearing": -0.4912592017339803, "distance": Infinity, "continuous_follow": 0}
{"t": 112.5194427460001, "phase": "SAFE_WAIT", "status": "SAFE_WAIT", "locked": false, "age": Infinity, "bearing": -0.4912592017339803, "distance": Infinity, "continuous_follow": 0}
{"t": 114.51992066300045, "phase": "SAFE_WAIT", "status": "SAFE_WAIT", "locked": false, "age": Infinity, "bearing": -0.4912592017339803, "distance": Infinity, "continuous_follow": 0}
{"t": 116.56850008099991, "phase": "SAFE_WAIT", "status": "SAFE_WAIT", "locked": false, "age": Infinity, "bearing": -0.4912592017339803, "distance": Infinity, "continuous_follow": 0}
{"t": 118.56856316300036, "phase": "SAFE_WAIT", "status": "SAFE_WAIT", "locked": false, "age": Infinity, "bearing": -0.4912592017339803, "distance": Infinity, "continuous_follow": 0}
{"t": 120.61900607700045, "phase": "SAFE_WAIT", "status": "SAFE_WAIT", "locked": false, "age": Infinity, "bearing": -0.4912592017339803, "distance": Infinity, "continuous_follow": 0}
{"t": 122.66947511000035, "phase": "SAFE_WAIT", "status": "SAFE_WAIT", "locked": false, "age": Infinity, "bearing": -0.4912592017339803, "distance": Infinity, "continuous_follow": 0}
{"t": 124.720200535, "phase": "SAFE_WAIT", "status": "SAFE_WAIT", "locked": false, "age": Infinity, "bearing": -0.4912592017339803, "distance": Infinity, "continuous_follow": 0}
{"t": 126.72024448000047, "phase": "SAFE_WAIT", "status": "SAFE_WAIT", "locked": false, "age": Infinity, "bearing": -0.4912592017339803, "distance": Infinity, "continuous_follow": 0}
{"t": 128.72029904800002, "phase": "SAFE_WAIT", "status": "SAFE_WAIT", "locked": false, "age": Infinity, "bearing": -0.4912592017339803, "distance": Infinity, "continuous_follow": 0}
{"t": 130.76869706399975, "phase": "SAFE_WAIT", "status": "SAFE_WAIT", "locked": false, "age": Infinity, "bearing": -0.4912592017339803, "distance": Infinity, "continuous_follow": 0}
{"t": 132.76926477300003, "phase": "SAFE_WAIT", "status": "SAFE_WAIT", "locked": false, "age": Infinity, "bearing": -0.4912592017339803, "distance": Infinity, "continuous_follow": 0}
{"t": 134.76950118700006, "phase": "SAFE_WAIT", "status": "SAFE_WAIT", "locked": false, "age": Infinity, "bearing": -0.4912592017339803, "distance": Infinity, "continuous_follow": 0}
{"t": 136.819565969, "phase": "SAFE_WAIT", "status": "SAFE_WAIT", "locked": false, "age": Infinity, "bearing": -0.4912592017339803, "distance": Infinity, "continuous_follow": 0}
{"t": 138.81969767200007, "phase": "SAFE_WAIT", "status": "SAFE_WAIT", "locked": false, "age": Infinity, "bearing": -0.4912592017339803, "distance": Infinity, "continuous_follow": 0}
{"t": 140.86840170400046, "phase": "SAFE_WAIT", "status": "SAFE_WAIT", "locked": false, "age": Infinity, "bearing": -0.4912592017339803, "distance": Infinity, "continuous_follow": 0}
{"t": 142.86877595100032, "phase": "SAFE_WAIT", "status": "SAFE_WAIT", "locked": false, "age": Infinity, "bearing": -0.4912592017339803, "distance": Infinity, "continuous_follow": 0}
{"t": 144.86911895200046, "phase": "SAFE_WAIT", "status": "SAFE_WAIT", "locked": false, "age": Infinity, "bearing": -0.4912592017339803, "distance": Infinity, "continuous_follow": 0}
{"t": 146.918276333, "phase": "SAFE_WAIT", "status": "SAFE_WAIT", "locked": false, "age": Infinity, "bearing": -0.4912592017339803, "distance": Infinity, "continuous_follow": 0}
{"t": 148.91881547499997, "phase": "SAFE_WAIT", "status": "SAFE_WAIT", "locked": false, "age": Infinity, "bearing": -0.4912592017339803, "distance": Infinity, "continuous_follow": 0}
{"t": 150.9689102709999, "phase": "SAFE_WAIT", "status": "SAFE_WAIT", "locked": false, "age": Infinity, "bearing": -0.4912592017339803, "distance": Infinity, "continuous_follow": 0}
{"t": 153.01865560900023, "phase": "SAFE_WAIT", "status": "SAFE_WAIT", "locked": false, "age": Infinity, "bearing": -0.4912592017339803, "distance": Infinity, "continuous_follow": 0}
{"t": 155.0190710730003, "phase": "SAFE_WAIT", "status": "SAFE_WAIT", "locked": false, "age": Infinity, "bearing": -0.4912592017339803, "distance": Infinity, "continuous_follow": 0}
{"t": 157.06908145099987, "phase": "SAFE_WAIT", "status": "SAFE_WAIT", "locked": false, "age": Infinity, "bearing": -0.4912592017339803, "distance": Infinity, "continuous_follow": 0}
{"t": 159.11905014000058, "phase": "SAFE_WAIT", "status": "SAFE_WAIT", "locked": false, "age": Infinity, "bearing": -0.4912592017339803, "distance": Infinity, "continuous_follow": 0}
{"t": 161.11934648700026, "phase": "SAFE_WAIT", "status": "SAFE_WAIT", "locked": false, "age": Infinity, "bearing": -0.4912592017339803, "distance": Infinity, "continuous_follow": 0}
{"t": 163.1689398569997, "phase": "SAFE_WAIT", "status": "SAFE_WAIT", "locked": false, "age": Infinity, "bearing": -0.4912592017339803, "distance": Infinity, "continuous_follow": 0}
{"t": 165.16906041699986, "phase": "SAFE_WAIT", "status": "SAFE_WAIT", "locked": false, "age": Infinity, "bearing": -0.4912592017339803, "distance": Infinity, "continuous_follow": 0}
{"t": 167.21842837199983, "phase": "SAFE_WAIT", "status": "SAFE_WAIT", "locked": false, "age": Infinity, "bearing": -0.4912592017339803, "distance": Infinity, "continuous_follow": 0}
{"t": 169.21847289300058, "phase": "SAFE_WAIT", "status": "SAFE_WAIT", "locked": false, "age": Infinity, "bearing": -0.4912592017339803, "distance": Infinity, "continuous_follow": 0}
{"t": 171.2214422269999, "phase": "SAFE_WAIT", "status": "SAFE_WAIT", "locked": false, "age": Infinity, "bearing": -0.4912592017339803, "distance": Infinity, "continuous_follow": 0}
