{"t": 1.9126475610000853, "phase": "GROUND_HOLD", "status": "GROUND_HOLD", "locked": true, "age": 0.06618189811706543, "bearing": -0.001852067976589872, "distance": 8.059099803946461, "continuous_follow": 0}
{"t": 3.963989693000258, "phase": "GROUND_HOLD", "status": "GROUND_HOLD", "locked": true, "age": 0.06824588775634766, "bearing": -0.001852067976589872, "distance": 8.057683843571564, "continuous_follow": 0}
{"t": 6.012919761000376, "phase": "TAKEOFF", "status": "TAKEOFF", "locked": true, "age": 0.06624293327331543, "bearing": 0.054904942157958714, "distance": 8.061333221674667, "continuous_follow": 0}
{"t": 8.013424371000838, "phase": "TAKEOFF", "status": "TAKEOFF", "locked": true, "age": 0.06627225875854492, "bearing": 0.5099237609427765, "distance": 9.28207243876845, "continuous_follow": 0}
{"t": 10.06243198500033, "phase": "TAKEOFF", "status": "TAKEOFF", "locked": false, "age": Infinity, "bearing": 0.8684569980686416, "distance": Infinity, "continuous_follow": 0}
{"t": 12.112700308000058, "phase": "TAKEOFF", "status": "TAKEOFF", "locked": true, "age": 0.0663614273071289, "bearing": 0.08935531346717812, "distance": 23.81578081307859, "continuous_follow": 0}
{"t": 14.113015729000836, "phase": "REACQUIRE", "status": "BEARING_APPROACH", "locked": false, "age": Infinity, "bearing": -0.08682842943824448, "distance": Infinity, "continuous_follow": 0}
{"t": 16.11635037600081, "phase": "REACQUIRE", "status": "BEARING_APPROACH", "locked": false, "age": Infinity, "bearing": -0.10785470037565799, "distance": Infinity, "continuous_follow": 0}
{"t": 18.16252654300024, "phase": "REACQUIRE", "status": "BEARING_APPROACH", "locked": false, "age": 0.061754703521728516, "bearing": -0.16156163224201522, "distance": 23.295816679648734, "continuous_follow": 0}
{"t": 20.16269809900041, "phase": "FOLLOW", "status": "FOLLOW", "locked": true, "age": 0.06187295913696289, "bearing": -0.18002635280326743, "distance": 16.45478528614777, "continuous_follow": 1.4998973849997128}
{"t": 22.212813117000223, "phase": "FOLLOW", "status": "FOLLOW", "locked": true, "age": 0.0637521743774414, "bearing": -0.1840818900698677, "distance": 11.338771422218715, "continuous_follow": 3.5500124029995277}
{"t": 24.213719716000014, "phase": "FOLLOW", "status": "FOLLOW", "locked": true, "age": 0.06377673149108887, "bearing": -0.09343101077269593, "distance": 7.432578983572391, "continuous_follow": 5.550919001999318}
{"t": 26.26292313200065, "phase": "FOLLOW", "status": "FOLLOW", "locked": true, "age": 0.061879873275756836, "bearing": 0.06582781968451963, "distance": 6.92308157661722, "continuous_follow": 7.600122417999955}
{"t": 28.263368660000197, "phase": "FOLLOW", "status": "FOLLOW", "locked": true, "age": 0.06177687644958496, "bearing": 0.051213940666469344, "distance": 7.043177415487734, "continuous_follow": 9.6005679459995}
{"t": 30.31329258400001, "phase": "FOLLOW", "status": "FOLLOW", "locked": true, "age": 0.06372451782226562, "bearing": 0.13837413606129825, "distance": 7.109996984101149, "continuous_follow": 11.650491869999314}
{"t": 32.362413813000785, "phase": "FOLLOW", "status": "FOLLOW", "locked": true, "age": 0.0567784309387207, "bearing": 0.3812445292818525, "distance": 7.1623433185290635, "continuous_follow": 13.69961309900009}
{"t": 34.3626949290001, "phase": "FOLLOW", "status": "FOLLOW", "locked": true, "age": 0.05682086944580078, "bearing": 0.3285546049440493, "distance": 7.282418729699852, "continuous_follow": 15.699894214999404}
{"t": 36.36299054900064, "phase": "FOLLOW", "status": "FOLLOW", "locked": true, "age": 0.05718111991882324, "bearing": 0.13203577448227885, "distance": 6.847100526349722, "continuous_follow": 17.700189834999946}
{"t": 38.41430624500026, "phase": "FOLLOW", "status": "FOLLOW", "locked": true, "age": 0.05896401405334473, "bearing": 0.07907305780921801, "distance": 6.913094306149436, "continuous_follow": 19.751505530999566}
AUTOMATIC Y after 20 s locked FOLLOW
{"t": 40.462449888000265, "phase": "MINCO_TRACKING", "status": "TRACKING", "locked": true, "age": 0.05686044692993164, "bearing": -0.05303940549857813, "distance": 5.3644439801761195, "continuous_follow": 0}
{"t": 42.46264844400048, "phase": "TERMINAL_MINCO", "status": "SAFE_RECOVERY", "locked": false, "age": Infinity, "bearing": -0.7928385306862208, "distance": Infinity, "continuous_follow": 0}
{"t": 44.462694973, "phase": "SAFE_RECOVERY", "status": "SAFE_RECOVERY", "locked": false, "age": Infinity, "bearing": -0.7928385306862208, "distance": Infinity, "continuous_follow": 0}
{"t": 46.51390346500011, "phase": "SAFE_WAIT", "status": "SAFE_WAIT", "locked": false, "age": Infinity, "bearing": -0.7928385306862208, "distance": Infinity, "continuous_follow": 0}
{"t": 48.56291063200024, "phase": "SAFE_WAIT", "status": "SAFE_WAIT", "locked": false, "age": Infinity, "bearing": -0.7928385306862208, "distance": Infinity, "continuous_follow": 0}
{"t": 50.61264703100005, "phase": "SAFE_WAIT", "status": "SAFE_WAIT", "locked": false, "age": Infinity, "bearing": -0.7928385306862208, "distance": Infinity, "continuous_follow": 0}
{"t": 52.613379721000456, "phase": "SAFE_WAIT", "status": "SAFE_WAIT", "locked": false, "age": Infinity, "bearing": -0.7928385306862208, "distance": Infinity, "continuous_follow": 0}
{"t": 54.662669162000384, "phase": "SAFE_WAIT", "status": "SAFE_WAIT", "locked": false, "age": Infinity, "bearing": -0.7928385306862208, "distance": Infinity, "continuous_follow": 0}
{"t": 56.71419766600047, "phase": "SAFE_WAIT", "status": "SAFE_WAIT", "locked": false, "age": Infinity, "bearing": -0.7928385306862208, "distance": Infinity, "continuous_follow": 0}
{"t": 58.76247283500015, "phase": "SAFE_WAIT", "status": "SAFE_WAIT", "locked": false, "age": Infinity, "bearing": -0.7928385306862208, "distance": Infinity, "continuous_follow": 0}
{"t": 60.76289882600031, "phase": "SAFE_WAIT", "status": "SAFE_WAIT", "locked": false, "age": Infinity, "bearing": -0.7928385306862208, "distance": Infinity, "continuous_follow": 0}
{"t": 62.81311408900001, "phase": "SAFE_WAIT", "status": "SAFE_WAIT", "locked": false, "age": Infinity, "bearing": -0.7928385306862208, "distance": Infinity, "continuous_follow": 0}
{"t": 64.86208918400007, "phase": "SAFE_WAIT", "status": "SAFE_WAIT", "locked": false, "age": Infinity, "bearing": -0.7928385306862208, "distance": Infinity, "continuous_follow": 0}
{"t": 66.86221521300013, "phase": "SAFE_WAIT", "status": "SAFE_WAIT", "locked": false, "age": Infinity, "bearing": -0.7928385306862208, "distance": Infinity, "continuous_follow": 0}
{"t": 68.86231529100041, "phase": "SAFE_WAIT", "status": "SAFE_WAIT", "locked": false, "age": Infinity, "bearing": -0.7928385306862208, "distance": Infinity, "continuous_follow": 0}
{"t": 70.91238188100033, "phase": "SAFE_RECOVERY", "status": "SAFE_RECOVERY", "locked": false, "age": Infinity, "bearing": -0.7928385306862208, "distance": Infinity, "continuous_follow": 0}
{"t": 72.9127473790004, "phase": "SAFE_WAIT", "status": "SAFE_WAIT", "locked": false, "age": Infinity, "bearing": -0.7928385306862208, "distance": Infinity, "continuous_follow": 0}
{"t": 74.91331147500023, "phase": "SAFE_WAIT", "status": "SAFE_WAIT", "locked": false, "age": Infinity, "bearing": -0.7928385306862208, "distance": Infinity, "continuous_follow": 0}
{"t": 76.96205495499999, "phase": "SAFE_WAIT", "status": "SAFE_WAIT", "locked": false, "age": Infinity, "bearing": -0.7928385306862208, "distance": Infinity, "continuous_follow": 0}
{"t": 78.96244362700054, "phase": "SAFE_WAIT", "status": "SAFE_RECOVERY", "locked": false, "age": Infinity, "bearing": -0.7928385306862208, "distance": Infinity, "continuous_follow": 0}
{"t": 80.96344989299996, "phase": "SAFE_WAIT", "status": "SAFE_WAIT", "locked": false, "age": Infinity, "bearing": -0.7928385306862208, "distance": Infinity, "continuous_follow": 0}
{"t": 82.964075547, "phase": "SAFE_WAIT", "status": "SAFE_WAIT", "locked": false, "age": Infinity, "bearing": -0.7928385306862208, "distance": Infinity, "continuous_follow": 0}
{"t": 85.01216315500005, "phase": "SAFE_WAIT", "status": "SAFE_WAIT", "locked": false, "age": Infinity, "bearing": -0.7928385306862208, "distance": Infinity, "continuous_follow": 0}
{"t": 87.01256059800016, "phase": "SAFE_WAIT", "status": "SAFE_WAIT", "locked": false, "age": Infinity, "bearing": -0.7928385306862208, "distance": Infinity, "continuous_follow": 0}
{"t": 89.0623023170001, "phase": "SAFE_WAIT", "status": "SAFE_WAIT", "locked": false, "age": Infinity, "bearing": -0.7928385306862208, "distance": Infinity, "continuous_follow": 0}
{"t": 91.06266762800078, "phase": "SAFE_WAIT", "status": "SAFE_WAIT", "locked": false, "age": Infinity, "bearing": -0.7928385306862208, "distance": Infinity, "continuous_follow": 0}
{"t": 93.06276073200024, "phase": "SAFE_WAIT", "status": "SAFE_WAIT", "locked": false, "age": Infinity, "bearing": -0.7928385306862208, "distance": Infinity, "continuous_follow": 0}
{"t": 95.1122966590001, "phase": "SAFE_WAIT", "status": "SAFE_WAIT", "locked": false, "age": Infinity, "bearing": -0.7928385306862208, "distance": Infinity, "continuous_follow": 0}
{"t": 97.1124752020005, "phase": "SAFE_WAIT", "status": "SAFE_WAIT", "locked": false, "age": Infinity, "bearing": -0.7928385306862208, "distance": Infinity, "continuous_follow": 0}
{"t": 99.11319717900005, "phase": "SAFE_WAIT", "status": "SAFE_WAIT", "locked": false, "age": Infinity, "bearing": -0.7928385306862208, "distance": Infinity, "continuous_follow": 0}
{"t": 101.16308842900071, "phase": "SAFE_WAIT", "status": "SAFE_WAIT", "locked": false, "age": Infinity, "bearing": -0.7928385306862208, "distance": Infinity, "continuous_follow": 0}
{"t": 103.2124219870002, "phase": "SAFE_WAIT", "status": "SAFE_WAIT", "locked": false, "age": Infinity, "bearing": -0.7928385306862208, "distance": Infinity, "continuous_follow": 0}
{"t": 105.2135870940001, "phase": "SAFE_WAIT", "status": "SAFE_WAIT", "locked": false, "age": Infinity, "bearing": -0.7928385306862208, "distance": Infinity, "continuous_follow": 0}
{"t": 107.26541139000074, "phase": "SAFE_WAIT", "status": "SAFE_WAIT", "locked": false, "age": Infinity, "bearing": -0.7928385306862208, "distance": Infinity, "continuous_follow": 0}
{"t": 109.31313814500027, "phase": "SAFE_WAIT", "status": "SAFE_WAIT", "locked": false, "age": Infinity, "bearing": -0.7928385306862208, "distance": Infinity, "continuous_follow": 0}
{"t": 111.36228183799994, "phase": "SAFE_WAIT", "status": "SAFE_RECOVERY", "locked": false, "age": Infinity, "bearing": -0.7928385306862208, "distance": Infinity, "continuous_follow": 0}
{"t": 113.36361165200015, "phase": "SAFE_WAIT", "status": "SAFE_WAIT", "locked": false, "age": Infinity, "bearing": -0.7928385306862208, "distance": Infinity, "continuous_follow": 0}
{"t": 115.41268383100032, "phase": "SAFE_RECOVERY", "status": "SAFE_RECOVERY", "locked": false, "age": Infinity, "bearing": -0.7928385306862208, "distance": Infinity, "continuous_follow": 0}
{"t": 117.46333468400007, "phase": "SAFE_WAIT", "status": "SAFE_WAIT", "locked": false, "age": Infinity, "bearing": -0.7928385306862208, "distance": Infinity, "continuous_follow": 0}
{"t": 119.46425363300023, "phase": "SAFE_WAIT", "status": "SAFE_WAIT", "locked": false, "age": Infinity, "bearing": -0.7928385306862208, "distance": Infinity, "continuous_follow": 0}
{"t": 121.51278584500051, "phase": "SAFE_WAIT", "status": "SAFE_WAIT", "locked": false, "age": Infinity, "bearing": -0.7928385306862208, "distance": Infinity, "continuous_follow": 0}
