{"t": 0.9079485370002658, "phase": "GROUND_HOLD", "status": "GROUND_HOLD", "locked": true, "age": 0.06111335754394531, "bearing": -0.001852067976589872, "distance": 8.061927848489525, "continuous_follow": 0}
{"t": 2.9569862190001004, "phase": "GROUND_HOLD", "status": "GROUND_HOLD", "locked": true, "age": 0.0629115104675293, "bearing": -0.001852067976589872, "distance": 8.052730879957902, "continuous_follow": 0}
{"t": 5.0066320820005785, "phase": "GROUND_HOLD", "status": "GROUND_HOLD", "locked": true, "age": 0.06094837188720703, "bearing": -0.001852067976589872, "distance": 8.061448868076358, "continuous_follow": 0}
{"t": 7.007022777000202, "phase": "GROUND_HOLD", "status": "GROUND_HOLD", "locked": true, "age": 0.06109929084777832, "bearing": -0.001852067976589872, "distance": 8.061629210729635, "continuous_follow": 0}
{"t": 9.056921013000647, "phase": "GROUND_HOLD", "status": "GROUND_HOLD", "locked": true, "age": 0.06295251846313477, "bearing": -0.001852067976589872, "distance": 8.058021253238298, "continuous_follow": 0}
{"t": 11.10775240500061, "phase": "TAKEOFF", "status": "TAKEOFF", "locked": true, "age": 0.061002492904663086, "bearing": 0.04922075993530299, "distance": 8.062805851170147, "continuous_follow": 0}
{"t": 13.156802565000362, "phase": "TAKEOFF", "status": "TAKEOFF", "locked": true, "age": 0.06299686431884766, "bearing": 0.5111303228611783, "distance": 9.294626031749749, "continuous_follow": 0}
{"t": 15.157045660999756, "phase": "TAKEOFF", "status": "TAKEOFF", "locked": false, "age": Infinity, "bearing": 0.8670117684456614, "distance": Infinity, "continuous_follow": 0}
{"t": 17.207713458999933, "phase": "TAKEOFF", "status": "TAKEOFF", "locked": false, "age": 0.06103777885437012, "bearing": 0.18738133402322152, "distance": 23.58694303155721, "continuous_follow": 0}
{"t": 19.25665915599984, "phase": "REACQUIRE", "status": "BEARING_APPROACH", "locked": false, "age": Infinity, "bearing": -0.085398586419054, "distance": Infinity, "continuous_follow": 0}
{"t": 21.256861552000373, "phase": "REACQUIRE", "status": "BEARING_APPROACH", "locked": false, "age": Infinity, "bearing": -0.10517842594408612, "distance": Infinity, "continuous_follow": 0}
{"t": 23.30818126899976, "phase": "FOLLOW", "status": "FOLLOW", "locked": true, "age": 0.06106162071228027, "bearing": -0.14971216375237154, "distance": 24.54812175823927, "continuous_follow": 0.3511882609991517}
{"t": 25.357590730000084, "phase": "FOLLOW", "status": "FOLLOW", "locked": true, "age": 0.0629415512084961, "bearing": -0.16424354227239124, "distance": 17.250492397025365, "continuous_follow": 2.4005977219994747}
{"t": 27.407436524999866, "phase": "FOLLOW", "status": "FOLLOW", "locked": true, "age": 0.06099367141723633, "bearing": -0.18182931494852697, "distance": 11.856310257890202, "continuous_follow": 4.4504435169992576}
{"t": 29.4087309610004, "phase": "FOLLOW", "status": "FOLLOW", "locked": true, "age": 0.061971187591552734, "bearing": -0.11000091652326126, "distance": 7.760581115367104, "continuous_follow": 6.4517379529997925}
{"t": 31.457870969000396, "phase": "FOLLOW", "status": "FOLLOW", "locked": true, "age": 0.06302523612976074, "bearing": 0.06881677754696618, "distance": 6.907709675344174, "continuous_follow": 8.500877960999787}
{"t": 33.50705631800065, "phase": "FOLLOW", "status": "FOLLOW", "locked": true, "age": 0.05594134330749512, "bearing": 0.05954686537914578, "distance": 7.061907906442426, "continuous_follow": 10.550063310000041}
{"t": 35.557401562999985, "phase": "FOLLOW", "status": "FOLLOW", "locked": true, "age": 0.05798840522766113, "bearing": 0.14147233106384288, "distance": 7.183950503053759, "continuous_follow": 12.600408554999376}
{"t": 37.607128460999775, "phase": "FOLLOW", "status": "FOLLOW", "locked": true, "age": 0.05591130256652832, "bearing": 0.3949431967838608, "distance": 7.175723644875245, "continuous_follow": 14.650135452999166}
{"t": 39.6106256740004, "phase": "REACQUIRE", "status": "BEARING_APPROACH", "locked": false, "age": 0.12878203392028809, "bearing": 0.41747129745444445, "distance": Infinity, "continuous_follow": 0}
{"t": 41.65724361299999, "phase": "FOLLOW", "status": "FOLLOW", "locked": true, "age": 0.09024524688720703, "bearing": 0.13847142237756124, "distance": 9.859008009173786, "continuous_follow": 0.45046546699995815}
{"t": 43.65835832900029, "phase": "FOLLOW", "status": "FOLLOW", "locked": true, "age": 0.0907595157623291, "bearing": 0.22172636550170027, "distance": 6.6814840048142425, "continuous_follow": 2.45158018300026}
{"t": 45.70677521000016, "phase": "FOLLOW", "status": "FOLLOW", "locked": true, "age": 0.04007840156555176, "bearing": 0.0751191827544596, "distance": 6.709684020818707, "continuous_follow": 4.499997064000127}
{"t": 47.7080496210001, "phase": "FOLLOW", "status": "FOLLOW", "locked": true, "age": 0.040105581283569336, "bearing": 0.2675722698722818, "distance": 6.783727500191137, "continuous_follow": 6.501271475000067}
{"t": 49.75726744900021, "phase": "FOLLOW", "status": "FOLLOW", "locked": true, "age": 0.03824424743652344, "bearing": 0.43325748684146553, "distance": 6.970004255511564, "continuous_follow": 8.550489303000177}
{"t": 51.80802068400044, "phase": "FOLLOW", "status": "FOLLOW", "locked": true, "age": 0.04013395309448242, "bearing": 0.19341387735834026, "distance": 6.957366176148597, "continuous_follow": 10.601242538000406}
{"t": 53.8095107879999, "phase": "FOLLOW", "status": "FOLLOW", "locked": true, "age": 0.04009437561035156, "bearing": 0.036615030081036455, "distance": 6.801576164255564, "continuous_follow": 12.602732641999864}
{"t": 55.85700130100031, "phase": "FOLLOW", "status": "FOLLOW", "locked": true, "age": 0.03817939758300781, "bearing": 0.03210123924152152, "distance": 6.858682896578278, "continuous_follow": 14.650223155000276}
{"t": 57.858786337999845, "phase": "FOLLOW", "status": "FOLLOW", "locked": true, "age": 0.03824353218078613, "bearing": 0.02688283613030192, "distance": 6.889146256806317, "continuous_follow": 16.652008191999812}
{"t": 59.90753919600047, "phase": "FOLLOW", "status": "FOLLOW", "locked": true, "age": 0.04011845588684082, "bearing": 0.019879432465920485, "distance": 7.026306204881358, "continuous_follow": 18.700761050000438}
{"t": 61.90830897400065, "phase": "FOLLOW", "status": "FOLLOW", "locked": true, "age": 0.04015064239501953, "bearing": -0.01079781043467468, "distance": 7.012932958065685, "continuous_follow": 20.701530828000614}
{"t": 63.95759035999981, "phase": "FOLLOW", "status": "FOLLOW", "locked": true, "age": 0.0902712345123291, "bearing": -0.055242511473162545, "distance": 7.0194111200281855, "continuous_follow": 22.75081221399978}
{"t": 66.00845136000044, "phase": "FOLLOW", "status": "FOLLOW", "locked": true, "age": 0.04019665718078613, "bearing": -0.1528754487731794, "distance": 7.0512707458729995, "continuous_follow": 24.801673214000402}
{"t": 68.05753281899979, "phase": "FOLLOW", "status": "FOLLOW", "locked": true, "age": 0.09029507637023926, "bearing": -0.3956148635646193, "distance": 7.029383830517824, "continuous_follow": 26.850754672999756}
{"t": 70.10672930100009, "phase": "FOLLOW", "status": "FOLLOW", "locked": true, "age": 0.04009366035461426, "bearing": -0.3244751014751908, "distance": 7.126380070596126, "continuous_follow": 28.899951155000053}
{"t": 72.10686197799987, "phase": "FOLLOW", "status": "FOLLOW", "locked": true, "age": 0.08377814292907715, "bearing": -0.11472795310255769, "distance": 6.833077792759996, "continuous_follow": 30.900083831999837}
{"t": 74.11723528899984, "phase": "FOLLOW", "status": "FOLLOW", "locked": true, "age": 0.07688474655151367, "bearing": -0.08045486852517024, "distance": 6.887023904653192, "continuous_follow": 32.9104571429998}
{"t": 76.15889188300025, "phase": "FOLLOW", "status": "FOLLOW", "locked": true, "age": 0.07646036148071289, "bearing": -0.13306646672412417, "distance": 6.874525773331291, "continuous_follow": 1.8519230319998314}
{"t": 78.20746155000052, "phase": "FOLLOW", "status": "FOLLOW", "locked": true, "age": 0.06948208808898926, "bearing": -0.26154117534558735, "distance": 6.969135966297849, "continuous_follow": 3.9004926990000968}
{"t": 80.21070039000006, "phase": "FOLLOW", "status": "FOLLOW", "locked": true, "age": 0.07108712196350098, "bearing": -0.4449122210956976, "distance": 7.112502899713685, "continuous_follow": 5.9037315389996365}
{"t": 82.21247871800006, "phase": "FOLLOW", "status": "FOLLOW", "locked": true, "age": 0.06950545310974121, "bearing": -0.19339618305311032, "distance": 7.008395048534304, "continuous_follow": 7.905509866999637}
{"t": 84.2576963270003, "phase": "FOLLOW", "status": "FOLLOW", "locked": true, "age": 0.07129669189453125, "bearing": -0.036021171762526616, "distance": 6.876342418812597, "continuous_follow": 9.950727475999884}
{"t": 86.30799089300035, "phase": "FOLLOW", "status": "FOLLOW", "locked": true, "age": 0.07003259658813477, "bearing": -0.02188240680734773, "distance": 6.90470553759303, "continuous_follow": 12.001022041999931}
{"t": 88.35939536700062, "phase": "FOLLOW", "status": "FOLLOW", "locked": true, "age": 0.07136678695678711, "bearing": -0.022179583898781, "distance": 6.9752244734437445, "continuous_follow": 14.052426516000196}
{"t": 90.4081225760001, "phase": "FOLLOW", "status": "FOLLOW", "locked": true, "age": 0.06956267356872559, "bearing": -0.008336270886514088, "distance": 7.037868084583815, "continuous_follow": 16.101153724999676}
{"t": 92.4094083050004, "phase": "FOLLOW", "status": "FOLLOW", "locked": true, "age": 0.06946897506713867, "bearing": 0.02511314758633572, "distance": 7.097539420525682, "continuous_follow": 18.102439453999978}
{"t": 94.41040582200003, "phase": "FOLLOW", "status": "FOLLOW", "locked": true, "age": 0.07024812698364258, "bearing": 0.05433387938243248, "distance": 7.142278796524115, "continuous_follow": 20.10343697099961}
{"t": 96.45854223700007, "phase": "FOLLOW", "status": "FOLLOW", "locked": true, "age": 0.07130265235900879, "bearing": 0.14519374608055668, "distance": 7.096907182175999, "continuous_follow": 22.151573385999654}
{"t": 98.50913474800018, "phase": "FOLLOW", "status": "FOLLOW", "locked": true, "age": 0.06997179985046387, "bearing": 0.39366196057307556, "distance": 7.177246558183989, "continuous_follow": 24.20216589699976}
{"t": 100.55731940900023, "phase": "FOLLOW", "status": "FOLLOW", "locked": true, "age": 0.07145285606384277, "bearing": 0.3139665941127426, "distance": 7.126637184905725, "continuous_follow": 26.25035055799981}
